Component: Arm Compiler for Embedded 6.19 Tool: armlink [5e73cb00]

==============================================================================

Section Cross References

    main.o(.text.EINT0_IRQHandler) refers to main.o(.bss.evtFlags) for evtFlags
    main.o(.text.EINT0_IRQHandler) refers to rtx_evflags.o(.text.osEventFlagsSet) for osEventFlagsSet
    main.o(.ARM.exidx.text.EINT0_IRQHandler) refers to main.o(.text.EINT0_IRQHandler) for [Anonymous Symbol]
    main.o(.text.HardFault_Handler) refers to led_open1768.o(.text.LED_Initialize) for LED_Initialize
    main.o(.text.HardFault_Handler) refers to led_open1768.o(.text.LED_SetOut) for LED_SetOut
    main.o(.text.HardFault_Handler) refers to led_open1768.o(.text.LED_On) for LED_On
    main.o(.text.HardFault_Handler) refers to led_open1768.o(.text.LED_Off) for LED_Off
    main.o(.ARM.exidx.text.HardFault_Handler) refers to main.o(.text.HardFault_Handler) for [Anonymous Symbol]
    main.o(.text.osRtxErrorNotify) refers to main.o(.rodata.str1.1) for .L.str
    main.o(.text.osRtxErrorNotify) refers to uart_handle.o(.text.uart_printn) for uart_printn
    main.o(.text.osRtxErrorNotify) refers to uart_handle.o(.text.uart2_puts_sys) for uart2_puts_sys
    main.o(.ARM.exidx.text.osRtxErrorNotify) refers to main.o(.text.osRtxErrorNotify) for [Anonymous Symbol]
    main.o(.text.app_main) refers to led_open1768.o(.text.LED_On) for LED_On
    main.o(.text.app_main) refers to led_open1768.o(.text.LED_Off) for LED_Off
    main.o(.text.app_main) refers to eth_handle.o(.bss.eth_init_flags) for eth_init_flags
    main.o(.text.app_main) refers to rtx_evflags.o(.text.osEventFlagsWait) for osEventFlagsWait
    main.o(.text.app_main) refers to rtx_delay.o(.text.osDelay) for osDelay
    main.o(.text.app_main) refers to main.o(.bss.in_q) for in_q
    main.o(.text.app_main) refers to main.o(.bss.out_q) for out_q
    main.o(.text.app_main) refers to uart_handle.o(.text.initialize_uart_int) for initialize_uart_int
    main.o(.text.app_main) refers to layer_void.o(.text.init_pipeline) for init_pipeline
    main.o(.text.app_main) refers to if_dispatcher.o(.text.tick_dispatcher) for tick_dispatcher
    main.o(.ARM.exidx.text.app_main) refers to main.o(.text.app_main) for [Anonymous Symbol]
    main.o(.text.main) refers to system_lpc17xx.o(.text.SystemCoreClockUpdate) for SystemCoreClockUpdate
    main.o(.text.main) refers to led_open1768.o(.text.LED_Initialize) for LED_Initialize
    main.o(.text.main) refers to led_open1768.o(.text.LED_SetOut) for LED_SetOut
    main.o(.text.main) refers to uart_handle.o(.text.initialize_uart_per) for initialize_uart_per
    main.o(.text.main) refers to rtx_kernel.o(.text.osKernelInitialize) for osKernelInitialize
    main.o(.text.main) refers to slab_alloc.o(.text.slab_init) for slab_init
    main.o(.text.main) refers to rtx_msgqueue.o(.text.osMessageQueueNew) for osMessageQueueNew
    main.o(.text.main) refers to main.o(.bss.in_q) for in_q
    main.o(.text.main) refers to main.o(.bss.out_q) for out_q
    main.o(.text.main) refers to eth_handle.o(.text.initialize_eth_int) for initialize_eth_int
    main.o(.text.main) refers to main.o(.rodata..L__const.main.main_attr) for .L__const.main.main_attr
    main.o(.text.main) refers to main.o(.text.app_main) for app_main
    main.o(.text.main) refers to rtx_thread.o(.text.osThreadNew) for osThreadNew
    main.o(.text.main) refers to rtx_kernel.o(.text.osKernelGetState) for osKernelGetState
    main.o(.text.main) refers to rtx_kernel.o(.text.osKernelStart) for osKernelStart
    main.o(.text.main) refers to main.o(.rodata.str1.1) for .L.str.4
    main.o(.text.main) refers to printf.o(.text) for printf
    main.o(.ARM.exidx.text.main) refers to main.o(.text.main) for [Anonymous Symbol]
    main.o(.rodata..L__const.main.main_attr) refers to main.o(.rodata.str1.1) for [Anonymous Symbol]
    string_extra.o(.ARM.exidx.text.itoa_dec) refers to string_extra.o(.text.itoa_dec) for [Anonymous Symbol]
    string_extra.o(.text.itoa_hex) refers to string_extra.o(.rodata.str1.1) for .L__const.itoa_hex.hex_chars
    string_extra.o(.text.itoa_hex) refers to rt_memcpy_v6.o(.text) for __aeabi_memcpy
    string_extra.o(.ARM.exidx.text.itoa_hex) refers to string_extra.o(.text.itoa_hex) for [Anonymous Symbol]
    string_extra.o(.text.itoa) refers to string_extra.o(.text.itoa_dec) for itoa_dec
    string_extra.o(.text.itoa) refers to string_extra.o(.text.itoa_hex) for itoa_hex
    string_extra.o(.ARM.exidx.text.itoa) refers to string_extra.o(.text.itoa) for [Anonymous Symbol]
    string_extra.o(.ARM.exidx.text.strnlen) refers to string_extra.o(.text.strnlen) for [Anonymous Symbol]
    uart_handle.o(.text.UART_signal_event) refers to uart_handle.o(.bss.uart_flags) for uart_flags
    uart_handle.o(.text.UART_signal_event) refers to rtx_evflags.o(.text.osEventFlagsSet) for osEventFlagsSet
    uart_handle.o(.ARM.exidx.text.UART_signal_event) refers to uart_handle.o(.text.UART_signal_event) for [Anonymous Symbol]
[...]
    0x00009b08   0x00009b08   0x000002be   Code   RO           89    .text.eth_init_worker  eth_handle.o
    0x00009dc6   0x00009dc6   0x00000002   PAD
    0x00009dc8   0x00009dc8   0x0000003c   Code   RO          983    .text.etharp_acd_announce  etharp.o
    0x00009e04   0x00009e04   0x00000042   Code   RO          981    .text.etharp_acd_probe  etharp.o
    0x00009e46   0x00009e46   0x00000002   PAD
    0x00009e48   0x00009e48   0x00000410   Code   RO          963    .text.etharp_find_entry  etharp.o
    0x0000a258   0x0000a258   0x000000a0   Code   RO          955    .text.etharp_free_entry  etharp.o
    0x0000a2f8   0x0000a2f8   0x00000172   Code   RO          967    .text.etharp_input  etharp.o
    0x0000a46a   0x0000a46a   0x00000002   PAD
    0x0000a46c   0x0000a46c   0x0000027a   Code   RO          973    .text.etharp_output  etharp.o
    0x0000a6e6   0x0000a6e6   0x00000002   PAD
    0x0000a6e8   0x0000a6e8   0x0000015e   Code   RO          975    .text.etharp_output_to_arp_index  etharp.o
    0x0000a846   0x0000a846   0x00000002   PAD
    0x0000a848   0x0000a848   0x000003b6   Code   RO          977    .text.etharp_query  etharp.o
    0x0000abfe   0x0000abfe   0x00000002   PAD
    0x0000ac00   0x0000ac00   0x00000192   Code   RO          971    .text.etharp_raw    etharp.o
    0x0000ad92   0x0000ad92   0x00000002   PAD
    0x0000ad94   0x0000ad94   0x00000020   Code   RO          957    .text.etharp_request  etharp.o
    0x0000adb4   0x0000adb4   0x0000003c   Code   RO          979    .text.etharp_request_dst  etharp.o
    0x0000adf0   0x0000adf0   0x00000158   Code   RO          953    .text.etharp_tmr    etharp.o
    0x0000af48   0x0000af48   0x00000168   Code   RO          969    .text.etharp_update_arp_entry  etharp.o
    0x0000b0b0   0x0000b0b0   0x0000016a   Code   RO         1648    .text.ethernet_input  ethernet.o
    0x0000b21a   0x0000b21a   0x00000002   PAD
    0x0000b21c   0x0000b21c   0x000000ca   Code   RO         1650    .text.ethernet_output  ethernet.o
    0x0000b2e6   0x0000b2e6   0x00000002   PAD
    0x0000b2e8   0x0000b2e8   0x000000d8   Code   RO         1668    .text.ethernetif_check_link  ethernetif.o
    0x0000b3c0   0x0000b3c0   0x0000007c   Code   RO         1662    .text.ethernetif_init  ethernetif.o
    0x0000b43c   0x0000b43c   0x00000056   Code   RO         1672    .text.ethernetif_input  ethernetif.o
    0x0000b492   0x0000b492   0x00000002   PAD
    0x0000b494   0x0000b494   0x00000040   Code   RO         1670    .text.ethernetif_poll  ethernetif.o
    0x0000b4d4   0x0000b4d4   0x00000050   Code   RO          153    .text.find_free_index  slab_alloc.o
    0x0000b524   0x0000b524   0x0000001a   Code   RO          996    .text.icmp_dest_unreach  icmp.o
    0x0000b53e   0x0000b53e   0x00000002   PAD
    0x0000b540   0x0000b540   0x00000368   Code   RO          994    .text.icmp_input    icmp.o
    0x0000b8a8   0x0000b8a8   0x00000120   Code   RO          998    .text.icmp_send_response  icmp.o
    0x0000b9c8   0x0000b9c8   0x0000001e   Code   RO          808    .text.inet_chksum   inet_chksum.o
    0x0000b9e6   0x0000b9e6   0x00000002   PAD
    0x0000b9e8   0x0000b9e8   0x0000007a   Code   RO          810    .text.inet_chksum_pbuf  inet_chksum.o
    0x0000ba62   0x0000ba62   0x00000002   PAD
    0x0000ba64   0x0000ba64   0x0000006c   Code   RO          796    .text.inet_chksum_pseudo  inet_chksum.o
    0x0000bad0   0x0000bad0   0x000000be   Code   RO          798    .text.inet_cksum_pseudo_base  inet_chksum.o
    0x0000bb8e   0x0000bb8e   0x00000002   PAD
    0x0000bb90   0x0000bb90   0x00000096   Code   RO          186    .text.init_pipeline  layer_void.o
    0x0000bc26   0x0000bc26   0x00000002   PAD
    0x0000bc28   0x0000bc28   0x000000a0   Code   RO          446    .text.init_rx_desc  emac_lpc17xx.o
    0x0000bcc8   0x0000bcc8   0x00000090   Code   RO          448    .text.init_tx_desc  emac_lpc17xx.o
    0x0000bd58   0x0000bd58   0x00000092   Code   RO           87    .text.initialize_eth_int  eth_handle.o
    0x0000bdea   0x0000bdea   0x00000002   PAD
    0x0000bdec   0x0000bdec   0x0000002a   Code   RO          242    .text.initialize_tcp_srv_threadctx  tcp_server.o
    0x0000be16   0x0000be16   0x00000002   PAD
    0x0000be18   0x0000be18   0x00000116   Code   RO           59    .text.initialize_uart_int  uart_handle.o
    0x0000bf2e   0x0000bf2e   0x00000002   PAD
    0x0000bf30   0x0000bf30   0x000000ce   Code   RO           51    .text.initialize_uart_per  uart_handle.o
    0x0000bffe   0x0000bffe   0x00000002   PAD
    0x0000c000   0x0000c000   0x00000064   Code   RO          462    .text.input_MDIO    emac_lpc17xx.o
    0x0000c064   0x0000c064   0x00000084   Code   RO         1034    .text.ip4_addr_isbroadcast_u32  ip4_addr.o
    0x0000c0e8   0x0000c0e8   0x0000003e   Code   RO         1013    .text.ip4_debug_print  ip4.o
    0x0000c126   0x0000c126   0x00000002   PAD
    0x0000c128   0x0000c128   0x000003f4   Code   RO         1011    .text.ip4_input     ip4.o
    0x0000c51c   0x0000c51c   0x0000006a   Code   RO         1015    .text.ip4_input_accept  ip4.o
    0x0000c586   0x0000c586   0x00000002   PAD
    0x0000c588   0x0000c588   0x0000006e   Code   RO         1017    .text.ip4_output_if  ip4.o
    0x0000c5f6   0x0000c5f6   0x00000002   PAD
    0x0000c5f8   0x0000c5f8   0x00000232   Code   RO         1019    .text.ip4_output_if_src  ip4.o
    0x0000c82a   0x0000c82a   0x00000002   PAD
    0x0000c82c   0x0000c82c   0x000000ae   Code   RO         1009    .text.ip4_route     ip4.o
    0x0000c8da   0x0000c8da   0x00000002   PAD
    0x0000c8dc   0x0000c8dc   0x000002aa   Code   RO         1040    .text.ip4addr_aton  ip4_addr.o
    0x0000cb86   0x0000cb86   0x00000002   PAD
    0x0000cb88   0x0000cb88   0x0000001a   Code   RO         1044    .text.ip4addr_ntoa  ip4_addr.o
    0x0000cba2   0x0000cba2   0x00000002   PAD
    0x0000cba4   0x0000cba4   0x00000100   Code   RO         1046    .text.ip4addr_ntoa_r  ip4_addr.o
    0x0000cca4   0x0000cca4   0x00000032   Code   RO          800    .text.ip_chksum_pseudo  inet_chksum.o
    0x0000ccd6   0x0000ccd6   0x00000002   PAD
    0x0000ccd8   0x0000ccd8   0x00000040   Code   RO           31    .text.itoa          string_extra.o
    0x0000cd18   0x0000cd18   0x000000f2   Code   RO           27    .text.itoa_dec      string_extra.o
    0x0000ce0a   0x0000ce0a   0x00000002   PAD
    0x0000ce0c   0x0000ce0c   0x000000ca   Code   RO           29    .text.itoa_hex      string_extra.o
    0x0000ced6   0x0000ced6   0x00000002   PAD
    0x0000ced8   0x0000ced8   0x00000040   Code   RO           85    .text.link_callback  eth_handle.o
    0x0000cf18   0x0000cf18   0x0000011e   Code   RO         1666    .text.low_level_init  ethernetif.o
    0x0000d036   0x0000d036   0x00000002   PAD
    0x0000d038   0x0000d038   0x000000b2   Code   RO         1676    .text.low_level_input  ethernetif.o
    0x0000d0ea   0x0000d0ea   0x00000002   PAD
    0x0000d0ec   0x0000d0ec   0x00000068   Code   RO         1664    .text.low_level_output  ethernetif.o
    0x0000d154   0x0000d154   0x0000007a   Code   RO         1579    .text.lwip_cyclic_timer  timeouts.o
    0x0000d1ce   0x0000d1ce   0x00000002   PAD
    0x0000d1d0   0x0000d1d0   0x00000020   Code   RO          774    .text.lwip_htonl    def.o
    0x0000d1f0   0x0000d1f0   0x00000010   Code   RO          772    .text.lwip_htons    def.o
    0x0000d200   0x0000d200   0x00000030   Code   RO          820    .text.lwip_init     init.o
    0x0000d230   0x0000d230   0x0000001a   Code   RO           81    .text.lwip_init_cb  eth_handle.o
    0x0000d24a   0x0000d24a   0x00000002   PAD
    0x0000d24c   0x0000d24c   0x000000a8   Code   RO          794    .text.lwip_standard_chksum  inet_chksum.o
    0x0000d2f4   0x0000d2f4   0x00000110   Code   RO           12    .text.main          main.o
    0x0000d404   0x0000d404   0x0000016c   Code   RO         1068    .text.mem_free      mem.o
    0x0000d570   0x0000d570   0x000000ae   Code   RO         1064    .text.mem_init      mem.o
    0x0000d61e   0x0000d61e   0x00000002   PAD
    0x0000d620   0x0000d620   0x0000008a   Code   RO         1070    .text.mem_link_valid  mem.o
    0x0000d6aa   0x0000d6aa   0x00000002   PAD
    0x0000d6ac   0x0000d6ac   0x00000348   Code   RO         1078    .text.mem_malloc    mem.o
    0x0000d9f4   0x0000d9f4   0x000000f6   Code   RO         1060    .text.mem_overflow_check_raw  mem.o
    0x0000daea   0x0000daea   0x00000002   PAD
    0x0000daec   0x0000daec   0x00000030   Code   RO         1062    .text.mem_overflow_init_raw  mem.o
    0x0000db1c   0x0000db1c   0x00000018   Code   RO         1076    .text.mem_to_ptr    mem.o
    0x0000db34   0x0000db34   0x0000033a   Code   RO         1074    .text.mem_trim      mem.o
    0x0000de6e   0x0000de6e   0x00000002   PAD
    0x0000de70   0x0000de70   0x0000004e   Code   RO         1111    .text.memp_free     memp.o
    0x0000debe   0x0000debe   0x00000002   PAD
    0x0000dec0   0x0000dec0   0x0000003c   Code   RO         1099    .text.memp_init     memp.o
    0x0000defc   0x0000defc   0x0000005e   Code   RO         1095    .text.memp_init_pool  memp.o
    0x0000df5a   0x0000df5a   0x00000002   PAD
    0x0000df5c   0x0000df5c   0x00000056   Code   RO         1105    .text.memp_malloc_fn  memp.o
    0x0000dfb2   0x0000dfb2   0x00000002   PAD
    0x0000dfb4   0x0000dfb4   0x00000022   Code   RO         1113    .text.memp_overflow_check_element  memp.o
    0x0000dfd6   0x0000dfd6   0x00000002   PAD
    0x0000dfd8   0x0000dfd8   0x00000018   Code   RO         1097    .text.memp_overflow_init_element  memp.o
    0x0000dff0   0x0000dff0   0x0000004c   Code   RO         1701    .text.ms2tick       sys_arch.o
    0x0000e03c   0x0000e03c   0x0000016a   Code   RO         1160    .text.netif_add     netif.o
    0x0000e1a6   0x0000e1a6   0x00000002   PAD
    0x0000e1a8   0x0000e1a8   0x00000024   Code   RO         1180    .text.netif_do_ip_addr_changed  netif.o
    0x0000e1cc   0x0000e1cc   0x00000046   Code   RO         1176    .text.netif_do_set_gw  netif.o
    0x0000e212   0x0000e212   0x00000002   PAD
    0x0000e214   0x0000e214   0x000000f2   Code   RO         1168    .text.netif_do_set_ipaddr  netif.o
    0x0000e306   0x0000e306   0x00000002   PAD
    0x0000e308   0x0000e308   0x00000046   Code   RO         1172    .text.netif_do_set_netmask  netif.o
    0x0000e34e   0x0000e34e   0x00000002   PAD
    0x0000e350   0x0000e350   0x00000048   Code   RO         1204    .text.netif_get_by_index  netif.o
    0x0000e398   0x0000e398   0x00000002   Code   RO         1154    .text.netif_init    netif.o
    0x0000e39a   0x0000e39a   0x00000002   PAD
    0x0000e39c   0x0000e39c   0x00000074   Code   RO         1188    .text.netif_issue_reports  netif.o
    0x0000e410   0x0000e410   0x00000010   Code   RO         1162    .text.netif_null_output_ip4  netif.o
    0x0000e420   0x0000e420   0x000000bc   Code   RO         1164    .text.netif_set_addr  netif.o
    0x0000e4dc   0x0000e4dc   0x00000022   Code   RO         1184    .text.netif_set_default  netif.o
    0x0000e4fe   0x0000e4fe   0x00000002   PAD
    0x0000e500   0x0000e500   0x00000018   Code   RO         1196    .text.netif_set_link_callback  netif.o
    0x0000e518   0x0000e518   0x00000062   Code   RO         1194    .text.netif_set_link_down  netif.o
    0x0000e57a   0x0000e57a   0x00000002   PAD
    0x0000e57c   0x0000e57c   0x0000006a   Code   RO         1192    .text.netif_set_link_up  netif.o
    0x0000e5e6   0x0000e5e6   0x00000002   PAD
    0x0000e5e8   0x0000e5e8   0x00000018   Code   RO         1190    .text.netif_set_status_callback  netif.o
    0x0000e600   0x0000e600   0x00000062   Code   RO         1186    .text.netif_set_up  netif.o
    0x0000e662   0x0000e662   0x00000002   PAD
    0x0000e664   0x0000e664   0x00000034   Code   RO           93    .text.netw          eth_handle.o
    0x0000e698   0x0000e698   0x00000024   Code   RO         1938    .text.osDelay       RTX_CM3.lib(rtx_delay.o)
    0x0000e6bc   0x0000e6bc   0x00000024   Code   RO         1961    .text.osEventFlagsClear  RTX_CM3.lib(rtx_evflags.o)
    0x0000e6e0   0x0000e6e0   0x00000024   Code   RO         1971    .text.osEventFlagsDelete  RTX_CM3.lib(rtx_evflags.o)
    0x0000e704   0x0000e704   0x00000024   Code   RO         1955    .text.osEventFlagsNew  RTX_CM3.lib(rtx_evflags.o)
    0x0000e728   0x0000e728   0x0000004c   Code   RO         1959    .text.osEventFlagsSet  RTX_CM3.lib(rtx_evflags.o)
    0x0000e774   0x0000e774   0x00000054   Code   RO         1969    .text.osEventFlagsWait  RTX_CM3.lib(rtx_evflags.o)
    0x0000e7c8   0x0000e7c8   0x0000002c   Code   RO         1748    .text.osKernelGetState  RTX_CM3.lib(rtx_kernel.o)
    0x0000e7f4   0x0000e7f4   0x00000024   Code   RO         1772    .text.osKernelGetSysTimerCount  RTX_CM3.lib(rtx_kernel.o)
    0x0000e818   0x0000e818   0x00000024   Code   RO         1776    .text.osKernelGetSysTimerFreq  RTX_CM3.lib(rtx_kernel.o)
    0x0000e83c   0x0000e83c   0x00000028   Code   RO         1764    .text.osKernelGetTickCount  RTX_CM3.lib(rtx_kernel.o)
    0x0000e864   0x0000e864   0x00000028   Code   RO         1768    .text.osKernelGetTickFreq  RTX_CM3.lib(rtx_kernel.o)
    0x0000e88c   0x0000e88c   0x0000002c   Code   RO         1742    .text.osKernelInitialize  RTX_CM3.lib(rtx_kernel.o)
    0x0000e8b8   0x0000e8b8   0x00000024   Code   RO         1754    .text.osKernelLock  RTX_CM3.lib(rtx_kernel.o)
    0x0000e8dc   0x0000e8dc   0x00000024   Code   RO         1758    .text.osKernelRestoreLock  RTX_CM3.lib(rtx_kernel.o)
    0x0000e900   0x0000e900   0x00000024   Code   RO         1752    .text.osKernelStart  RTX_CM3.lib(rtx_kernel.o)
    0x0000e924   0x0000e924   0x0000006c   Code   RO         2072    .text.osMessageQueueGet  RTX_CM3.lib(rtx_msgqueue.o)
    0x0000e990   0x0000e990   0x00000024   Code   RO         2066    .text.osMessageQueueNew  RTX_CM3.lib(rtx_msgqueue.o)
    0x0000e9b4   0x0000e9b4   0x00000078   Code   RO         2070    .text.osMessageQueuePut  RTX_CM3.lib(rtx_msgqueue.o)
    0x0000ea2c   0x0000ea2c   0x00000024   Code   RO         2002    .text.osMutexAcquire  RTX_CM3.lib(rtx_mutex.o)
    0x0000ea50   0x0000ea50   0x00000024   Code   RO         2008    .text.osMutexDelete  RTX_CM3.lib(rtx_mutex.o)
    0x0000ea74   0x0000ea74   0x00000024   Code   RO         1998    .text.osMutexNew    RTX_CM3.lib(rtx_mutex.o)
    0x0000ea98   0x0000ea98   0x00000024   Code   RO         2004    .text.osMutexRelease  RTX_CM3.lib(rtx_mutex.o)
    0x0000eabc   0x0000eabc   0x00000066   Code   RO            8    .text.osRtxErrorNotify  main.o
    0x0000eb22   0x0000eb22   0x00000032   Code   RO         1975    .text.osRtxEventFlagsPostProcess  RTX_CM3.lib(rtx_evflags.o)
    0x0000eb54   0x0000eb54   0x00000008   Code   RO          371    .text.osRtxIdleThread  rtx_config.o
    0x0000eb5c   0x0000eb5c   0x00000002   Code   RO         1740    .text.osRtxKernelPreInit  RTX_CM3.lib(rtx_kernel.o)
    0x0000eb5e   0x0000eb5e   0x00000080   Code   RO         2171    .text.osRtxMemoryAlloc  RTX_CM3.lib(rtx_memory.o)
    0x0000ebde   0x0000ebde   0x00000052   Code   RO         2173    .text.osRtxMemoryFree  RTX_CM3.lib(rtx_memory.o)
    0x0000ec30   0x0000ec30   0x00000036   Code   RO         2169    .text.osRtxMemoryInit  RTX_CM3.lib(rtx_memory.o)
    0x0000ec66   0x0000ec66   0x0000003a   Code   RO         2186    .text.osRtxMemoryPoolAlloc  RTX_CM3.lib(rtx_mempool.o)
    0x0000eca0   0x0000eca0   0x0000004a   Code   RO         2188    .text.osRtxMemoryPoolFree  RTX_CM3.lib(rtx_mempool.o)
    0x0000ecea   0x0000ecea   0x00000046   Code   RO         2184    .text.osRtxMemoryPoolInit  RTX_CM3.lib(rtx_mempool.o)
    0x0000ed30   0x0000ed30   0x000000ba   Code   RO         2096    .text.osRtxMessageQueuePostProcess  RTX_CM3.lib(rtx_msgqueue.o)
    0x0000edea   0x0000edea   0x0000004a   Code   RO         1996    .text.osRtxMutexOwnerRelease  RTX_CM3.lib(rtx_mutex.o)
    0x0000ee34   0x0000ee34   0x0000008c   Code   RO         2239    .text.osRtxPendSV_Handler  RTX_CM3.lib(rtx_system.o)
    0x0000eec0   0x0000eec0   0x00000070   Code   RO         2241    .text.osRtxPostProcess  RTX_CM3.lib(rtx_system.o)
    0x0000ef30   0x0000ef30   0x00000036   Code   RO         2047    .text.osRtxSemaphorePostProcess  RTX_CM3.lib(rtx_semaphore.o)
    0x0000ef66   0x0000ef66   0x00000002   PAD
    0x0000ef68   0x0000ef68   0x00000034   Code   RO         1825    .text.osRtxThreadBlock  RTX_CM3.lib(rtx_thread.o)
    0x0000ef9c   0x0000ef9c   0x00000084   Code   RO         1833    .text.osRtxThreadDelayInsert  RTX_CM3.lib(rtx_thread.o)
    0x0000f020   0x0000f020   0x00000038   Code   RO         1829    .text.osRtxThreadDelayRemove  RTX_CM3.lib(rtx_thread.o)
    0x0000f058   0x0000f058   0x00000030   Code   RO         1815    .text.osRtxThreadDelayTick  RTX_CM3.lib(rtx_thread.o)
    0x0000f088   0x0000f088   0x00000058   Code   RO         1823    .text.osRtxThreadDispatch  RTX_CM3.lib(rtx_thread.o)
    0x0000f0e0   0x0000f0e0   0x00000054   Code   RO         1909    .text.osRtxThreadFree  RTX_CM3.lib(rtx_thread.o)
    0x0000f134   0x0000f134   0x00000014   Code   RO         1807    .text.osRtxThreadListGet  RTX_CM3.lib(rtx_thread.o)
    0x0000f148   0x0000f148   0x0000002a   Code   RO         1805    .text.osRtxThreadListPut  RTX_CM3.lib(rtx_thread.o)
    0x0000f172   0x0000f172   0x00000014   Code   RO         1811    .text.osRtxThreadListRemove  RTX_CM3.lib(rtx_thread.o)
    0x0000f186   0x0000f186   0x00000028   Code   RO         1809    .text.osRtxThreadListSort  RTX_CM3.lib(rtx_thread.o)
    0x0000f1ae   0x0000f1ae   0x0000002a   Code   RO         1883    .text.osRtxThreadPostProcess  RTX_CM3.lib(rtx_thread.o)
    0x0000f1d8   0x0000f1d8   0x00000010   Code   RO         1813    .text.osRtxThreadReadyPut  RTX_CM3.lib(rtx_thread.o)
    0x0000f1e8   0x0000f1e8   0x00000006   Code   RO         1817    .text.osRtxThreadRegPtr  RTX_CM3.lib(rtx_thread.o)
    0x0000f1ee   0x0000f1ee   0x00000002   PAD
    0x0000f1f0   0x0000f1f0   0x00000028   Code   RO         1821    .text.osRtxThreadStackCheck  RTX_CM3.lib(rtx_thread.o)
    0x0000f218   0x0000f218   0x00000038   Code   RO         1835    .text.osRtxThreadStartup  RTX_CM3.lib(rtx_thread.o)
    0x0000f250   0x0000f250   0x0000000c   Code   RO         1819    .text.osRtxThreadSwitch  RTX_CM3.lib(rtx_thread.o)
    0x0000f25c   0x0000f25c   0x0000003c   Code   RO         1831    .text.osRtxThreadWaitEnter  RTX_CM3.lib(rtx_thread.o)
    0x0000f298   0x0000f298   0x00000024   Code   RO         1827    .text.osRtxThreadWaitExit  RTX_CM3.lib(rtx_thread.o)
    0x0000f2bc   0x0000f2bc   0x00000070   Code   RO         2237    .text.osRtxTick_Handler  RTX_CM3.lib(rtx_system.o)
    0x0000f32c   0x0000f32c   0x0000003c   Code   RO         2128    .text.osRtxTimerThread  RTX_CM3.lib(rtx_timer.o)
    0x0000f368   0x0000f368   0x00000058   Code   RO         2130    .text.osRtxTimerTick  RTX_CM3.lib(rtx_timer.o)
    0x0000f3c0   0x0000f3c0   0x00000054   Code   RO         2035    .text.osSemaphoreAcquire  RTX_CM3.lib(rtx_semaphore.o)
    0x0000f414   0x0000f414   0x00000024   Code   RO         2031    .text.osSemaphoreNew  RTX_CM3.lib(rtx_semaphore.o)
    0x0000f438   0x0000f438   0x00000064   Code   RO         2037    .text.osSemaphoreRelease  RTX_CM3.lib(rtx_semaphore.o)
    0x0000f49c   0x0000f49c   0x0000000c   Code   RO         1867    .text.osThreadExit  RTX_CM3.lib(rtx_thread.o)
    0x0000f4a8   0x0000f4a8   0x00000028   Code   RO         1843    .text.osThreadGetId  RTX_CM3.lib(rtx_thread.o)
    0x0000f4d0   0x0000f4d0   0x00000024   Code   RO         1839    .text.osThreadNew   RTX_CM3.lib(rtx_thread.o)
    0x0000f4f4   0x0000f4f4   0x00000036   Code   RO          334    .text.os_kernel_is_active  rtx_lib.o
    0x0000f52a   0x0000f52a   0x00000002   PAD
    0x0000f52c   0x0000f52c   0x0000005e   Code   RO          458    .text.output_MDIO   emac_lpc17xx.o
    0x0000f58a   0x0000f58a   0x00000002   PAD
    0x0000f58c   0x0000f58c   0x00000042   Code   RO          266    .text.pack_header   command.o
    0x0000f5ce   0x0000f5ce   0x00000002   PAD
    0x0000f5d0   0x0000f5d0   0x00000028   Code   RO          138    .text.pack_uint32   uart_serializer.o
    0x0000f5f8   0x0000f5f8   0x0000025c   Code   RO          118    .text.parse_command  uart_parser.o
    0x0000f854   0x0000f854   0x00000016   Code   RO         1226    .text.pbuf_add_header  pbuf.o
    0x0000f86a   0x0000f86a   0x00000002   PAD
    0x0000f86c   0x0000f86c   0x00000110   Code   RO         1228    .text.pbuf_add_header_impl  pbuf.o
    0x0000f97c   0x0000f97c   0x000002c0   Code   RO         1216    .text.pbuf_alloc    pbuf.o
    0x0000fc3c   0x0000fc3c   0x000000cc   Code   RO         1218    .text.pbuf_alloc_reference  pbuf.o
    0x0000fd08   0x0000fd08   0x000000da   Code   RO         1246    .text.pbuf_cat      pbuf.o
    0x0000fde2   0x0000fde2   0x00000002   PAD
    0x0000fde4   0x0000fde4   0x0000001e   Code   RO         1248    .text.pbuf_chain    pbuf.o
    0x0000fe02   0x0000fe02   0x00000002   PAD
    0x0000fe04   0x0000fe04   0x0000002c   Code   RO         1242    .text.pbuf_clen     pbuf.o
    0x0000fe30   0x0000fe30   0x0000007c   Code   RO         1270    .text.pbuf_clone    pbuf.o
    0x0000feac   0x0000feac   0x00000084   Code   RO          246    .text.pbuf_consume_bytes  tcp_server.o
    0x0000ff30   0x0000ff30   0x00000048   Code   RO         1252    .text.pbuf_copy     pbuf.o
    0x0000ff78   0x0000ff78   0x0000013a   Code   RO         1256    .text.pbuf_copy_partial  pbuf.o
    0x000100b2   0x000100b2   0x00000002   PAD
    0x000100b4   0x000100b4   0x00000292   Code   RO         1254    .text.pbuf_copy_partial_pbuf  pbuf.o
    0x00010346   0x00010346   0x00000002   PAD
    0x00010348   0x00010348   0x0000017c   Code   RO         1220    .text.pbuf_free     pbuf.o
    0x000104c4   0x000104c4   0x0000001a   Code   RO         1234    .text.pbuf_header   pbuf.o
    0x000104de   0x000104de   0x00000002   PAD
    0x000104e0   0x000104e0   0x0000001a   Code   RO         1238    .text.pbuf_header_force  pbuf.o
    0x000104fa   0x000104fa   0x00000002   PAD
    0x000104fc   0x000104fc   0x00000048   Code   RO         1236    .text.pbuf_header_impl  pbuf.o
    0x00010544   0x00010544   0x0000005e   Code   RO         1222    .text.pbuf_init_alloced_pbuf  pbuf.o
    0x000105a2   0x000105a2   0x00000002   PAD
    0x000105a4   0x000105a4   0x0000019e   Code   RO         1224    .text.pbuf_realloc  pbuf.o
    0x00010742   0x00010742   0x00000002   PAD
    0x00010744   0x00010744   0x00000064   Code   RO         1244    .text.pbuf_ref      pbuf.o
    0x000107a8   0x000107a8   0x000000d0   Code   RO         1232    .text.pbuf_remove_header  pbuf.o
    0x00010878   0x00010878   0x00000094   Code   RO           97    .text.ping_raw_init_cb  eth_handle.o
    0x0001090c   0x0001090c   0x000000e0   Code   RO           99    .text.ping_recv     eth_handle.o
    0x000109ec   0x000109ec   0x00000160   Code   RO           75    .text.ping_send_req_cb  eth_handle.o
    0x00010b4c   0x00010b4c   0x00000064   Code   RO          188    .text.pipeline_worker  layer_void.o
    0x00010bb0   0x00010bb0   0x000001e8   Code   RO         1072    .text.plug_holes    mem.o
    0x00010d98   0x00010d98   0x000002c8   Code   RO          180    .text.process_request_cmd  layer_void.o
    0x00011060   0x00011060   0x0000003e   Code   RO          182    .text.process_request_sim  layer_void.o
    0x0001109e   0x0001109e   0x00000002   PAD
    0x000110a0   0x000110a0   0x0000003e   Code   RO          184    .text.process_request_void  layer_void.o
    0x000110de   0x000110de   0x00000002   PAD
    0x000110e0   0x000110e0   0x0000001a   Code   RO         1066    .text.ptr_to_mem    mem.o
    0x000110fa   0x000110fa   0x00000002   PAD
    0x000110fc   0x000110fc   0x00000044   Code   RO         1296    .text.raw_bind      raw.o
    0x00011140   0x00011140   0x0000014a   Code   RO         1292    .text.raw_input     raw.o
    0x0001128a   0x0001128a   0x00000002   PAD
    0x0001128c   0x0001128c   0x0000009e   Code   RO         1294    .text.raw_input_local_match  raw.o
    0x0001132a   0x0001132a   0x00000002   PAD
    0x0001132c   0x0001132c   0x0000005e   Code   RO         1318    .text.raw_netif_ip_addr_changed  raw.o
    0x0001138a   0x0001138a   0x00000002   PAD
    0x0001138c   0x0001138c   0x00000066   Code   RO         1314    .text.raw_new       raw.o
    0x000113f2   0x000113f2   0x00000002   PAD
    0x000113f4   0x000113f4   0x00000018   Code   RO         1304    .text.raw_recv      raw.o
    0x0001140c   0x0001140c   0x0000015c   Code   RO         1306    .text.raw_sendto    raw.o
    0x00011568   0x00011568   0x000001f2   Code   RO         1308    .text.raw_sendto_if_src  raw.o
    0x0001175a   0x0001175a   0x00000002   PAD
    0x0001175c   0x0001175c   0x0000003a   Code   RO          120    .text.safe_cat      uart_parser.o
    0x00011796   0x00011796   0x00000002   PAD
    0x00011798   0x00011798   0x00000056   Code   RO          122    .text.safe_cat_payload  uart_parser.o
    0x000117ee   0x000117ee   0x00000002   PAD
    0x000117f0   0x000117f0   0x0000025a   Code   RO          136    .text.serialize_command_alloc  uart_serializer.o
    0x00011a4a   0x00011a4a   0x00000002   PAD
    0x00011a4c   0x00011a4c   0x0000003a   Code   RO           77    .text.set_fallback_ip_cb  eth_handle.o
    0x00011a86   0x00011a86   0x00000002   PAD
    0x00011a88   0x00011a88   0x00000036   Code   RO          155    .text.set_flag      slab_alloc.o
    0x00011abe   0x00011abe   0x00000002   PAD
    0x00011ac0   0x00011ac0   0x0000019c   Code   RO          159    .text.slab_free     slab_alloc.o
    0x00011c5c   0x00011c5c   0x0000001a   Code   RO          149    .text.slab_init     slab_alloc.o
    0x00011c76   0x00011c76   0x00000002   PAD
    0x00011c78   0x00011c78   0x000001c2   Code   RO          151    .text.slab_malloc   slab_alloc.o
    0x00011e3a   0x00011e3a   0x00000002   PAD
    0x00011e3c   0x00011e3c   0x0000005a   Code   RO           83    .text.status_callback  eth_handle.o
    0x00011e96   0x00011e96   0x00000002   PAD
    0x00011e98   0x00011e98   0x00000016   Code   RO          205    .text.stderr_putchar  retarget.o
    0x00011eae   0x00011eae   0x00000002   PAD
    0x00011eb0   0x00011eb0   0x00000014   Code   RO          203    .text.stdout_putchar  retarget.o
    0x00011ec4   0x00011ec4   0x00000042   Code   RO           33    .text.strnlen       string_extra.o
    0x00011f06   0x00011f06   0x00000014   Code   RO         1942    .text.svcRtxDelay   RTX_CM3.lib(rtx_delay.o)
    0x00011f1a   0x00011f1a   0x00000034   Code   RO         1963    .text.svcRtxEventFlagsClear  RTX_CM3.lib(rtx_evflags.o)
    0x00011f4e   0x00011f4e   0x00000002   PAD
    0x00011f50   0x00011f50   0x0000005c   Code   RO         1985    .text.svcRtxEventFlagsDelete  RTX_CM3.lib(rtx_evflags.o)
    0x00011fac   0x00011fac   0x00000068   Code   RO         1973    .text.svcRtxEventFlagsNew  RTX_CM3.lib(rtx_evflags.o)
    0x00012014   0x00012014   0x00000084   Code   RO         1981    .text.svcRtxEventFlagsSet  RTX_CM3.lib(rtx_evflags.o)
    0x00012098   0x00012098   0x00000058   Code   RO         1983    .text.svcRtxEventFlagsWait  RTX_CM3.lib(rtx_evflags.o)
    0x000120f0   0x000120f0   0x00000008   Code   RO         1750    .text.svcRtxKernelGetState  RTX_CM3.lib(rtx_kernel.o)
    0x000120f8   0x000120f8   0x00000024   Code   RO         1774    .text.svcRtxKernelGetSysTimerCount  RTX_CM3.lib(rtx_kernel.o)
    0x0001211c   0x0001211c   0x00000004   Code   RO         1778    .text.svcRtxKernelGetSysTimerFreq  RTX_CM3.lib(rtx_kernel.o)
    0x00012120   0x00012120   0x00000008   Code   RO         1766    .text.svcRtxKernelGetTickCount  RTX_CM3.lib(rtx_kernel.o)
    0x00012128   0x00012128   0x00000008   Code   RO         1770    .text.svcRtxKernelGetTickFreq  RTX_CM3.lib(rtx_kernel.o)
    0x00012130   0x00012130   0x0000014c   Code   RO         1780    .text.svcRtxKernelInitialize  RTX_CM3.lib(rtx_kernel.o)
    0x0001227c   0x0001227c   0x0000001c   Code   RO         1784    .text.svcRtxKernelLock  RTX_CM3.lib(rtx_kernel.o)
    0x00012298   0x00012298   0x00000028   Code   RO         1788    .text.svcRtxKernelRestoreLock  RTX_CM3.lib(rtx_kernel.o)
    0x000122c0   0x000122c0   0x00000088   Code   RO         1782    .text.svcRtxKernelStart  RTX_CM3.lib(rtx_kernel.o)
    0x00012348   0x00012348   0x000000e0   Code   RO         2108    .text.svcRtxMessageQueueGet  RTX_CM3.lib(rtx_msgqueue.o)
    0x00012428   0x00012428   0x00000130   Code   RO         2094    .text.svcRtxMessageQueueNew  RTX_CM3.lib(rtx_msgqueue.o)
    0x00012558   0x00012558   0x000000c0   Code   RO         2104    .text.svcRtxMessageQueuePut  RTX_CM3.lib(rtx_msgqueue.o)
    0x00012618   0x00012618   0x00000090   Code   RO         2014    .text.svcRtxMutexAcquire  RTX_CM3.lib(rtx_mutex.o)
    0x000126a8   0x000126a8   0x000000c0   Code   RO         2020    .text.svcRtxMutexDelete  RTX_CM3.lib(rtx_mutex.o)
    0x00012768   0x00012768   0x0000006c   Code   RO         2010    .text.svcRtxMutexNew  RTX_CM3.lib(rtx_mutex.o)
    0x000127d4   0x000127d4   0x000000b8   Code   RO         2016    .text.svcRtxMutexRelease  RTX_CM3.lib(rtx_mutex.o)
    0x0001288c   0x0001288c   0x00000058   Code   RO         2051    .text.svcRtxSemaphoreAcquire  RTX_CM3.lib(rtx_semaphore.o)
    0x000128e4   0x000128e4   0x00000080   Code   RO         2045    .text.svcRtxSemaphoreNew  RTX_CM3.lib(rtx_semaphore.o)
    0x00012964   0x00012964   0x00000054   Code   RO         2053    .text.svcRtxSemaphoreRelease  RTX_CM3.lib(rtx_semaphore.o)
    0x000129b8   0x000129b8   0x0000006c   Code   RO         1913    .text.svcRtxThreadExit  RTX_CM3.lib(rtx_thread.o)
    0x00012a24   0x00012a24   0x0000000c   Code   RO         1845    .text.svcRtxThreadGetId  RTX_CM3.lib(rtx_thread.o)
    0x00012a30   0x00012a30   0x000001dc   Code   RO         1837    .text.svcRtxThreadNew  RTX_CM3.lib(rtx_thread.o)
    0x00012c0c   0x00012c0c   0x00000042   Code   RO         1713    .text.sys_arch_mbox_fetch  sys_arch.o
    0x00012c4e   0x00012c4e   0x00000002   PAD
    0x00012c50   0x00012c50   0x00000010   Code   RO         1725    .text.sys_arch_protect  sys_arch.o
    0x00012c60   0x00012c60   0x00000038   Code   RO         1699    .text.sys_arch_sem_wait  sys_arch.o
    0x00012c98   0x00012c98   0x00000010   Code   RO         1727    .text.sys_arch_unprotect  sys_arch.o
    0x00012ca8   0x00012ca8   0x00000096   Code   RO         1585    .text.sys_check_timeouts  timeouts.o
    0x00012d3e   0x00012d3e   0x00000002   PAD
    0x00012d40   0x00012d40   0x00000042   Code   RO         1729    .text.sys_init      sys_arch.o
    0x00012d82   0x00012d82   0x00000002   PAD
    0x00012d84   0x00012d84   0x00000038   Code   RO         1705    .text.sys_mbox_new  sys_arch.o
    0x00012dbc   0x00012dbc   0x0000001c   Code   RO         1709    .text.sys_mbox_post  sys_arch.o
    0x00012dd8   0x00012dd8   0x00000036   Code   RO         1711    .text.sys_mbox_trypost  sys_arch.o
    0x00012e0e   0x00012e0e   0x00000002   PAD
    0x00012e10   0x00012e10   0x00000016   Code   RO         1691    .text.sys_mutex_lock  sys_arch.o
    0x00012e26   0x00012e26   0x00000002   PAD
    0x00012e28   0x00012e28   0x00000038   Code   RO         1687    .text.sys_mutex_new  sys_arch.o
    0x00012e60   0x00012e60   0x00000012   Code   RO         1693    .text.sys_mutex_unlock  sys_arch.o
    0x00012e72   0x00012e72   0x00000002   PAD
    0x00012e74   0x00012e74   0x0000000c   Code   RO         1719    .text.sys_now       sys_arch.o
    0x00012e80   0x00012e80   0x0000003c   Code   RO         1695    .text.sys_sem_new   sys_arch.o
    0x00012ebc   0x00012ebc   0x00000012   Code   RO         1703    .text.sys_sem_signal  sys_arch.o
    0x00012ece   0x00012ece   0x00000002   PAD
    0x00012ed0   0x00012ed0   0x00000038   Code   RO         1717    .text.sys_thread_new  sys_arch.o
    0x00012f08   0x00012f08   0x0000012e   Code   RO         1581    .text.sys_timeout_abs  timeouts.o
    0x00013036   0x00013036   0x00000002   PAD
    0x00013038   0x00013038   0x00000060   Code   RO         1573    .text.sys_timeout_debug  timeouts.o
    0x00013098   0x00013098   0x0000004a   Code   RO         1577    .text.sys_timeouts_init  timeouts.o
    0x000130e2   0x000130e2   0x00000002   PAD
    0x000130e4   0x000130e4   0x000000a2   Code   RO         1589    .text.sys_timeouts_sleeptime  timeouts.o
    0x00013186   0x00013186   0x00000002   PAD
    0x00013188   0x00013188   0x00000086   Code   RO         1583    .text.sys_untimeout  timeouts.o
    0x0001320e   0x0001320e   0x00000002   PAD
    0x00013210   0x00013210   0x000001c4   Code   RO         1353    .text.tcp_abandon   tcp.o
    0x000133d4   0x000133d4   0x00000012   Code   RO         1359    .text.tcp_abort     tcp.o
    0x000133e6   0x000133e6   0x00000002   PAD
    0x000133e8   0x000133e8   0x00000026   Code   RO         1419    .text.tcp_accept    tcp.o
    0x0001340e   0x0001340e   0x00000002   PAD
    0x00013410   0x00013410   0x000000b6   Code   RO          214    .text.tcp_accept_cb  tcp_server.o
    0x000134c6   0x000134c6   0x00000002   PAD
    0x000134c8   0x000134c8   0x00000050   Code   RO         1371    .text.tcp_accept_null  tcp.o
    0x00013518   0x00013518   0x00000194   Code   RO         1397    .text.tcp_alloc     tcp.o
    0x000136ac   0x000136ac   0x00000018   Code   RO         1411    .text.tcp_arg       tcp.o
    0x000136c4   0x000136c4   0x000000b0   Code   RO         1343    .text.tcp_backlog_accepted  tcp.o
    0x00013774   0x00013774   0x0000016c   Code   RO         1361    .text.tcp_bind      tcp.o
    0x000138e0   0x000138e0   0x00000064   Code   RO         1345    .text.tcp_close     tcp.o
    0x00013944   0x00013944   0x00000266   Code   RO         1349    .text.tcp_close_shutdown  tcp.o
    0x00013baa   0x00013baa   0x00000002   PAD
    0x00013bac   0x00013bac   0x00000100   Code   RO         1385    .text.tcp_close_shutdown_fin  tcp.o
    0x00013cac   0x00013cac   0x0000026e   Code   RO         1377    .text.tcp_connect   tcp.o
    0x00013f1a   0x00013f1a   0x00000002   PAD
    0x00013f1c   0x00013f1c   0x0000003e   Code   RO          248    .text.tcp_connected_cb  tcp_server.o
    0x00013f5a   0x00013f5a   0x00000002   PAD
    0x00013f5c   0x00013f5c   0x00000194   Code   RO         1515    .text.tcp_create_segment  tcp_out.o
    0x000140f0   0x000140f0   0x0000004e   Code   RO         1433    .text.tcp_debug_print  tcp.o
    0x0001413e   0x0001413e   0x00000002   PAD
    0x00014140   0x00014140   0x0000009c   Code   RO         1435    .text.tcp_debug_print_flags  tcp.o
    0x000141dc   0x000141dc   0x0000000e   Code   RO         1347    .text.tcp_debug_print_state  tcp.o
    0x000141ea   0x000141ea   0x00000002   PAD
    0x000141ec   0x000141ec   0x000000ca   Code   RO         1381    .text.tcp_eff_send_mss_netif  tcp.o
    0x000142b6   0x000142b6   0x00000002   PAD
    0x000142b8   0x000142b8   0x000002a6   Code   RO         1521    .text.tcp_enqueue_flags  tcp_out.o
    0x0001455e   0x0001455e   0x00000002   PAD
    0x00014560   0x00014560   0x00000056   Code   RO         1417    .text.tcp_err       tcp.o
    0x000145b6   0x000145b6   0x00000002   PAD
    0x000145b8   0x000145b8   0x00000054   Code   RO          218    .text.tcp_err_cb    tcp_server.o
    0x0001460c   0x0001460c   0x000000ea   Code   RO         1337    .text.tcp_fasttmr   tcp.o
    0x000146f6   0x000146f6   0x00000002   PAD
    0x000146f8   0x000146f8   0x0000004a   Code   RO         1333    .text.tcp_free      tcp.o
    0x00014742   0x00014742   0x00000002   PAD
    0x00014744   0x00014744   0x00000144   Code   RO         1485    .text.tcp_free_acked_segments  tcp_in.o
    0x00014888   0x00014888   0x0000004a   Code   RO         1441    .text.tcp_free_listen  tcp.o
    0x000148d2   0x000148d2   0x00000002   PAD
    0x000148d4   0x000148d4   0x00000084   Code   RO         1481    .text.tcp_get_next_optbyte  tcp_in.o
    0x00014958   0x00014958   0x0000004e   Code   RO         1399    .text.tcp_handle_closepend  tcp.o
    0x000149a6   0x000149a6   0x00000002   PAD
    0x000149a8   0x000149a8   0x00000016   Code   RO         1331    .text.tcp_init      tcp.o
    0x000149be   0x000149be   0x00000002   PAD
    0x000149c0   0x000149c0   0x00000ac8   Code   RO         1467    .text.tcp_input     tcp_in.o
    0x00015488   0x00015488   0x000000a0   Code   RO         1475    .text.tcp_input_delayed_close  tcp_in.o
    0x00015528   0x00015528   0x000000b6   Code   RO         1557    .text.tcp_keepalive  tcp_out.o
    0x000155de   0x000155de   0x00000002   PAD
    0x000155e0   0x000155e0   0x000000c8   Code   RO         1405    .text.tcp_kill_prio  tcp.o
    0x000156a8   0x000156a8   0x000000c8   Code   RO         1403    .text.tcp_kill_state  tcp.o
    0x00015770   0x00015770   0x0000006e   Code   RO         1401    .text.tcp_kill_timewait  tcp.o
    0x000157de   0x000157de   0x00000002   PAD
    0x000157e0   0x000157e0   0x000000a8   Code   RO         1439    .text.tcp_listen_closed  tcp.o
    0x00015888   0x00015888   0x00000274   Code   RO         1471    .text.tcp_listen_input  tcp_in.o
    0x00015afc   0x00015afc   0x0000001a   Code   RO         1367    .text.tcp_listen_with_backlog  tcp.o
    0x00015b16   0x00015b16   0x00000002   PAD
    0x00015b18   0x00015b18   0x000001ee   Code   RO         1369    .text.tcp_listen_with_backlog_and_err  tcp.o
    0x00015d06   0x00015d06   0x00000002   PAD
    0x00015d08   0x00015d08   0x0000008e   Code   RO          234    .text.tcp_mode_client_defer  tcp_server.o
    0x00015d96   0x00015d96   0x00000002   PAD
    0x00015d98   0x00015d98   0x00000070   Code   RO          230    .text.tcp_mode_server  tcp_server.o
    0x00015e08   0x00015e08   0x0000006a   Code   RO          224    .text.tcp_mode_server_cb_internal  tcp_server.o
    0x00015e72   0x00015e72   0x00000002   PAD
    0x00015e74   0x00015e74   0x00000072   Code   RO          222    .text.tcp_mode_server_defer  tcp_server.o
    0x00015ee6   0x00015ee6   0x00000002   PAD
    0x00015ee8   0x00015ee8   0x00000082   Code   RO         1425    .text.tcp_netif_ip_addr_changed  tcp.o
    0x00015f6a   0x00015f6a   0x00000002   PAD
    0x00015f6c   0x00015f6c   0x0000007c   Code   RO         1427    .text.tcp_netif_ip_addr_changed_pcblist  tcp.o
    0x00015fe8   0x00015fe8   0x0000000a   Code   RO         1407    .text.tcp_new       tcp.o
    0x00015ff2   0x00015ff2   0x00000002   PAD
    0x00015ff4   0x00015ff4   0x000000c6   Code   RO         1363    .text.tcp_new_port  tcp.o
    0x000160ba   0x000160ba   0x00000002   PAD
    0x000160bc   0x000160bc   0x0000005a   Code   RO         1379    .text.tcp_next_iss  tcp.o
    0x00016116   0x00016116   0x00000002   PAD
    0x00016118   0x00016118   0x000004a4   Code   RO         1523    .text.tcp_output    tcp_out.o
    0x000165bc   0x000165bc   0x00000096   Code   RO         1553    .text.tcp_output_alloc_header  tcp_out.o
    0x00016652   0x00016652   0x00000002   PAD
    0x00016654   0x00016654   0x000000fa   Code   RO         1561    .text.tcp_output_alloc_header_common  tcp_out.o
    0x0001674e   0x0001674e   0x00000002   PAD
    0x00016750   0x00016750   0x00000086   Code   RO         1547    .text.tcp_output_control_segment  tcp_out.o
    0x000167d6   0x000167d6   0x00000002   PAD
    0x000167d8   0x000167d8   0x000000ce   Code   RO         1551    .text.tcp_output_control_segment_netif  tcp_out.o
    0x000168a6   0x000168a6   0x00000002   PAD
    0x000168a8   0x000168a8   0x000000b0   Code   RO         1555    .text.tcp_output_fill_options  tcp_out.o
    0x00016958   0x00016958   0x0000025a   Code   RO         1529    .text.tcp_output_segment  tcp_out.o
    0x00016bb2   0x00016bb2   0x00000002   PAD
    0x00016bb4   0x00016bb4   0x0000005a   Code   RO         1533    .text.tcp_output_segment_busy  tcp_out.o
    0x00016c0e   0x00016c0e   0x00000002   PAD
    0x00016c10   0x00016c10   0x00000156   Code   RO         1479    .text.tcp_parseopt  tcp_in.o
    0x00016d66   0x00016d66   0x00000002   PAD
    0x00016d68   0x00016d68   0x00000186   Code   RO         1513    .text.tcp_pbuf_prealloc  tcp_out.o
    0x00016eee   0x00016eee   0x00000002   PAD
    0x00016ef0   0x00016ef0   0x000000b0   Code   RO         1383    .text.tcp_pcb_purge  tcp.o
    0x00016fa0   0x00016fa0   0x000001c0   Code   RO         1355    .text.tcp_pcb_remove  tcp.o
    0x00017160   0x00017160   0x0000012e   Code   RO         1423    .text.tcp_pcbs_sane  tcp.o
    0x0001728e   0x0001728e   0x00000002   PAD
    0x00017290   0x00017290   0x00000a8e   Code   RO         1473    .text.tcp_process   tcp_in.o
    0x00017d1e   0x00017d1e   0x00000002   PAD
    0x00017d20   0x00017d20   0x00000114   Code   RO         1387    .text.tcp_process_refused_data  tcp.o
    0x00017e34   0x00017e34   0x00000a8a   Code   RO         1483    .text.tcp_receive   tcp_in.o
    0x000188be   0x000188be   0x00000002   PAD
    0x000188c0   0x000188c0   0x00000056   Code   RO         1413    .text.tcp_recv      tcp.o
    0x00018916   0x00018916   0x00000002   PAD
    0x00018918   0x00018918   0x00000176   Code   RO          216    .text.tcp_recv_cb   tcp_server.o
    0x00018a8e   0x00018a8e   0x00000002   PAD
    0x00018a90   0x00018a90   0x0000006e   Code   RO         1391    .text.tcp_recv_null  tcp.o
    0x00018afe   0x00018afe   0x00000002   PAD
    0x00018b00   0x00018b00   0x000000d0   Code   RO         1375    .text.tcp_recved    tcp.o
    0x00018bd0   0x00018bd0   0x0000006a   Code   RO         1443    .text.tcp_remove_listener  tcp.o
    0x00018c3a   0x00018c3a   0x00000002   PAD
    0x00018c3c   0x00018c3c   0x00000106   Code   RO         1539    .text.tcp_rexmit    tcp_out.o
    0x00018d42   0x00018d42   0x00000002   PAD
    0x00018d44   0x00018d44   0x000000e0   Code   RO         1541    .text.tcp_rexmit_fast  tcp_out.o
    0x00018e24   0x00018e24   0x00000052   Code   RO         1537    .text.tcp_rexmit_rto  tcp_out.o
    0x00018e76   0x00018e76   0x00000002   PAD
    0x00018e78   0x00018e78   0x00000060   Code   RO         1535    .text.tcp_rexmit_rto_commit  tcp_out.o
    0x00018ed8   0x00018ed8   0x0000010c   Code   RO         1531    .text.tcp_rexmit_rto_prepare  tcp_out.o
    0x00018fe4   0x00018fe4   0x00000034   Code   RO         1527    .text.tcp_route     tcp_out.o
    0x00019018   0x00019018   0x00000062   Code   RO         1543    .text.tcp_rst       tcp_out.o
    0x0001907a   0x0001907a   0x00000002   PAD
    0x0001907c   0x0001907c   0x00000108   Code   RO         1545    .text.tcp_rst_common  tcp_out.o
    0x00019184   0x00019184   0x00000076   Code   RO         1549    .text.tcp_rst_netif  tcp_out.o
    0x000191fa   0x000191fa   0x00000002   PAD
    0x000191fc   0x000191fc   0x00000032   Code   RO         1393    .text.tcp_seg_free  tcp.o
    0x0001922e   0x0001922e   0x00000002   PAD
    0x00019230   0x00019230   0x00000024   Code   RO         1357    .text.tcp_segs_free  tcp.o
    0x00019254   0x00019254   0x000000f0   Code   RO         1525    .text.tcp_send_empty_ack  tcp_out.o
    0x00019344   0x00019344   0x000000b6   Code   RO         1519    .text.tcp_send_fin  tcp_out.o
    0x000193fa   0x000193fa   0x00000002   PAD
    0x000193fc   0x000193fc   0x00000056   Code   RO         1415    .text.tcp_sent      tcp.o
    0x00019452   0x00019452   0x00000002   PAD
    0x00019454   0x00019454   0x000008b2   Code   RO         1339    .text.tcp_slowtmr   tcp.o
    0x00019d06   0x00019d06   0x00000002   PAD
    0x00019d08   0x00019d08   0x00000350   Code   RO         1517    .text.tcp_split_unsent_seg  tcp_out.o
    0x0001a058   0x0001a058   0x00000108   Code   RO          228    .text.tcp_srv_send_callback  tcp_server.o
    0x0001a160   0x0001a160   0x0000007c   Code   RO          226    .text.tcp_srv_send_data_defer  tcp_server.o
    0x0001a1dc   0x0001a1dc   0x00000054   Code   RO         1571    .text.tcp_timer_needed  timeouts.o
    0x0001a230   0x0001a230   0x0000013a   Code   RO         1469    .text.tcp_timewait_input  tcp_in.o
    0x0001a36a   0x0001a36a   0x00000002   PAD
    0x0001a36c   0x0001a36c   0x00000022   Code   RO         1335    .text.tcp_tmr       tcp.o
    0x0001a38e   0x0001a38e   0x00000002   PAD
    0x0001a390   0x0001a390   0x00000012   Code   RO         1477    .text.tcp_trigger_input_pcb_close  tcp_in.o
    0x0001a3a2   0x0001a3a2   0x00000002   PAD
    0x0001a3a4   0x0001a3a4   0x000000fa   Code   RO         1373    .text.tcp_update_rcv_ann_wnd  tcp.o
    0x0001a49e   0x0001a49e   0x00000002   PAD
    0x0001a4a0   0x0001a4a0   0x000009fe   Code   RO         1509    .text.tcp_write     tcp_out.o
    0x0001ae9e   0x0001ae9e   0x00000002   PAD
    0x0001aea0   0x0001aea0   0x00000178   Code   RO         1511    .text.tcp_write_checks  tcp_out.o
    0x0001b018   0x0001b018   0x00000182   Code   RO         1559    .text.tcp_zero_window_probe  tcp_out.o
    0x0001b19a   0x0001b19a   0x00000002   PAD
    0x0001b19c   0x0001b19c   0x00000098   Code   RO          721    .text.tcpip_callback  tcpip.o
    0x0001b234   0x0001b234   0x000000c6   Code   RO          743    .text.tcpip_init    tcpip.o
    0x0001b2fa   0x0001b2fa   0x00000002   PAD
    0x0001b2fc   0x0001b2fc   0x000000b4   Code   RO          717    .text.tcpip_inpkt   tcpip.o
    0x0001b3b0   0x0001b3b0   0x0000004a   Code   RO          719    .text.tcpip_input   tcpip.o
    0x0001b3fa   0x0001b3fa   0x00000002   PAD
    0x0001b3fc   0x0001b3fc   0x00000052   Code   RO         1575    .text.tcpip_tcp_timer  timeouts.o
    0x0001b44e   0x0001b44e   0x00000002   PAD
    0x0001b450   0x0001b450   0x00000086   Code   RO          745    .text.tcpip_thread  tcpip.o
    0x0001b4d6   0x0001b4d6   0x00000002   PAD
    0x0001b4d8   0x0001b4d8   0x000000d6   Code   RO          755    .text.tcpip_thread_handle_msg  tcpip.o
    0x0001b5ae   0x0001b5ae   0x00000002   PAD
    0x0001b5b0   0x0001b5b0   0x0000007a   Code   RO          753    .text.tcpip_timeouts_mbox_fetch  tcpip.o
    0x0001b62a   0x0001b62a   0x00000002   PAD
    0x0001b62c   0x0001b62c   0x00000032   Code   RO         1721    .text.tick2ms       sys_arch.o
    0x0001b65e   0x0001b65e   0x00000002   PAD
    0x0001b660   0x0001b660   0x000000d6   Code   RO          277    .text.tick_dispatcher  if_dispatcher.o
    0x0001b736   0x0001b736   0x00000002   PAD
    0x0001b738   0x0001b738   0x0000010c   Code   RO          134    .text.tokenize_command  uart_serializer.o
    0x0001b844   0x0001b844   0x00000036   Code   RO          460    .text.turnaround_MDIO  emac_lpc17xx.o
    0x0001b87a   0x0001b87a   0x00000002   PAD
    0x0001b87c   0x0001b87c   0x0000002a   Code   RO           47    .text.uart2_putc_sys  uart_handle.o
    0x0001b8a6   0x0001b8a6   0x00000002   PAD
    0x0001b8a8   0x0001b8a8   0x0000003c   Code   RO           49    .text.uart2_puts_sys  uart_handle.o
    0x0001b8e4   0x0001b8e4   0x000000ca   Code   RO           45    .text.uart_printn   uart_handle.o
    0x0001b9ae   0x0001b9ae   0x00000002   PAD
    0x0001b9b0   0x0001b9b0   0x0000015e   Code   RO           57    .text.uart_worker   uart_handle.o
    0x0001bb0e   0x0001bb0e   0x00000002   PAD
    0x0001bb10   0x0001bb10   0x00000172   Code   RO         1618    .text.udp_bind      udp.o
    0x0001bc82   0x0001bc82   0x00000002   PAD
    0x0001bc84   0x0001bc84   0x00000104   Code   RO         1624    .text.udp_connect   udp.o
    0x0001bd88   0x0001bd88   0x00000016   Code   RO         1604    .text.udp_init      udp.o
    0x0001bd9e   0x0001bd9e   0x00000002   PAD
    0x0001bda0   0x0001bda0   0x0000032e   Code   RO         1606    .text.udp_input     udp.o
    0x0001c0ce   0x0001c0ce   0x00000002   PAD
    0x0001c0d0   0x0001c0d0   0x00000136   Code   RO         1608    .text.udp_input_local_match  udp.o
    0x0001c206   0x0001c206   0x00000002   PAD
    0x0001c208   0x0001c208   0x0000005e   Code   RO         1636    .text.udp_netif_ip_addr_changed  udp.o
    0x0001c266   0x0001c266   0x00000002   PAD
    0x0001c268   0x0001c268   0x00000034   Code   RO         1632    .text.udp_new       udp.o
    0x0001c29c   0x0001c29c   0x0000009a   Code   RO         1620    .text.udp_new_port  udp.o
    0x0001c336   0x0001c336   0x00000002   PAD
    0x0001c338   0x0001c338   0x00000038   Code   RO         1628    .text.udp_recv      udp.o
    0x0001c370   0x0001c370   0x00000090   Code   RO         1630    .text.udp_remove    udp.o
    0x0001c400   0x0001c400   0x00000104   Code   RO         1614    .text.udp_sendto_if  udp.o
    0x0001c504   0x0001c504   0x000002a8   Code   RO         1616    .text.udp_sendto_if_src  udp.o
    0x0001c7ac   0x0001c7ac   0x00000078   Code   RO          268    .text.unpack_header  command.o
    0x0001c824   0x0001c824   0x0000000e   Code   RO          124    .text.unpack_uint32  uart_parser.o
    0x0001c832   0x0001c832   0x0000003e   Code   RO         2660    CL$$btod_d2e        c_w.l(btod.o)
    0x0001c870   0x0001c870   0x00000046   Code   RO         2662    CL$$btod_d2e_denorm_low  c_w.l(btod.o)
    0x0001c8b6   0x0001c8b6   0x00000060   Code   RO         2661    CL$$btod_d2e_norm_op1  c_w.l(btod.o)
    0x0001c916   0x0001c916   0x00000002   PAD
    0x0001c918   0x0001c918   0x00000338   Code   RO         2670    CL$$btod_div_common  c_w.l(btod.o)
    0x0001cc50   0x0001cc50   0x000000dc   Code   RO         2667    CL$$btod_e2e        c_w.l(btod.o)
    0x0001cd2c   0x0001cd2c   0x0000002a   Code   RO         2664    CL$$btod_ediv       c_w.l(btod.o)
    0x0001cd56   0x0001cd56   0x0000002a   Code   RO         2663    CL$$btod_emul       c_w.l(btod.o)
    0x0001cd80   0x0001cd80   0x00000244   Code   RO         2669    CL$$btod_mult_common  c_w.l(btod.o)
    0x0001cfc4   0x0001cfc4   0x00000028   Code   RO         2742    i.__ARM_fpclassify  m_ws.l(fpclassify.o)
    0x0001cfec   0x0001cfec   0x0000000e   Code   RO         2409    i._is_digit         c_w.l(__printf_wp.o)
    0x0001cffa   0x0001cffa   0x0000001c   Code   RO         2574    i.fputc             c_w.l(fputc.o)
    0x0001d016   0x0001d016   0x00000002   PAD
    0x0001d018   0x0001d018   0x0000002c   Code   RO         2456    locale$$code        c_w.l(lc_ctype_c.o)
    0x0001d044   0x0001d044   0x0000002c   Code   RO         2697    locale$$code        c_w.l(lc_numeric_c.o)
    0x0001d070   0x0001d070   0x00000004   Code   RO         2513    x$fpl$printf1       fz_ws.l(printf1.o)
    0x0001d074   0x0001d074   0x00000004   Code   RO         2515    x$fpl$printf2       fz_ws.l(printf2.o)
    0x0001d078   0x0001d078   0x00000000   Code   RO         2741    x$fpl$usenofp       fz_ws.l(usenofp.o)
    0x0001d078   0x0001d078   0x00000008   Data   RO         2368    .constdata          c_w.l(_printf_wctomb.o)
    0x0001d080   0x0001d080   0x00000028   Data   RO         2397    .constdata          c_w.l(_printf_hex_int_ll_ptr.o)
    0x0001d0a8   0x0001d0a8   0x00000011   Data   RO         2417    .constdata          c_w.l(__printf_flags_ss_wp.o)
    0x0001d0b9   0x0001d0b9   0x00000026   Data   RO         2560    .constdata          c_w.l(_printf_fp_hex.o)
    0x0001d0df   0x0001d0df   0x00000001   PAD
    0x0001d0e0   0x0001d0e0   0x00000094   Data   RO         2658    .constdata          c_w.l(bigflt0.o)
    0x0001d174   0x0001d174   0x00000068   Data   RO          351    .rodata             rtx_lib.o
    0x0001d1dc   0x0001d1dc   0x00000038   Data   RO          354    .rodata             rtx_lib.o
    0x0001d214   0x0001d214   0x00000024   Data   RO          110    .rodata..L__const.eth_init_worker.netw_attr  eth_handle.o
    0x0001d238   0x0001d238   0x00000024   Data   RO          194    .rodata..L__const.init_pipeline.pipe_attr  layer_void.o
    0x0001d25c   0x0001d25c   0x00000024   Data   RO          108    .rodata..L__const.initialize_eth_int.eth_attr  eth_handle.o
    0x0001d280   0x0001d280   0x00000024   Data   RO           67    .rodata..L__const.initialize_uart_int.uart_attr  uart_handle.o
    0x0001d2a4   0x0001d2a4   0x00000024   Data   RO           18    .rodata..L__const.main.main_attr  main.o
    0x0001d2c8   0x0001d2c8   0x0000000c   Data   RO          195    .rodata..L__const.pipeline_worker.func_ptr  layer_void.o
    0x0001d2d4   0x0001d2d4   0x00000064   Data   RO          140    .rodata.CMD_TABLE   uart_serializer.o
    0x0001d338   0x0001d338   0x00000044   Data   RO          466    .rodata.Driver_ETH_MAC0  emac_lpc17xx.o
    0x0001d37c   0x0001d37c   0x00000020   Data   RO          398    .rodata.Driver_ETH_PHY0  phy_dp83848c.o
    0x0001d39c   0x0001d39c   0x00000038   Data   RO          562    .rodata.Driver_USART1  uart_lpc17xx.o
    0x0001d3d4   0x0001d3d4   0x00000008   Data   RO          322    .rodata.LED_PIN     led_open1768.o
    0x0001d3dc   0x0001d3dc   0x00000008   Data   RO          566    .rodata.USART1_DMA_Rx  uart_lpc17xx.o
    0x0001d3e4   0x0001d3e4   0x00000008   Data   RO          565    .rodata.USART1_DMA_Tx  uart_lpc17xx.o
    0x0001d3ec   0x0001d3ec   0x00000064   Data   RO          568    .rodata.USART1_Resources  uart_lpc17xx.o
    0x0001d450   0x0001d450   0x00000002   Data   RO          564    .rodata.USART1_pin_rx  uart_lpc17xx.o
    0x0001d452   0x0001d452   0x00000002   Data   RO          563    .rodata.USART1_pin_tx  uart_lpc17xx.o
    0x0001d454   0x0001d454   0x00000008   Data   RO          593    .rodata.__stderr_name  retarget_io.o
    0x0001d45c   0x0001d45c   0x00000007   Data   RO          591    .rodata.__stdin_name  retarget_io.o
    0x0001d463   0x0001d463   0x00000008   Data   RO          592    .rodata.__stdout_name  retarget_io.o
    0x0001d46b   0x0001d46b   0x00000006   Data   RO         1652    .rodata.ethbroadcast  ethernet.o
    0x0001d471   0x0001d471   0x00000006   Data   RO         1653    .rodata.ethzero     ethernet.o
    0x0001d477   0x0001d477   0x00000001   PAD
    0x0001d478   0x0001d478   0x00000120   Data   RO          561    .rodata.fract_div_lookup_table  uart_lpc17xx.o
    0x0001d598   0x0001d598   0x00000004   Data   RO         1048    .rodata.ip_addr_any  ip4_addr.o
    0x0001d59c   0x0001d59c   0x00000004   Data   RO         1049    .rodata.ip_addr_broadcast  ip4_addr.o
    0x0001d5a0   0x0001d5a0   0x0000003c   Data   RO         1592    .rodata.lwip_cyclic_timers  timeouts.o
    0x0001d5dc   0x0001d5dc   0x00000010   Data   RO         1142    .rodata.memp_PBUF   memp.o
    0x0001d5ec   0x0001d5ec   0x00000010   Data   RO         1145    .rodata.memp_PBUF_POOL  memp.o
    0x0001d5fc   0x0001d5fc   0x00000010   Data   RO         1118    .rodata.memp_RAW_PCB  memp.o
    0x0001d60c   0x0001d60c   0x00000010   Data   RO         1139    .rodata.memp_SYS_TIMEOUT  memp.o
    0x0001d61c   0x0001d61c   0x00000010   Data   RO         1133    .rodata.memp_TCPIP_MSG_API  memp.o
    0x0001d62c   0x0001d62c   0x00000010   Data   RO         1136    .rodata.memp_TCPIP_MSG_INPKT  memp.o
    0x0001d63c   0x0001d63c   0x00000010   Data   RO         1124    .rodata.memp_TCP_PCB  memp.o
    0x0001d64c   0x0001d64c   0x00000010   Data   RO         1127    .rodata.memp_TCP_PCB_LISTEN  memp.o
    0x0001d65c   0x0001d65c   0x00000010   Data   RO         1130    .rodata.memp_TCP_SEG  memp.o
    0x0001d66c   0x0001d66c   0x00000010   Data   RO         1121    .rodata.memp_UDP_PCB  memp.o
    0x0001d67c   0x0001d67c   0x00000028   Data   RO         1146    .rodata.memp_pools  memp.o
    0x0001d6a4   0x0001d6a4   0x00000004   Data   RO          353    .rodata.osRtxUserSVC  rtx_lib.o
    0x0001d6a8   0x0001d6a8   0x00000024   Data   RO          348    .rodata.os_idle_thread_attr  rtx_lib.o
    0x0001d6cc   0x0001d6cc   0x00000018   Data   RO          350    .rodata.os_timer_mq_attr  rtx_lib.o
    0x0001d6e4   0x0001d6e4   0x00000024   Data   RO          349    .rodata.os_timer_thread_attr  rtx_lib.o
    0x0001d708   0x0001d708   0x00000010   Data   RO          161    .rodata.slab_mutex_attr  slab_alloc.o
    0x0001d718   0x0001d718   0x00000052   Data   RO           15    .rodata.str1.1      main.o
    0x0001d76a   0x0001d76a   0x00000011   Data   RO           35    .rodata.str1.1      string_extra.o
    0x0001d77b   0x0001d77b   0x00000033   Data   RO           63    .rodata.str1.1      uart_handle.o
    0x0001d7ae   0x0001d7ae   0x0000023c   Data   RO          102    .rodata.str1.1      eth_handle.o
    0x0001d9ea   0x0001d9ea   0x00000094   Data   RO          126    .rodata.str1.1      uart_parser.o
    0x0001da7e   0x0001da7e   0x0000001e   Data   RO          141    .rodata.str1.1      uart_serializer.o
    0x0001da9c   0x0001da9c   0x00000013   Data   RO          171    .rodata.str1.1      slab_alloc.o
    0x0001daaf   0x0001daaf   0x00000028   Data   RO          191    .rodata.str1.1      layer_void.o
    0x0001dad7   0x0001dad7   0x00000050   Data   RO          284    .rodata.str1.1      if_dispatcher.o
    0x0001db27   0x0001db27   0x00000017   Data   RO          594    .rodata.str1.1      retarget_io.o
    0x0001db3e   0x0001db3e   0x00000101   Data   RO          758    .rodata.str1.1      tcpip.o
    0x0001dc3f   0x0001dc3f   0x0000008f   Data   RO          856    .rodata.str1.1      acd.o
    0x0001dcce   0x0001dcce   0x000005b4   Data   RO          939    .rodata.str1.1      dhcp.o
    0x0001e282   0x0001e282   0x000002a9   Data   RO          986    .rodata.str1.1      etharp.o
    0x0001e52b   0x0001e52b   0x00000156   Data   RO         1000    .rodata.str1.1      icmp.o
    0x0001e681   0x0001e681   0x000002e4   Data   RO         1025    .rodata.str1.1      ip4.o
    0x0001e965   0x0001e965   0x00000061   Data   RO         1050    .rodata.str1.1      ip4_addr.o
    0x0001e9c6   0x0001e9c6   0x000002f5   Data   RO         1082    .rodata.str1.1      mem.o
    0x0001ecbb   0x0001ecbb   0x00000166   Data   RO         1115    .rodata.str1.1      memp.o
    0x0001ee21   0x0001ee21   0x00000136   Data   RO         1206    .rodata.str1.1      netif.o
    0x0001ef57   0x0001ef57   0x000003f1   Data   RO         1284    .rodata.str1.1      pbuf.o
    0x0001f348   0x0001f348   0x0000013d   Data   RO         1321    .rodata.str1.1      raw.o
    0x0001f485   0x0001f485   0x0000077e   Data   RO         1451    .rodata.str1.1      tcp.o
    0x0001fc03   0x0001fc03   0x000003db   Data   RO         1487    .rodata.str1.1      tcp_in.o
    0x0001ffde   0x0001ffde   0x00000849   Data   RO         1563    .rodata.str1.1      tcp_out.o
    0x00020827   0x00020827   0x00000132   Data   RO         1591    .rodata.str1.1      timeouts.o
    0x00020959   0x00020959   0x0000029d   Data   RO         1639    .rodata.str1.1      udp.o
    0x00020bf6   0x00020bf6   0x00000136   Data   RO         1654    .rodata.str1.1      ethernet.o
    0x00020d2c   0x00020d2c   0x0000005f   Data   RO         1678    .rodata.str1.1      ethernetif.o
    0x00020d8b   0x00020d8b   0x00000001   PAD
    0x00020d8c   0x00020d8c   0x0000000b   Data   RO         1794    .rodata.str1.4      RTX_CM3.lib(rtx_kernel.o)
    0x00020d97   0x00020d97   0x00000001   PAD
    0x00020d98   0x00020d98   0x00000010   Data   RO         1731    .rodata.sys_mutex_new.attr  sys_arch.o
    0x00020da8   0x00020da8   0x0000000d   Data   RO         1457    .rodata.tcp_backoff  tcp.o
    0x00020db5   0x00020db5   0x00000003   PAD
    0x00020db8   0x00020db8   0x00000010   Data   RO         1449    .rodata.tcp_pcb_lists  tcp.o
    0x00020dc8   0x00020dc8   0x00000007   Data   RO         1456    .rodata.tcp_persist_backoff  tcp.o
    0x00020dcf   0x00020dcf   0x00000001   PAD
    0x00020dd0   0x00020dd0   0x00000070   Data   RO         2863    Region$$Table       anon$$obj.o
    0x00020e40   0x00020e40   0x00000110   Data   RO         2455    locale$$data        c_w.l(lc_ctype_c.o)
    0x00020f50   0x00020f50   0x0000001c   Data   RO         2696    locale$$data        c_w.l(lc_numeric_c.o)


    Execution Region RW_IRAM1 (Exec base: 0x10000000, Load base: 0x00020f70, Size: 0x000072ac, Max: 0x00007800, ABSOLUTE)

    Exec Addr    Load Addr    Size         Type   Attr      Idx    E Section Name        Object

    0x10000000   0x00020f70   0x00000004   Data   RW         2452    .data               c_w.l(stdio_streams.o)
    0x10000004   0x00020f74   0x00000004   Data   RW         2454    .data               c_w.l(stdio_streams.o)
    0x10000008   0x00020f78   0x000000a4   Data   RW         1795    .data.os            RTX_CM3.lib(rtx_kernel.o)
    0x100000ac   0x0002101c   0x00000018   Data   RW          345    .data.os.evflags.mpi  rtx_lib.o
    0x100000c4   0x00021034   0x00000018   Data   RW          346    .data.os.mutex.mpi  rtx_lib.o
    0x100000dc   0x0002104c   0x00000018   Data   RW          347    .data.os.semaphore.mpi  rtx_lib.o
    0x100000f4   0x00021064   0x00000002   Data   RW         1450    .data.tcp_port      tcp.o
    0x100000f6   0x00021066   0x00000002   Data   RW         1638    .data.udp_port      udp.o
    0x100000f8        -       0x000000e4   Zero   RW         2299    .bss                c_w.l(rand.o)
    0x100001dc        -       0x00000054   Zero   RW         2449    .bss                c_w.l(stdio_streams.o)
    0x10000230        -       0x00000054   Zero   RW         2451    .bss                c_w.l(stdio_streams.o)
    0x10000284        -       0x00000004   Zero   RW          632    .bss.Channel_active  gpdma_lpc17xx.o
    0x10000288        -       0x0000000c   Zero   RW          400    .bss.PHY            phy_dp83848c.o
    0x10000294        -       0x00000001   Zero   RW         2270    .bss.PendST         RTX_CM3.lib(os_systick.o)
    0x10000295   0x00021068   0x00000003   PAD
    0x10000298        -       0x00000004   Zero   RW          250    .bss.current_pcb    tcp_server.o
    0x1000029c        -       0x00000004   Zero   RW         1596    .bss.current_timeout_due_time  timeouts.o
    0x100002a0        -       0x00000004   Zero   RW          940    .bss.dhcp_pcb       dhcp.o
    0x100002a4        -       0x00000001   Zero   RW          942    .bss.dhcp_pcb_refcount  dhcp.o
    0x100002a5        -       0x00000008   Zero   RW          943    .bss.dhcp_rx_options_given  dhcp.o
    0x100002ad   0x00021068   0x00000003   PAD
    0x100002b0        -       0x00000020   Zero   RW          944    .bss.dhcp_rx_options_val  dhcp.o
    0x100002d0        -       0x00000004   Zero   RW          104    .bss.eth_init_flags  eth_handle.o
    0x100002d4        -       0x00000004   Zero   RW          163    .bss.flags_32       slab_alloc.o
    0x100002d8        -       0x00000004   Zero   RW          167    .bss.flags_512      slab_alloc.o
    0x100002dc        -       0x00000010   Zero   RW         1051    .bss.ip4addr_ntoa.str  ip4_addr.o
    0x100002ec        -       0x00000018   Zero   RW          828    .bss.ip_data        ip.o
    0x10000304        -       0x00000004   Zero   RW         1086    .bss.lfree          mem.o
    0x10000308        -       0x00002cb3   Zero   RW         1143    .bss.memp_memory_PBUF_POOL_base  memp.o
    0x10002fbb        -       0x00000133   Zero   RW         1116    .bss.memp_memory_RAW_PCB_base  memp.o
    0x100030ee        -       0x000001e3   Zero   RW         1131    .bss.memp_memory_TCPIP_MSG_API_base  memp.o
    0x100032d1        -       0x000001e3   Zero   RW         1134    .bss.memp_memory_TCPIP_MSG_INPKT_base  memp.o
    0x100034b4        -       0x000000a3   Zero   RW         1125    .bss.memp_memory_TCP_PCB_LISTEN_base  memp.o
    0x10003557        -       0x00000343   Zero   RW         1122    .bss.memp_memory_TCP_PCB_base  memp.o
    0x1000389a        -       0x00000143   Zero   RW         1119    .bss.memp_memory_UDP_PCB_base  memp.o
    0x100039dd   0x00021068   0x00000003   PAD
    0x100039e0        -       0x00000004   Zero   RW         1141    .bss.memp_tab_PBUF  memp.o
    0x100039e4        -       0x00000004   Zero   RW         1117    .bss.memp_tab_RAW_PCB  memp.o
    0x100039e8        -       0x00000004   Zero   RW         1135    .bss.memp_tab_TCPIP_MSG_INPKT  memp.o
    0x100039ec        -       0x00000004   Zero   RW         1123    .bss.memp_tab_TCP_PCB  memp.o
    0x100039f0        -       0x00000004   Zero   RW         1129    .bss.memp_tab_TCP_SEG  memp.o
    0x100039f4        -       0x00000004   Zero   RW         1207    .bss.netif_default  netif.o
    0x100039f8        -       0x00002830   Zero   RW          344    .bss.os             rtx_lib.o
    0x10006228        -       0x00000080   Zero   RW          356    .bss.os.evflags.cb  rtx_lib.o
    0x100062a8        -       0x000001f0   Zero   RW          355    .bss.os.libspace    rtx_lib.o
    0x10006498        -       0x00000034   Zero   RW          361    .bss.os.msgqueue.cb  rtx_lib.o
    0x100064cc        -       0x00000050   Zero   RW          362    .bss.os.msgqueue.mem  rtx_lib.o
    0x1000651c        -       0x000000e0   Zero   RW          357    .bss.os.mutex.cb    rtx_lib.o
    0x100065fc        -       0x00000100   Zero   RW          358    .bss.os.semaphore.cb  rtx_lib.o
    0x100066fc        -       0x00000088   Zero   RW          359    .bss.os.thread.cb   rtx_lib.o
    0x10006784   0x00021068   0x00000004   PAD
    0x10006788        -       0x00000200   Zero   RW          360    .bss.os.thread.stack  rtx_lib.o
    0x10006988        -       0x00000001   Zero   RW          363    .bss.os_kernel_is_active.os_kernel_active  rtx_lib.o
    0x10006989   0x00021068   0x00000003   PAD
    0x1000698c        -       0x00000004   Zero   RW           17    .bss.out_q          main.o
    0x10006990        -       0x00000004   Zero   RW           66    .bss.out_queue      uart_handle.o
    0x10006994        -       0x00000004   Zero   RW          107    .bss.out_queue      eth_handle.o
    0x10006998        -       0x00000004   Zero   RW          192    .bss.out_queue      layer_void.o
    0x1000699c        -       0x00000002   Zero   RW          103    .bss.ping_seq_num   eth_handle.o
    0x1000699e        -       0x00000800   Zero   RW          168    .bss.pool_512       slab_alloc.o
    0x1000719e   0x00021068   0x00000002   PAD
    0x100071a0        -       0x00000004   Zero   RW         1084    .bss.ram            mem.o
    0x100071a4        -       0x00000002   Zero   RW         1499    .bss.recv_acked     tcp_in.o
    0x100071a6   0x00021068   0x00000002   PAD
    0x100071a8        -       0x00000004   Zero   RW         1497    .bss.recv_data      tcp_in.o
    0x100071ac        -       0x00000001   Zero   RW         1498    .bss.recv_flags     tcp_in.o
    0x100071ad   0x00021068   0x00000003   PAD
    0x100071b0        -       0x00000004   Zero   RW          252    .bss.send_flag      tcp_server.o
    0x100071b4        -       0x00000004   Zero   RW         1492    .bss.seqno          tcp_in.o
    0x100071b8        -       0x00000004   Zero   RW          258    .bss.server_pcb     tcp_server.o
    0x100071bc   0x00021068   0x00000004   PAD
    0x100071c0        -       0x00000040   Zero   RW          172    .bss.slab_mutex_cb  slab_alloc.o
    0x10007200        -       0x00000004   Zero   RW         1447    .bss.tcp_active_pcbs  tcp.o
    0x10007204        -       0x00000004   Zero   RW         1445    .bss.tcp_listen_pcbs  tcp.o
    0x10007208        -       0x00000004   Zero   RW         1454    .bss.tcp_ticks      tcp.o
    0x1000720c        -       0x00000001   Zero   RW         1452    .bss.tcp_timer      tcp.o
    0x1000720d        -       0x00000001   Zero   RW         1455    .bss.tcp_timer_ctr  tcp.o
    0x1000720e   0x00021068   0x00000002   PAD
    0x10007210        -       0x00000004   Zero   RW         1488    .bss.tcphdr         tcp_in.o
    0x10007214        -       0x00000002   Zero   RW         1491    .bss.tcphdr_opt1len  tcp_in.o
    0x10007216   0x00021068   0x00000002   PAD
    0x10007218        -       0x00000004   Zero   RW          760    .bss.tcpip_init_done  tcpip.o
    0x1000721c        -       0x00000004   Zero   RW          757    .bss.tcpip_mbox     tcpip.o
    0x10007220        -       0x00000004   Zero   RW         1594    .bss.tcpip_tcp_timer_active  timeouts.o
    0x10007224        -       0x00000080   Zero   RW          283    .bss.tick_dispatcher.buffer  if_dispatcher.o
    0x100072a4        -       0x00000004   Zero   RW         1732    .bss.tick_freq      sys_arch.o
    0x100072a8        -       0x00000004   Zero   RW           62    .bss.uart_if_mtx    uart_handle.o


    Execution Region ARM_LIB_STACK (Exec base: 0x10007800, Load base: 0x00021068, Size: 0x00000800, Max: 0x00000800, ABSOLUTE)

    Exec Addr    Load Addr    Size         Type   Attr      Idx    E Section Name        Object

    0x10007800        -       0x00000800   Zero   RW            1    ARM_LIB_STACK.bss   anon$$obj.o


    Execution Region RW_IRAM2 (Exec base: 0x2007c000, Load base: 0x00021068, Size: 0x00002aa4, Max: 0x00003000, ABSOLUTE)

    Exec Addr    Load Addr    Size         Type   Attr      Idx    E Section Name        Object

    0x2007c000   0x00021068   0x00000004   Data   RW         2448    .data               c_w.l(streamlock.o)
    0x2007c004   0x0002106c   0x00000004   Data   RW         2453    .data               c_w.l(stdio_streams.o)
    0x2007c008   0x00021070   0x00000004   Data   RW          688    .data.SystemCoreClock  system_lpc17xx.o
    0x2007c00c   0x00021074   0x00000003   Data   RW          941    .data.dhcp_discover_request_options  dhcp.o
    0x2007c00f   0x00021077   0x00000010   Data   RW          190    .data.ip            layer_void.o
    0x2007c01f   0x00021087   0x00000001   PAD
    0x2007c020   0x00021088   0x00000004   Data   RW         1458    .data.tcp_next_iss.iss  tcp.o
    0x2007c024        -       0x00000054   Zero   RW         2450    .bss                c_w.l(stdio_streams.o)
    0x2007c078        -       0x00000060   Zero   RW         2522    .bss                c_w.l(libspace.o)
    0x2007c0d8        -       0x000000a0   Zero   RW          631    .bss.Channel_info   gpdma_lpc17xx.o
    0x2007c178        -       0x00000004   Zero   RW          630    .bss.Init_cnt       gpdma_lpc17xx.o
    0x2007c17c        -       0x00000034   Zero   RW          567    .bss.USART1_Info    uart_lpc17xx.o
    0x2007c1b0        -       0x00000004   Zero   RW         1493    .bss.ackno          tcp_in.o
    0x2007c1b4        -       0x000000f0   Zero   RW          985    .bss.arp_table      etharp.o
    0x2007c2a4        -       0x00000004   Zero   RW          945    .bss.dhcp_create_msg.xid  dhcp.o
    0x2007c2a8        -       0x00000010   Zero   RW         1679    .bss.eth0_status    ethernetif.o
    0x2007c2b8        -       0x00000004   Zero   RW           14    .bss.evtFlags       main.o
    0x2007c2bc        -       0x00000001   Zero   RW         1494    .bss.flags          tcp_in.o
    0x2007c2bd   0x0002108c   0x00000003   PAD
    0x2007c2c0        -       0x00000004   Zero   RW          165    .bss.flags_128      slab_alloc.o
    0x2007c2c4        -       0x00000004   Zero   RW          169    .bss.flags_2k       slab_alloc.o
    0x2007c2c8        -       0x00000004   Zero   RW          257    .bss.g_in_q         tcp_server.o
    0x2007c2cc        -       0x00000044   Zero   RW          105    .bss.gnetif         eth_handle.o
    0x2007c310        -       0x00000004   Zero   RW          101    .bss.icmp_pcb       eth_handle.o
    0x2007c314        -       0x00000004   Zero   RW           16    .bss.in_q           main.o
    0x2007c318        -       0x00000004   Zero   RW           65    .bss.in_queue       uart_handle.o
    0x2007c31c        -       0x00000004   Zero   RW          106    .bss.in_queue       eth_handle.o
    0x2007c320        -       0x00000004   Zero   RW          193    .bss.in_queue       layer_void.o
    0x2007c324        -       0x00000014   Zero   RW         1496    .bss.inseg          tcp_in.o
    0x2007c338        -       0x00000002   Zero   RW         1026    .bss.ip_id          ip4.o
    0x2007c33a   0x0002108c   0x00000002   PAD
    0x2007c33c        -       0x00000004   Zero   RW          759    .bss.lock_tcpip_core  tcpip.o
    0x2007c340        -       0x00000004   Zero   RW         1087    .bss.mem_mutex      mem.o
    0x2007c344        -       0x000001e3   Zero   RW         1140    .bss.memp_memory_PBUF_base  memp.o
    0x2007c527        -       0x00000143   Zero   RW         1137    .bss.memp_memory_SYS_TIMEOUT_base  memp.o
    0x2007c66a        -       0x00000303   Zero   RW         1128    .bss.memp_memory_TCP_SEG_base  memp.o
    0x2007c96d   0x0002108c   0x00000003   PAD
    0x2007c970        -       0x00000004   Zero   RW         1144    .bss.memp_tab_PBUF_POOL  memp.o
    0x2007c974        -       0x00000004   Zero   RW         1138    .bss.memp_tab_SYS_TIMEOUT  memp.o
    0x2007c978        -       0x00000004   Zero   RW         1132    .bss.memp_tab_TCPIP_MSG_API  memp.o
    0x2007c97c        -       0x00000004   Zero   RW         1126    .bss.memp_tab_TCP_PCB_LISTEN  memp.o
    0x2007c980        -       0x00000004   Zero   RW         1120    .bss.memp_tab_UDP_PCB  memp.o
    0x2007c984        -       0x00000001   Zero   RW         1208    .bss.netif_num      netif.o
    0x2007c985   0x0002108c   0x00000003   PAD
    0x2007c988        -       0x00000004   Zero   RW         1595    .bss.next_timeout   timeouts.o
    0x2007c98c        -       0x00000400   Zero   RW          166    .bss.pool_128       slab_alloc.o
    0x2007cd8c        -       0x00000400   Zero   RW          164    .bss.pool_32        slab_alloc.o
    0x2007d18c        -       0x00000004   Zero   RW         1085    .bss.ram_end        mem.o
    0x2007d190        -       0x00001813   Zero   RW         1083    .bss.ram_heap       mem.o
    0x2007e9a3   0x0002108c   0x00000001   PAD
    0x2007e9a4        -       0x00000004   Zero   RW         1320    .bss.raw_pcbs       raw.o
    0x2007e9a8        -       0x00000004   Zero   RW          251    .bss.rx_backlog     tcp_server.o
    0x2007e9ac        -       0x00000004   Zero   RW          162    .bss.slab_mutex_id  slab_alloc.o
    0x2007e9b0        -       0x00000001   Zero   RW         1453    .bss.tcp_active_pcbs_changed  tcp.o
    0x2007e9b1   0x0002108c   0x00000003   PAD
    0x2007e9b4        -       0x00000004   Zero   RW         1446    .bss.tcp_bound_pcbs  tcp.o
    0x2007e9b8        -       0x00000004   Zero   RW         1500    .bss.tcp_input_pcb  tcp_in.o
    0x2007e9bc        -       0x00000002   Zero   RW         1501    .bss.tcp_optidx     tcp_in.o
    0x2007e9be   0x0002108c   0x00000002   PAD
    0x2007e9c0        -       0x00000004   Zero   RW         1448    .bss.tcp_tw_pcbs    tcp.o
    0x2007e9c4        -       0x00000004   Zero   RW         1490    .bss.tcphdr_opt2    tcp_in.o
    0x2007e9c8        -       0x00000002   Zero   RW         1489    .bss.tcphdr_optlen  tcp_in.o
    0x2007e9ca   0x0002108c   0x00000002   PAD
    0x2007e9cc        -       0x00000004   Zero   RW          761    .bss.tcpip_init_done_arg  tcpip.o
    0x2007e9d0        -       0x00000002   Zero   RW         1495    .bss.tcplen         tcp_in.o
    0x2007e9d2   0x0002108c   0x00000002   PAD
    0x2007e9d4        -       0x00000004   Zero   RW           61    .bss.uart_flags     uart_handle.o
    0x2007e9d8        -       0x000000c4   Zero   RW           64    .bss.uart_worker.in_buffer  uart_handle.o
    0x2007ea9c        -       0x00000004   Zero   RW         1640    .bss.udp_pcbs       udp.o
    0x2007eaa0        -       0x00000001   Zero   RW          253    .bss.volatile_send_status  tcp_server.o
    0x2007eaa1        -       0x00000001   Zero   RW          254    .bss.volatile_tcp_conn  tcp_server.o


    Execution Region ARM_LIB_HEAP (Exec base: 0x2007f000, Load base: 0x0002108c, Size: 0x00001000, Max: 0x00001000, ABSOLUTE)

    Exec Addr    Load Addr    Size         Type   Attr      Idx    E Section Name        Object

    0x2007f000        -       0x00001000   Zero   RW            2    ARM_LIB_HEAP.bss    anon$$obj.o


    Execution Region RW_EMAC_CTRL (Exec base: 0x20080000, Load base: 0x00021090, Size: 0x0000008c, Max: 0x00000100, ABSOLUTE)

    Exec Addr    Load Addr    Size         Type   Attr      Idx    E Section Name        Object

    0x20080000   0x00021090   0x00000014   Data   RW          469    .data.eth_pins      emac_lpc17xx.o
    0x20080014   0x000210a4   0x00000004   Data   RW          464    .data.iap_entry     emac_lpc17xx.o
    0x20080018        -       0x00000020   Zero   RW          471    .bss.Rx_Desc        emac_lpc17xx.o
    0x20080038        -       0x00000020   Zero   RW          472    .bss.Rx_Stat        emac_lpc17xx.o
    0x20080058        -       0x00000018   Zero   RW          474    .bss.Tx_Desc        emac_lpc17xx.o
    0x20080070        -       0x0000000c   Zero   RW          475    .bss.Tx_Stat        emac_lpc17xx.o
    0x2008007c        -       0x00000010   Zero   RW          465    .bss.emac_control   emac_lpc17xx.o


    Execution Region RW_AHB_BUFFERS (Exec base: 0x20080100, Load base: 0x000210a8, Size: 0x00003a00, Max: 0x00003f00, ABSOLUTE)

    Exec Addr    Load Addr    Size         Type   Attr      Idx    E Section Name        Object

    0x20080100        -       0x00001000   Zero   RW          170    .bss.pool_2k        slab_alloc.o
    0x20081100        -       0x00001800   Zero   RW          470    .bss.rx_buf         emac_lpc17xx.o
    0x20082900        -       0x00001200   Zero   RW          473    .bss.tx_buf         emac_lpc17xx.o


==============================================================================

Image component sizes


      Code (inc. data)   RO Data    RW Data    ZI Data      Debug   Object Name

      1420          0        143          0          0       6254   acd.o
       186          0          0          0          0        998   command.o
        48          0          0          0          0       2860   def.o
      8562         60       1460          3         49      20550   dhcp.o
      4956         12         68         24      10868      16315   emac_lpc17xx.o
      1894          0        644          0         86       9344   eth_handle.o
      4828          0        681          0        240      11332   etharp.o
       564          0        322          0          0       3780   ethernet.o
      1088          0         95          0         16       8208   ethernetif.o
      1810          0          0          0        168       7273   gpdma_lpc17xx.o
       208          0          0          0          0       3702   gpio_lpc17xx.o
      1186          0        342          0          0       5224   icmp.o
       214          0         80          0        128       3734   if_dispatcher.o
       668          0          0          0          0       4180   inet_chksum.o
        48          0          0          0          0        566   init.o
         0          0          0          0         24       2604   ip.o
      2026          0        740          0          2       7396   ip4.o
      1110          6        105          0         16       4647   ip4_addr.o
      1086          4         88         16          8       5013   layer_void.o
       300          0          8          0          0       1977   led_open1768.o
       746          0        118          0         12       5062   main.o
      3174          0        757          0       6179       6442   mem.o
       672          0        558          0      15654       5525   memp.o
      1558          0        310          0          5       8717   netif.o
      3982          0       1009          0          0      13501   pbuf.o
       938          0         32          0         12       3586   phy_dp83848c.o
       292          0          0          0          0       2269   pin_lpc17xx.o
      1622          0        317          0          4       7612   raw.o
        42          0          0          0          0        708   retarget.o
       584          0         46          0          0       2444   retarget_io.o
         8          0          0          0          0        726   rtx_config.o
       340          0        260         72      12173       7549   rtx_lib.o
      1022          4         35          0       8276       3607   slab_alloc.o
        40         12        204          0          0       1036   startup_lpc17xx.o
       574          0         17          0          0       1704   string_extra.o
       726          0         16          0          4       6983   sys_arch.o
       854          8          0          4          0       2408   system_lpc17xx.o
     10310          0       1954          6         23      23366   tcp.o
     10078         16        987          0         56      14008   tcp_in.o
     10504          0       2121          0          0      19318   tcp_out.o
      2316          0          0          0         22      10489   tcp_server.o
      1074          6        257          0         16       9374   tcpip.o
      1206          0        366          0         12       4518   timeouts.o
      1318          0         87          0        212       8689   uart_handle.o
      8164         56        464          0         52      20926   uart_lpc17xx.o
       762          0        148          0          0       2428   uart_parser.o
       910          0        130          0          0       3192   uart_serializer.o
      3216          0        669          2          4      10315   udp.o

    ----------------------------------------------------------------------
     99692        184      15756        128      60516     332459   Object Totals
         0          0        112          0       6144          0   (incl. Generated)
       458          0          6          1         51          0   (incl. Padding)

    ----------------------------------------------------------------------

      Code (inc. data)   RO Data    RW Data    ZI Data      Debug   Library Member Name

       148         10          0          0          0        484   irq_cm3.o
       158         24          0          0          1       3108   os_systick.o
        56          4          0          0          0       2838   rtx_delay.o
       892         24          0          0          0      13364   rtx_evflags.o
       950         64         11        164          0      17132   rtx_kernel.o
       264          0          0          0          0       2403   rtx_memory.o
       202          0          0          0          0      16408   rtx_mempool.o
      1364         24          0          0          0      18781   rtx_msgqueue.o
       846         28          0          0          0       9465   rtx_mutex.o
       574         24          0          0          0      10965   rtx_semaphore.o
       364         18          0          0          0       5417   rtx_system.o
      1640         60          0          0          0      32225   rtx_thread.o
       228         20          0          0          0      10252   rtx_timer.o
        58          0          0          0          0          0   __dczerorl.o
         8          0          0          0          0         68   __main.o
       392          4         17          0          0         92   __printf_flags_ss_wp.o
        14          0          0          0          0         68   __printf_wp.o
         0          0          0          0          0          0   __rtentry.o
        20          0          0          0          0          0   __rtentry2.o
         8          4          0          0          0          0   __rtentry7.o
        52          8          0          0          0          0   __scatter.o
        26          0          0          0          0          0   __scatter_copy.o
        28          0          0          0          0          0   __scatter_zi.o
        72          0          0          0          0         96   _c16rtomb.o
        28          0          0          0          0         68   _chval.o
         6          0          0          0          0          0   _printf_a.o
         6          0          0          0          0          0   _printf_c.o
        44          0          0          0          0        108   _printf_char.o
        48          6          0          0          0         96   _printf_char_common.o
        64          6          0          0          0         84   _printf_char_file_locked.o
        40          0          0          0          0         68   _printf_charcount.o
         6          0          0          0          0          0   _printf_d.o
       120         16          0          0          0         92   _printf_dec.o
         6          0          0          0          0          0   _printf_e.o
         6          0          0          0          0          0   _printf_f.o
      1052          0          0          0          0        148   _printf_fp_dec.o
       764          8         38          0          0        100   _printf_fp_hex.o
       128         16          0          0          0         84   _printf_fp_infnan.o
         6          0          0          0          0          0   _printf_g.o
       148          4         40          0          0        160   _printf_hex_int_ll_ptr.o
         6          0          0          0          0          0   _printf_i.o
       178          0          0          0          0         88   _printf_intcommon.o
        10          0          0          0          0          0   _printf_l.o
         6          0          0          0          0          0   _printf_lc.o
        10          0          0          0          0          0   _printf_ll.o
         6          0          0          0          0          0   _printf_lld.o
         6          0          0          0          0          0   _printf_lli.o
         6          0          0          0          0          0   _printf_llo.o
         6          0          0          0          0          0   _printf_llu.o
         6          0          0          0          0          0   _printf_llx.o
       124         16          0          0          0         92   _printf_longlong_dec.o
         6          0          0          0          0          0   _printf_ls.o
         6          0          0          0          0          0   _printf_n.o
         6          0          0          0          0          0   _printf_o.o
       112          8          0          0          0        124   _printf_oct_int_ll.o
         6          0          0          0          0          0   _printf_p.o
        78          0          0          0          0        108   _printf_pad.o
         0          0          0          0          0          0   _printf_percent.o
         4          0          0          0          0          0   _printf_percent_end.o
         6          0          0          0          0          0   _printf_s.o
        82          0          0          0          0         80   _printf_str.o
        36          0          0          0          0         84   _printf_truncate.o
         6          0          0          0          0          0   _printf_u.o
        44          0          0          0          0        108   _printf_wchar.o
       188          6          8          0          0         92   _printf_wctomb.o
         6          0          0          0          0          0   _printf_x.o
        16          0          0          0          0         68   _snputc.o
       158          0          0          0          0         92   _strtoul.o
        22          0          0          0          0         80   abort.o
       228          4        148          0          0         96   bigflt0.o
      1936        128          0          0          0        668   btod.o
        48         34          0          0          0         76   defsig_abrt_inner.o
        14          0          0          0          0         80   defsig_abrt_outer.o
        10          0          0          0          0         68   defsig_exit.o
        50          0          0          0          0         88   defsig_general.o
        80         58          0          0          0         76   defsig_rtmem_inner.o
        14          0          0          0          0         80   defsig_rtmem_outer.o
        52         38          0          0          0         76   defsig_rtred_inner.o
        14          0          0          0          0         80   defsig_rtred_outer.o
        18          0          0          0          0         80   exit.o
        76          0          0          0          0         88   fclose.o
       144         10          0          0          0        128   fflush_locked.o
       482          0          0          0          0         92   flsbuf.o
       332         10          0          0          0        152   fopen_locked.o
        28          0          0          0          0         68   fputc.o
       248          6          0          0          0         84   fseek.o
        66          0          0          0          0         76   ftell.o
       166          0          0          0          0        144   h1_alloc_threads.o
        82          0          0          0          0        104   h1_extend_threads.o
        10          0          0          0          0         76   h1_final_threads.o
       118          0          0          0          0        108   h1_free_threads.o
        18          0          0          0          0         84   h1_init_threads.o
         4          0          0          0          0        136   hguard.o
         0          0          0          0          0          0   indicate_semi.o
       138          0          0          0          0        168   init_alloc.o
       456         48          0          0          0        116   initio_locked.o
        44         10        272          0          0         76   lc_ctype_c.o
        44         10         28          0          0         76   lc_numeric_c.o
         2          0          0          0          0          0   libinit.o
        38          0          0          0          0          0   libinit2.o
        16          8          0          0          0          0   libinit5.o
         2          0          0          0          0          0   libshutdown.o
        10          0          0          0          0          0   libshutdown2.o
         8          4          0          0         96         68   libspace.o
       138          0          0          0          0         80   lludiv10.o
       240          0          0          0          0        100   lludivv7m.o
         0          0          0          0          0          0   maybetermalloc2.o
        88          0          0          0          0         76   memcmp.o
        24          4          0          0          0         84   printf.o
       112         18          0          0        228        160   rand.o
        16          4          0          0          0         76   rt_ctype_table.o
         4          0          0          0          0         68   rt_errno_addr_twolibspace.o
        10          0          0          0          0         76   rt_heap_descriptor_twolibspace.o
        10          0          0          0          0         76   rt_locale_twolibspace.o
        68          0          0          0          0         68   rt_memclr.o
        78          0          0          0          0         80   rt_memclr_w.o
       138          0          0          0          0         68   rt_memcpy_v6.o
       100          0          0          0          0         80   rt_memcpy_w.o
         2          0          0          0          0          0   rtexit.o
        10          0          0          0          0          0   rtexit2.o
       104          0          0          0          0         88   setvbuf_locked.o
        64          6          0          0          0         84   snprintf.o
       264          6          0          0          0        160   stdio.o
         0          0          0         12        252          0   stdio_streams.o
       128          0          0          0          0         68   strcmpv7m.o
         0          0          0          4          0          0   streamlock.o
        62          0          0          0          0         76   strlen.o
        36          0          0          0          0         76   strncat.o
        86          0          0          0          0         76   strncpy.o
       112          0          0          0          0         88   strtol.o
        12          4          0          0          0         68   sys_exit.o
        14          0          0          0          0         76   sys_wrch.o
        16          0          0          0          0         80   term_alloc.o
         2          0          0          0          0         68   use_no_semi.o
         4          0          0          0          0         68   printf1.o
         4          0          0          0          0         68   printf2.o
         0          0          0          0          0          0   usenofp.o
        40          0          0          0          0         68   fpclassify.o

    ----------------------------------------------------------------------
     19008        812        564        180        580     150806   Library Totals
        44          0          2          0          3          0   (incl. Padding)

    ----------------------------------------------------------------------

      Code (inc. data)   RO Data    RW Data    ZI Data      Debug   Library Name

      7686        300         11        164          1     142842   RTX_CM3.lib
     11230        512        551         16        576       7760   c_w.l
         8          0          0          0          0        136   fz_ws.l
        40          0          0          0          0         68   m_ws.l

    ----------------------------------------------------------------------
     19008        812        564        180        580     150806   Library Totals

    ----------------------------------------------------------------------

==============================================================================


      Code (inc. data)   RO Data    RW Data    ZI Data      Debug   

    118700        996      16320        308      61096     477781   Grand Totals
    118700        996      16320        308      61096     477781   ELF Image Totals
    118700        996      16320        308          0          0   ROM Totals

==============================================================================

    Total RO  Size (Code + RO Data)               135020 ( 131.86kB)
    Total RW  Size (RW Data + ZI Data)             61404 (  59.96kB)
    Total ROM Size (Code + RO Data + RW Data)     135328 ( 132.16kB)

==============================================================================

