Component: Arm Compiler for Embedded 6.19 Tool: armlink [5e73cb00]

==============================================================================

Section Cross References

    main.o(.text.EINT0_IRQHandler) refers to main.o(.bss.evtFlags) for evtFlags
    main.o(.text.EINT0_IRQHandler) refers to rtx_evflags.o(.text.osEventFlagsSet) for osEventFlagsSet
    main.o(.ARM.exidx.text.EINT0_IRQHandler) refers to main.o(.text.EINT0_IRQHandler) for [Anonymous Symbol]
    main.o(.text.HardFault_Handler) refers to led_open1768.o(.text.LED_Initialize) for LED_Initialize
    main.o(.text.HardFault_Handler) refers to led_open1768.o(.text.LED_SetOut) for LED_SetOut
    main.o(.text.HardFault_Handler) refers to led_open1768.o(.text.LED_On) for LED_On
    main.o(.text.HardFault_Handler) refers to led_open1768.o(.text.LED_Off) for LED_Off
    main.o(.ARM.exidx.text.HardFault_Handler) refers to main.o(.text.HardFault_Handler) for [Anonymous Symbol]
    main.o(.text.osRtxErrorNotify) refers to main.o(.rodata.str1.1) for .L.str
    main.o(.text.osRtxErrorNotify) refers to uart_handle.o(.text.uart_printn) for uart_printn
    main.o(.text.osRtxErrorNotify) refers to uart_handle.o(.text.uart2_puts_sys) for uart2_puts_sys
    main.o(.ARM.exidx.text.osRtxErrorNotify) refers to main.o(.text.osRtxErrorNotify) for [Anonymous Symbol]
    main.o(.text.app_main) refers to led_open1768.o(.text.LED_On) for LED_On
    main.o(.text.app_main) refers to led_open1768.o(.text.LED_Off) for LED_Off
    main.o(.text.app_main) refers to eth_handle.o(.bss.eth_init_flags) for eth_init_flags
    main.o(.text.app_main) refers to rtx_evflags.o(.text.osEventFlagsWait) for osEventFlagsWait
    main.o(.text.app_main) refers to rtx_delay.o(.text.osDelay) for osDelay
    main.o(.text.app_main) refers to main.o(.bss.in_q) for in_q
    main.o(.text.app_main) refers to main.o(.bss.out_q) for out_q
    main.o(.text.app_main) refers to uart_handle.o(.text.initialize_uart_int) for initialize_uart_int
    main.o(.text.app_main) refers to layer_void.o(.text.init_pipeline) for init_pipeline
    main.o(.text.app_main) refers to if_dispatcher.o(.text.tick_dispatcher) for tick_dispatcher
    main.o(.ARM.exidx.text.app_main) refers to main.o(.text.app_main) for [Anonymous Symbol]
    main.o(.text.main) refers to system_lpc17xx.o(.text.SystemCoreClockUpdate) for SystemCoreClockUpdate
    main.o(.text.main) refers to led_open1768.o(.text.LED_Initialize) for LED_Initialize
    main.o(.text.main) refers to led_open1768.o(.text.LED_SetOut) for LED_SetOut
    main.o(.text.main) refers to uart_handle.o(.text.initialize_uart_per) for initialize_uart_per
    main.o(.text.main) refers to rtx_kernel.o(.text.osKernelInitialize) for osKernelInitialize
    main.o(.text.main) refers to slab_alloc.o(.text.slab_init) for slab_init
    main.o(.text.main) refers to rtx_msgqueue.o(.text.osMessageQueueNew) for osMessageQueueNew
    main.o(.text.main) refers to main.o(.bss.in_q) for in_q
    main.o(.text.main) refers to main.o(.bss.out_q) for out_q
    main.o(.text.main) refers to eth_handle.o(.text.initialize_eth_int) for initialize_eth_int
    main.o(.text.main) refers to main.o(.rodata..L__const.main.main_attr) for .L__const.main.main_attr
    main.o(.text.main) refers to main.o(.text.app_main) for app_main
    main.o(.text.main) refers to rtx_thread.o(.text.osThreadNew) for osThreadNew
    main.o(.text.main) refers to rtx_kernel.o(.text.osKernelGetState) for osKernelGetState
    main.o(.text.main) refers to rtx_kernel.o(.text.osKernelStart) for osKernelStart
    main.o(.text.main) refers to main.o(.rodata.str1.1) for .L.str.4
    main.o(.text.main) refers to printf.o(.text) for printf
    main.o(.ARM.exidx.text.main) refers to main.o(.text.main) for [Anonymous Symbol]
    main.o(.rodata..L__const.main.main_attr) refers to main.o(.rodata.str1.1) for [Anonymous Symbol]
    string_extra.o(.ARM.exidx.text.itoa_dec) refers to string_extra.o(.text.itoa_dec) for [Anonymous Symbol]
    string_extra.o(.text.itoa_hex) refers to string_extra.o(.rodata.str1.1) for .L__const.itoa_hex.hex_chars
    string_extra.o(.text.itoa_hex) refers to rt_memcpy_v6.o(.text) for __aeabi_memcpy
    string_extra.o(.ARM.exidx.text.itoa_hex) refers to string_extra.o(.text.itoa_hex) for [Anonymous Symbol]
    string_extra.o(.text.itoa) refers to string_extra.o(.text.itoa_dec) for itoa_dec
    string_extra.o(.text.itoa) refers to string_extra.o(.text.itoa_hex) for itoa_hex
    string_extra.o(.ARM.exidx.text.itoa) refers to string_extra.o(.text.itoa) for [Anonymous Symbol]
    string_extra.o(.ARM.exidx.text.strnlen) refers to string_extra.o(.text.strnlen) for [Anonymous Symbol]
    uart_handle.o(.text.UART_signal_event) refers to uart_handle.o(.bss.uart_flags) for uart_flags
    uart_handle.o(.text.UART_signal_event) refers to rtx_evflags.o(.text.osEventFlagsSet) for osEventFlagsSet
    uart_handle.o(.ARM.exidx.text.UART_signal_event) refers to uart_handle.o(.text.UART_signal_event) for [Anonymous Symbol]
[...]
    0x00009942   0x00009942   0x00000002   PAD
    0x00009944   0x00009944   0x00000072   Code   RO         1098    .text.do_memp_free_pool  memp.o
    0x000099b6   0x000099b6   0x00000002   PAD
    0x000099b8   0x000099b8   0x000000b6   Code   RO         1092    .text.do_memp_malloc_pool_fn  memp.o
    0x00009a6e   0x00009a6e   0x00000002   PAD
    0x00009a70   0x00009a70   0x0000001e   Code   RO         1663    .text.eth0_notify   ethernetif.o
    0x00009a8e   0x00009a8e   0x00000002   PAD
    0x00009a90   0x00009a90   0x000002ba   Code   RO           88    .text.eth_init_worker  eth_handle.o
    0x00009d4a   0x00009d4a   0x00000002   PAD
    0x00009d4c   0x00009d4c   0x0000003c   Code   RO          972    .text.etharp_acd_announce  etharp.o
    0x00009d88   0x00009d88   0x00000042   Code   RO          970    .text.etharp_acd_probe  etharp.o
    0x00009dca   0x00009dca   0x00000002   PAD
    0x00009dcc   0x00009dcc   0x00000410   Code   RO          952    .text.etharp_find_entry  etharp.o
    0x0000a1dc   0x0000a1dc   0x000000a0   Code   RO          944    .text.etharp_free_entry  etharp.o
    0x0000a27c   0x0000a27c   0x00000172   Code   RO          956    .text.etharp_input  etharp.o
    0x0000a3ee   0x0000a3ee   0x00000002   PAD
    0x0000a3f0   0x0000a3f0   0x0000027a   Code   RO          962    .text.etharp_output  etharp.o
    0x0000a66a   0x0000a66a   0x00000002   PAD
    0x0000a66c   0x0000a66c   0x0000015e   Code   RO          964    .text.etharp_output_to_arp_index  etharp.o
    0x0000a7ca   0x0000a7ca   0x00000002   PAD
    0x0000a7cc   0x0000a7cc   0x000003b6   Code   RO          966    .text.etharp_query  etharp.o
    0x0000ab82   0x0000ab82   0x00000002   PAD
    0x0000ab84   0x0000ab84   0x00000192   Code   RO          960    .text.etharp_raw    etharp.o
    0x0000ad16   0x0000ad16   0x00000002   PAD
    0x0000ad18   0x0000ad18   0x00000020   Code   RO          946    .text.etharp_request  etharp.o
    0x0000ad38   0x0000ad38   0x0000003c   Code   RO          968    .text.etharp_request_dst  etharp.o
    0x0000ad74   0x0000ad74   0x00000158   Code   RO          942    .text.etharp_tmr    etharp.o
    0x0000aecc   0x0000aecc   0x00000168   Code   RO          958    .text.etharp_update_arp_entry  etharp.o
    0x0000b034   0x0000b034   0x0000016a   Code   RO         1637    .text.ethernet_input  ethernet.o
    0x0000b19e   0x0000b19e   0x00000002   PAD
    0x0000b1a0   0x0000b1a0   0x000000ca   Code   RO         1639    .text.ethernet_output  ethernet.o
    0x0000b26a   0x0000b26a   0x00000002   PAD
    0x0000b26c   0x0000b26c   0x000000d8   Code   RO         1657    .text.ethernetif_check_link  ethernetif.o
    0x0000b344   0x0000b344   0x0000007c   Code   RO         1651    .text.ethernetif_init  ethernetif.o
    0x0000b3c0   0x0000b3c0   0x00000056   Code   RO         1661    .text.ethernetif_input  ethernetif.o
    0x0000b416   0x0000b416   0x00000002   PAD
    0x0000b418   0x0000b418   0x00000040   Code   RO         1659    .text.ethernetif_poll  ethernetif.o
    0x0000b458   0x0000b458   0x00000050   Code   RO          150    .text.find_free_index  slab_alloc.o
    0x0000b4a8   0x0000b4a8   0x0000001a   Code   RO          985    .text.icmp_dest_unreach  icmp.o
    0x0000b4c2   0x0000b4c2   0x00000002   PAD
    0x0000b4c4   0x0000b4c4   0x00000368   Code   RO          983    .text.icmp_input    icmp.o
    0x0000b82c   0x0000b82c   0x00000120   Code   RO          987    .text.icmp_send_response  icmp.o
    0x0000b94c   0x0000b94c   0x0000001e   Code   RO          797    .text.inet_chksum   inet_chksum.o
    0x0000b96a   0x0000b96a   0x00000002   PAD
    0x0000b96c   0x0000b96c   0x0000007a   Code   RO          799    .text.inet_chksum_pbuf  inet_chksum.o
    0x0000b9e6   0x0000b9e6   0x00000002   PAD
    0x0000b9e8   0x0000b9e8   0x0000006c   Code   RO          785    .text.inet_chksum_pseudo  inet_chksum.o
    0x0000ba54   0x0000ba54   0x000000be   Code   RO          787    .text.inet_cksum_pseudo_base  inet_chksum.o
    0x0000bb12   0x0000bb12   0x00000002   PAD
    0x0000bb14   0x0000bb14   0x00000096   Code   RO          183    .text.init_pipeline  layer_void.o
    0x0000bbaa   0x0000bbaa   0x00000002   PAD
    0x0000bbac   0x0000bbac   0x000000a0   Code   RO          435    .text.init_rx_desc  emac_lpc17xx.o
    0x0000bc4c   0x0000bc4c   0x00000090   Code   RO          437    .text.init_tx_desc  emac_lpc17xx.o
    0x0000bcdc   0x0000bcdc   0x00000092   Code   RO           86    .text.initialize_eth_int  eth_handle.o
    0x0000bd6e   0x0000bd6e   0x00000002   PAD
    0x0000bd70   0x0000bd70   0x0000002a   Code   RO          235    .text.initialize_tcp_srv_threadctx  tcp_server.o
    0x0000bd9a   0x0000bd9a   0x00000002   PAD
    0x0000bd9c   0x0000bd9c   0x000000e0   Code   RO           59    .text.initialize_uart_int  uart_handle.o
    0x0000be7c   0x0000be7c   0x000000ce   Code   RO           51    .text.initialize_uart_per  uart_handle.o
    0x0000bf4a   0x0000bf4a   0x00000002   PAD
    0x0000bf4c   0x0000bf4c   0x00000064   Code   RO          451    .text.input_MDIO    emac_lpc17xx.o
    0x0000bfb0   0x0000bfb0   0x00000084   Code   RO         1023    .text.ip4_addr_isbroadcast_u32  ip4_addr.o
    0x0000c034   0x0000c034   0x0000003e   Code   RO         1002    .text.ip4_debug_print  ip4.o
    0x0000c072   0x0000c072   0x00000002   PAD
    0x0000c074   0x0000c074   0x000003f4   Code   RO         1000    .text.ip4_input     ip4.o
    0x0000c468   0x0000c468   0x0000006a   Code   RO         1004    .text.ip4_input_accept  ip4.o
    0x0000c4d2   0x0000c4d2   0x00000002   PAD
    0x0000c4d4   0x0000c4d4   0x0000006e   Code   RO         1006    .text.ip4_output_if  ip4.o
    0x0000c542   0x0000c542   0x00000002   PAD
    0x0000c544   0x0000c544   0x00000232   Code   RO         1008    .text.ip4_output_if_src  ip4.o
    0x0000c776   0x0000c776   0x00000002   PAD
    0x0000c778   0x0000c778   0x000000ae   Code   RO          998    .text.ip4_route     ip4.o
    0x0000c826   0x0000c826   0x00000002   PAD
    0x0000c828   0x0000c828   0x000002aa   Code   RO         1029    .text.ip4addr_aton  ip4_addr.o
    0x0000cad2   0x0000cad2   0x00000002   PAD
    0x0000cad4   0x0000cad4   0x0000001a   Code   RO         1033    .text.ip4addr_ntoa  ip4_addr.o
    0x0000caee   0x0000caee   0x00000002   PAD
    0x0000caf0   0x0000caf0   0x00000100   Code   RO         1035    .text.ip4addr_ntoa_r  ip4_addr.o
    0x0000cbf0   0x0000cbf0   0x00000032   Code   RO          789    .text.ip_chksum_pseudo  inet_chksum.o
    0x0000cc22   0x0000cc22   0x00000002   PAD
    0x0000cc24   0x0000cc24   0x00000040   Code   RO           31    .text.itoa          string_extra.o
    0x0000cc64   0x0000cc64   0x000000f2   Code   RO           27    .text.itoa_dec      string_extra.o
    0x0000cd56   0x0000cd56   0x00000002   PAD
    0x0000cd58   0x0000cd58   0x000000ca   Code   RO           29    .text.itoa_hex      string_extra.o
    0x0000ce22   0x0000ce22   0x00000002   PAD
    0x0000ce24   0x0000ce24   0x00000040   Code   RO           84    .text.link_callback  eth_handle.o
    0x0000ce64   0x0000ce64   0x0000011e   Code   RO         1655    .text.low_level_init  ethernetif.o
    0x0000cf82   0x0000cf82   0x00000002   PAD
    0x0000cf84   0x0000cf84   0x000000b2   Code   RO         1665    .text.low_level_input  ethernetif.o
    0x0000d036   0x0000d036   0x00000002   PAD
    0x0000d038   0x0000d038   0x00000068   Code   RO         1653    .text.low_level_output  ethernetif.o
    0x0000d0a0   0x0000d0a0   0x0000007a   Code   RO         1568    .text.lwip_cyclic_timer  timeouts.o
    0x0000d11a   0x0000d11a   0x00000002   PAD
    0x0000d11c   0x0000d11c   0x00000020   Code   RO          763    .text.lwip_htonl    def.o
    0x0000d13c   0x0000d13c   0x00000010   Code   RO          761    .text.lwip_htons    def.o
    0x0000d14c   0x0000d14c   0x00000030   Code   RO          809    .text.lwip_init     init.o
    0x0000d17c   0x0000d17c   0x0000001a   Code   RO           80    .text.lwip_init_cb  eth_handle.o
    0x0000d196   0x0000d196   0x00000002   PAD
    0x0000d198   0x0000d198   0x000000a8   Code   RO          783    .text.lwip_standard_chksum  inet_chksum.o
    0x0000d240   0x0000d240   0x00000110   Code   RO           12    .text.main          main.o
    0x0000d350   0x0000d350   0x0000016c   Code   RO         1057    .text.mem_free      mem.o
    0x0000d4bc   0x0000d4bc   0x000000ae   Code   RO         1053    .text.mem_init      mem.o
    0x0000d56a   0x0000d56a   0x00000002   PAD
    0x0000d56c   0x0000d56c   0x0000008a   Code   RO         1059    .text.mem_link_valid  mem.o
    0x0000d5f6   0x0000d5f6   0x00000002   PAD
    0x0000d5f8   0x0000d5f8   0x00000348   Code   RO         1067    .text.mem_malloc    mem.o
    0x0000d940   0x0000d940   0x000000f6   Code   RO         1049    .text.mem_overflow_check_raw  mem.o
    0x0000da36   0x0000da36   0x00000002   PAD
    0x0000da38   0x0000da38   0x00000030   Code   RO         1051    .text.mem_overflow_init_raw  mem.o
    0x0000da68   0x0000da68   0x00000018   Code   RO         1065    .text.mem_to_ptr    mem.o
    0x0000da80   0x0000da80   0x0000033a   Code   RO         1063    .text.mem_trim      mem.o
    0x0000ddba   0x0000ddba   0x00000002   PAD
    0x0000ddbc   0x0000ddbc   0x0000004e   Code   RO         1100    .text.memp_free     memp.o
    0x0000de0a   0x0000de0a   0x00000002   PAD
    0x0000de0c   0x0000de0c   0x0000003c   Code   RO         1088    .text.memp_init     memp.o
    0x0000de48   0x0000de48   0x0000005e   Code   RO         1084    .text.memp_init_pool  memp.o
    0x0000dea6   0x0000dea6   0x00000002   PAD
    0x0000dea8   0x0000dea8   0x00000056   Code   RO         1094    .text.memp_malloc_fn  memp.o
    0x0000defe   0x0000defe   0x00000002   PAD
    0x0000df00   0x0000df00   0x00000022   Code   RO         1102    .text.memp_overflow_check_element  memp.o
    0x0000df22   0x0000df22   0x00000002   PAD
    0x0000df24   0x0000df24   0x00000018   Code   RO         1086    .text.memp_overflow_init_element  memp.o
    0x0000df3c   0x0000df3c   0x0000004c   Code   RO         1690    .text.ms2tick       sys_arch.o
    0x0000df88   0x0000df88   0x0000016a   Code   RO         1149    .text.netif_add     netif.o
    0x0000e0f2   0x0000e0f2   0x00000002   PAD
    0x0000e0f4   0x0000e0f4   0x00000024   Code   RO         1169    .text.netif_do_ip_addr_changed  netif.o
    0x0000e118   0x0000e118   0x00000046   Code   RO         1165    .text.netif_do_set_gw  netif.o
    0x0000e15e   0x0000e15e   0x00000002   PAD
    0x0000e160   0x0000e160   0x000000f2   Code   RO         1157    .text.netif_do_set_ipaddr  netif.o
    0x0000e252   0x0000e252   0x00000002   PAD
    0x0000e254   0x0000e254   0x00000046   Code   RO         1161    .text.netif_do_set_netmask  netif.o
    0x0000e29a   0x0000e29a   0x00000002   PAD
    0x0000e29c   0x0000e29c   0x00000048   Code   RO         1193    .text.netif_get_by_index  netif.o
    0x0000e2e4   0x0000e2e4   0x00000002   Code   RO         1143    .text.netif_init    netif.o
    0x0000e2e6   0x0000e2e6   0x00000002   PAD
    0x0000e2e8   0x0000e2e8   0x00000074   Code   RO         1177    .text.netif_issue_reports  netif.o
    0x0000e35c   0x0000e35c   0x00000010   Code   RO         1151    .text.netif_null_output_ip4  netif.o
    0x0000e36c   0x0000e36c   0x000000bc   Code   RO         1153    .text.netif_set_addr  netif.o
    0x0000e428   0x0000e428   0x00000022   Code   RO         1173    .text.netif_set_default  netif.o
    0x0000e44a   0x0000e44a   0x00000002   PAD
    0x0000e44c   0x0000e44c   0x00000018   Code   RO         1185    .text.netif_set_link_callback  netif.o
    0x0000e464   0x0000e464   0x00000062   Code   RO         1183    .text.netif_set_link_down  netif.o
    0x0000e4c6   0x0000e4c6   0x00000002   PAD
    0x0000e4c8   0x0000e4c8   0x0000006a   Code   RO         1181    .text.netif_set_link_up  netif.o
    0x0000e532   0x0000e532   0x00000002   PAD
    0x0000e534   0x0000e534   0x00000018   Code   RO         1179    .text.netif_set_status_callback  netif.o
    0x0000e54c   0x0000e54c   0x00000062   Code   RO         1175    .text.netif_set_up  netif.o
    0x0000e5ae   0x0000e5ae   0x00000002   PAD
    0x0000e5b0   0x0000e5b0   0x00000034   Code   RO           92    .text.netw          eth_handle.o
    0x0000e5e4   0x0000e5e4   0x00000024   Code   RO         1927    .text.osDelay       RTX_CM3.lib(rtx_delay.o)
    0x0000e608   0x0000e608   0x00000024   Code   RO         1950    .text.osEventFlagsClear  RTX_CM3.lib(rtx_evflags.o)
    0x0000e62c   0x0000e62c   0x00000024   Code   RO         1960    .text.osEventFlagsDelete  RTX_CM3.lib(rtx_evflags.o)
    0x0000e650   0x0000e650   0x00000024   Code   RO         1944    .text.osEventFlagsNew  RTX_CM3.lib(rtx_evflags.o)
    0x0000e674   0x0000e674   0x0000004c   Code   RO         1948    .text.osEventFlagsSet  RTX_CM3.lib(rtx_evflags.o)
    0x0000e6c0   0x0000e6c0   0x00000054   Code   RO         1958    .text.osEventFlagsWait  RTX_CM3.lib(rtx_evflags.o)
    0x0000e714   0x0000e714   0x0000002c   Code   RO         1737    .text.osKernelGetState  RTX_CM3.lib(rtx_kernel.o)
    0x0000e740   0x0000e740   0x00000024   Code   RO         1761    .text.osKernelGetSysTimerCount  RTX_CM3.lib(rtx_kernel.o)
    0x0000e764   0x0000e764   0x00000024   Code   RO         1765    .text.osKernelGetSysTimerFreq  RTX_CM3.lib(rtx_kernel.o)
    0x0000e788   0x0000e788   0x00000028   Code   RO         1753    .text.osKernelGetTickCount  RTX_CM3.lib(rtx_kernel.o)
    0x0000e7b0   0x0000e7b0   0x00000028   Code   RO         1757    .text.osKernelGetTickFreq  RTX_CM3.lib(rtx_kernel.o)
    0x0000e7d8   0x0000e7d8   0x0000002c   Code   RO         1731    .text.osKernelInitialize  RTX_CM3.lib(rtx_kernel.o)
    0x0000e804   0x0000e804   0x00000024   Code   RO         1743    .text.osKernelLock  RTX_CM3.lib(rtx_kernel.o)
    0x0000e828   0x0000e828   0x00000024   Code   RO         1747    .text.osKernelRestoreLock  RTX_CM3.lib(rtx_kernel.o)
    0x0000e84c   0x0000e84c   0x00000024   Code   RO         1741    .text.osKernelStart  RTX_CM3.lib(rtx_kernel.o)
    0x0000e870   0x0000e870   0x0000006c   Code   RO         2061    .text.osMessageQueueGet  RTX_CM3.lib(rtx_msgqueue.o)
    0x0000e8dc   0x0000e8dc   0x00000024   Code   RO         2055    .text.osMessageQueueNew  RTX_CM3.lib(rtx_msgqueue.o)
    0x0000e900   0x0000e900   0x00000078   Code   RO         2059    .text.osMessageQueuePut  RTX_CM3.lib(rtx_msgqueue.o)
    0x0000e978   0x0000e978   0x00000024   Code   RO         1991    .text.osMutexAcquire  RTX_CM3.lib(rtx_mutex.o)
    0x0000e99c   0x0000e99c   0x00000024   Code   RO         1997    .text.osMutexDelete  RTX_CM3.lib(rtx_mutex.o)
    0x0000e9c0   0x0000e9c0   0x00000024   Code   RO         1987    .text.osMutexNew    RTX_CM3.lib(rtx_mutex.o)
    0x0000e9e4   0x0000e9e4   0x00000024   Code   RO         1993    .text.osMutexRelease  RTX_CM3.lib(rtx_mutex.o)
    0x0000ea08   0x0000ea08   0x00000066   Code   RO            8    .text.osRtxErrorNotify  main.o
    0x0000ea6e   0x0000ea6e   0x00000032   Code   RO         1964    .text.osRtxEventFlagsPostProcess  RTX_CM3.lib(rtx_evflags.o)
    0x0000eaa0   0x0000eaa0   0x00000008   Code   RO          360    .text.osRtxIdleThread  rtx_config.o
    0x0000eaa8   0x0000eaa8   0x00000002   Code   RO         1729    .text.osRtxKernelPreInit  RTX_CM3.lib(rtx_kernel.o)
    0x0000eaaa   0x0000eaaa   0x00000080   Code   RO         2160    .text.osRtxMemoryAlloc  RTX_CM3.lib(rtx_memory.o)
    0x0000eb2a   0x0000eb2a   0x00000052   Code   RO         2162    .text.osRtxMemoryFree  RTX_CM3.lib(rtx_memory.o)
    0x0000eb7c   0x0000eb7c   0x00000036   Code   RO         2158    .text.osRtxMemoryInit  RTX_CM3.lib(rtx_memory.o)
    0x0000ebb2   0x0000ebb2   0x0000003a   Code   RO         2175    .text.osRtxMemoryPoolAlloc  RTX_CM3.lib(rtx_mempool.o)
    0x0000ebec   0x0000ebec   0x0000004a   Code   RO         2177    .text.osRtxMemoryPoolFree  RTX_CM3.lib(rtx_mempool.o)
    0x0000ec36   0x0000ec36   0x00000046   Code   RO         2173    .text.osRtxMemoryPoolInit  RTX_CM3.lib(rtx_mempool.o)
    0x0000ec7c   0x0000ec7c   0x000000ba   Code   RO         2085    .text.osRtxMessageQueuePostProcess  RTX_CM3.lib(rtx_msgqueue.o)
    0x0000ed36   0x0000ed36   0x0000004a   Code   RO         1985    .text.osRtxMutexOwnerRelease  RTX_CM3.lib(rtx_mutex.o)
    0x0000ed80   0x0000ed80   0x0000008c   Code   RO         2228    .text.osRtxPendSV_Handler  RTX_CM3.lib(rtx_system.o)
    0x0000ee0c   0x0000ee0c   0x00000070   Code   RO         2230    .text.osRtxPostProcess  RTX_CM3.lib(rtx_system.o)
    0x0000ee7c   0x0000ee7c   0x00000036   Code   RO         2036    .text.osRtxSemaphorePostProcess  RTX_CM3.lib(rtx_semaphore.o)
    0x0000eeb2   0x0000eeb2   0x00000002   PAD
    0x0000eeb4   0x0000eeb4   0x00000034   Code   RO         1814    .text.osRtxThreadBlock  RTX_CM3.lib(rtx_thread.o)
    0x0000eee8   0x0000eee8   0x00000084   Code   RO         1822    .text.osRtxThreadDelayInsert  RTX_CM3.lib(rtx_thread.o)
    0x0000ef6c   0x0000ef6c   0x00000038   Code   RO         1818    .text.osRtxThreadDelayRemove  RTX_CM3.lib(rtx_thread.o)
    0x0000efa4   0x0000efa4   0x00000030   Code   RO         1804    .text.osRtxThreadDelayTick  RTX_CM3.lib(rtx_thread.o)
    0x0000efd4   0x0000efd4   0x00000058   Code   RO         1812    .text.osRtxThreadDispatch  RTX_CM3.lib(rtx_thread.o)
    0x0000f02c   0x0000f02c   0x00000054   Code   RO         1898    .text.osRtxThreadFree  RTX_CM3.lib(rtx_thread.o)
    0x0000f080   0x0000f080   0x00000014   Code   RO         1796    .text.osRtxThreadListGet  RTX_CM3.lib(rtx_thread.o)
    0x0000f094   0x0000f094   0x0000002a   Code   RO         1794    .text.osRtxThreadListPut  RTX_CM3.lib(rtx_thread.o)
    0x0000f0be   0x0000f0be   0x00000014   Code   RO         1800    .text.osRtxThreadListRemove  RTX_CM3.lib(rtx_thread.o)
    0x0000f0d2   0x0000f0d2   0x00000028   Code   RO         1798    .text.osRtxThreadListSort  RTX_CM3.lib(rtx_thread.o)
    0x0000f0fa   0x0000f0fa   0x0000002a   Code   RO         1872    .text.osRtxThreadPostProcess  RTX_CM3.lib(rtx_thread.o)
    0x0000f124   0x0000f124   0x00000010   Code   RO         1802    .text.osRtxThreadReadyPut  RTX_CM3.lib(rtx_thread.o)
    0x0000f134   0x0000f134   0x00000006   Code   RO         1806    .text.osRtxThreadRegPtr  RTX_CM3.lib(rtx_thread.o)
    0x0000f13a   0x0000f13a   0x00000002   PAD
    0x0000f13c   0x0000f13c   0x00000028   Code   RO         1810    .text.osRtxThreadStackCheck  RTX_CM3.lib(rtx_thread.o)
    0x0000f164   0x0000f164   0x00000038   Code   RO         1824    .text.osRtxThreadStartup  RTX_CM3.lib(rtx_thread.o)
    0x0000f19c   0x0000f19c   0x0000000c   Code   RO         1808    .text.osRtxThreadSwitch  RTX_CM3.lib(rtx_thread.o)
    0x0000f1a8   0x0000f1a8   0x0000003c   Code   RO         1820    .text.osRtxThreadWaitEnter  RTX_CM3.lib(rtx_thread.o)
    0x0000f1e4   0x0000f1e4   0x00000024   Code   RO         1816    .text.osRtxThreadWaitExit  RTX_CM3.lib(rtx_thread.o)
    0x0000f208   0x0000f208   0x00000070   Code   RO         2226    .text.osRtxTick_Handler  RTX_CM3.lib(rtx_system.o)
    0x0000f278   0x0000f278   0x0000003c   Code   RO         2117    .text.osRtxTimerThread  RTX_CM3.lib(rtx_timer.o)
    0x0000f2b4   0x0000f2b4   0x00000058   Code   RO         2119    .text.osRtxTimerTick  RTX_CM3.lib(rtx_timer.o)
    0x0000f30c   0x0000f30c   0x00000054   Code   RO         2024    .text.osSemaphoreAcquire  RTX_CM3.lib(rtx_semaphore.o)
    0x0000f360   0x0000f360   0x00000024   Code   RO         2020    .text.osSemaphoreNew  RTX_CM3.lib(rtx_semaphore.o)
    0x0000f384   0x0000f384   0x00000064   Code   RO         2026    .text.osSemaphoreRelease  RTX_CM3.lib(rtx_semaphore.o)
    0x0000f3e8   0x0000f3e8   0x0000000c   Code   RO         1856    .text.osThreadExit  RTX_CM3.lib(rtx_thread.o)
    0x0000f3f4   0x0000f3f4   0x00000028   Code   RO         1832    .text.osThreadGetId  RTX_CM3.lib(rtx_thread.o)
    0x0000f41c   0x0000f41c   0x00000024   Code   RO         1828    .text.osThreadNew   RTX_CM3.lib(rtx_thread.o)
    0x0000f440   0x0000f440   0x00000036   Code   RO          323    .text.os_kernel_is_active  rtx_lib.o
    0x0000f476   0x0000f476   0x00000002   PAD
    0x0000f478   0x0000f478   0x0000005e   Code   RO          447    .text.output_MDIO   emac_lpc17xx.o
    0x0000f4d6   0x0000f4d6   0x00000002   PAD
    0x0000f4d8   0x0000f4d8   0x00000042   Code   RO          256    .text.pack_header   command.o
    0x0000f51a   0x0000f51a   0x00000002   PAD
    0x0000f51c   0x0000f51c   0x00000028   Code   RO          135    .text.pack_uint32   uart_serializer.o
    0x0000f544   0x0000f544   0x00000216   Code   RO          117    .text.parse_command  uart_parser.o
    0x0000f75a   0x0000f75a   0x00000002   PAD
    0x0000f75c   0x0000f75c   0x00000016   Code   RO         1215    .text.pbuf_add_header  pbuf.o
    0x0000f772   0x0000f772   0x00000002   PAD
    0x0000f774   0x0000f774   0x00000110   Code   RO         1217    .text.pbuf_add_header_impl  pbuf.o
    0x0000f884   0x0000f884   0x000002c4   Code   RO         1205    .text.pbuf_alloc    pbuf.o
    0x0000fb48   0x0000fb48   0x000000cc   Code   RO         1207    .text.pbuf_alloc_reference  pbuf.o
    0x0000fc14   0x0000fc14   0x000000da   Code   RO         1235    .text.pbuf_cat      pbuf.o
    0x0000fcee   0x0000fcee   0x00000002   PAD
    0x0000fcf0   0x0000fcf0   0x0000001e   Code   RO         1237    .text.pbuf_chain    pbuf.o
    0x0000fd0e   0x0000fd0e   0x00000002   PAD
    0x0000fd10   0x0000fd10   0x0000002c   Code   RO         1231    .text.pbuf_clen     pbuf.o
    0x0000fd3c   0x0000fd3c   0x0000007c   Code   RO         1259    .text.pbuf_clone    pbuf.o
    0x0000fdb8   0x0000fdb8   0x00000084   Code   RO          239    .text.pbuf_consume_bytes  tcp_server.o
    0x0000fe3c   0x0000fe3c   0x00000048   Code   RO         1241    .text.pbuf_copy     pbuf.o
    0x0000fe84   0x0000fe84   0x0000013a   Code   RO         1245    .text.pbuf_copy_partial  pbuf.o
    0x0000ffbe   0x0000ffbe   0x00000002   PAD
    0x0000ffc0   0x0000ffc0   0x00000292   Code   RO         1243    .text.pbuf_copy_partial_pbuf  pbuf.o
    0x00010252   0x00010252   0x00000002   PAD
    0x00010254   0x00010254   0x0000017c   Code   RO         1209    .text.pbuf_free     pbuf.o
    0x000103d0   0x000103d0   0x0000001a   Code   RO         1223    .text.pbuf_header   pbuf.o
    0x000103ea   0x000103ea   0x00000002   PAD
    0x000103ec   0x000103ec   0x0000001a   Code   RO         1227    .text.pbuf_header_force  pbuf.o
    0x00010406   0x00010406   0x00000002   PAD
    0x00010408   0x00010408   0x00000048   Code   RO         1225    .text.pbuf_header_impl  pbuf.o
    0x00010450   0x00010450   0x0000005e   Code   RO         1211    .text.pbuf_init_alloced_pbuf  pbuf.o
    0x000104ae   0x000104ae   0x00000002   PAD
    0x000104b0   0x000104b0   0x0000019e   Code   RO         1213    .text.pbuf_realloc  pbuf.o
    0x0001064e   0x0001064e   0x00000002   PAD
    0x00010650   0x00010650   0x00000064   Code   RO         1233    .text.pbuf_ref      pbuf.o
    0x000106b4   0x000106b4   0x000000d0   Code   RO         1221    .text.pbuf_remove_header  pbuf.o
    0x00010784   0x00010784   0x00000094   Code   RO           96    .text.ping_raw_init_cb  eth_handle.o
    0x00010818   0x00010818   0x0000008a   Code   RO           98    .text.ping_recv     eth_handle.o
    0x000108a2   0x000108a2   0x00000002   PAD
    0x000108a4   0x000108a4   0x00000160   Code   RO           74    .text.ping_send_req_cb  eth_handle.o
    0x00010a04   0x00010a04   0x00000064   Code   RO          185    .text.pipeline_worker  layer_void.o
    0x00010a68   0x00010a68   0x000001e8   Code   RO         1061    .text.plug_holes    mem.o
    0x00010c50   0x00010c50   0x000000ea   Code   RO          177    .text.process_request_cmd  layer_void.o
    0x00010d3a   0x00010d3a   0x00000002   PAD
    0x00010d3c   0x00010d3c   0x0000003e   Code   RO          179    .text.process_request_sim  layer_void.o
    0x00010d7a   0x00010d7a   0x00000002   PAD
    0x00010d7c   0x00010d7c   0x0000003e   Code   RO          181    .text.process_request_void  layer_void.o
    0x00010dba   0x00010dba   0x00000002   PAD
    0x00010dbc   0x00010dbc   0x0000001a   Code   RO         1055    .text.ptr_to_mem    mem.o
    0x00010dd6   0x00010dd6   0x00000002   PAD
    0x00010dd8   0x00010dd8   0x00000044   Code   RO         1285    .text.raw_bind      raw.o
    0x00010e1c   0x00010e1c   0x0000014a   Code   RO         1281    .text.raw_input     raw.o
    0x00010f66   0x00010f66   0x00000002   PAD
    0x00010f68   0x00010f68   0x0000009e   Code   RO         1283    .text.raw_input_local_match  raw.o
    0x00011006   0x00011006   0x00000002   PAD
    0x00011008   0x00011008   0x0000005e   Code   RO         1307    .text.raw_netif_ip_addr_changed  raw.o
    0x00011066   0x00011066   0x00000002   PAD
    0x00011068   0x00011068   0x00000066   Code   RO         1303    .text.raw_new       raw.o
    0x000110ce   0x000110ce   0x00000002   PAD
    0x000110d0   0x000110d0   0x00000018   Code   RO         1293    .text.raw_recv      raw.o
    0x000110e8   0x000110e8   0x0000015c   Code   RO         1295    .text.raw_sendto    raw.o
    0x00011244   0x00011244   0x000001f2   Code   RO         1297    .text.raw_sendto_if_src  raw.o
    0x00011436   0x00011436   0x00000002   PAD
    0x00011438   0x00011438   0x0000003a   Code   RO          119    .text.safe_cat      uart_parser.o
    0x00011472   0x00011472   0x00000002   PAD
    0x00011474   0x00011474   0x00000056   Code   RO          121    .text.safe_cat_payload  uart_parser.o
    0x000114ca   0x000114ca   0x00000002   PAD
    0x000114cc   0x000114cc   0x000002a8   Code   RO          133    .text.serialize_command_alloc  uart_serializer.o
    0x00011774   0x00011774   0x0000003a   Code   RO           76    .text.set_fallback_ip_cb  eth_handle.o
    0x000117ae   0x000117ae   0x00000002   PAD
    0x000117b0   0x000117b0   0x00000036   Code   RO          152    .text.set_flag      slab_alloc.o
    0x000117e6   0x000117e6   0x00000002   PAD
    0x000117e8   0x000117e8   0x0000019c   Code   RO          156    .text.slab_free     slab_alloc.o
    0x00011984   0x00011984   0x0000001a   Code   RO          146    .text.slab_init     slab_alloc.o
    0x0001199e   0x0001199e   0x00000002   PAD
    0x000119a0   0x000119a0   0x000001c2   Code   RO          148    .text.slab_malloc   slab_alloc.o
    0x00011b62   0x00011b62   0x00000002   PAD
    0x00011b64   0x00011b64   0x0000004c   Code   RO           82    .text.status_callback  eth_handle.o
    0x00011bb0   0x00011bb0   0x00000016   Code   RO          202    .text.stderr_putchar  retarget.o
    0x00011bc6   0x00011bc6   0x00000002   PAD
    0x00011bc8   0x00011bc8   0x00000014   Code   RO          200    .text.stdout_putchar  retarget.o
    0x00011bdc   0x00011bdc   0x00000042   Code   RO           33    .text.strnlen       string_extra.o
    0x00011c1e   0x00011c1e   0x00000014   Code   RO         1931    .text.svcRtxDelay   RTX_CM3.lib(rtx_delay.o)
    0x00011c32   0x00011c32   0x00000034   Code   RO         1952    .text.svcRtxEventFlagsClear  RTX_CM3.lib(rtx_evflags.o)
    0x00011c66   0x00011c66   0x00000002   PAD
    0x00011c68   0x00011c68   0x0000005c   Code   RO         1974    .text.svcRtxEventFlagsDelete  RTX_CM3.lib(rtx_evflags.o)
    0x00011cc4   0x00011cc4   0x00000068   Code   RO         1962    .text.svcRtxEventFlagsNew  RTX_CM3.lib(rtx_evflags.o)
    0x00011d2c   0x00011d2c   0x00000084   Code   RO         1970    .text.svcRtxEventFlagsSet  RTX_CM3.lib(rtx_evflags.o)
    0x00011db0   0x00011db0   0x00000058   Code   RO         1972    .text.svcRtxEventFlagsWait  RTX_CM3.lib(rtx_evflags.o)
    0x00011e08   0x00011e08   0x00000008   Code   RO         1739    .text.svcRtxKernelGetState  RTX_CM3.lib(rtx_kernel.o)
    0x00011e10   0x00011e10   0x00000024   Code   RO         1763    .text.svcRtxKernelGetSysTimerCount  RTX_CM3.lib(rtx_kernel.o)
    0x00011e34   0x00011e34   0x00000004   Code   RO         1767    .text.svcRtxKernelGetSysTimerFreq  RTX_CM3.lib(rtx_kernel.o)
    0x00011e38   0x00011e38   0x00000008   Code   RO         1755    .text.svcRtxKernelGetTickCount  RTX_CM3.lib(rtx_kernel.o)
    0x00011e40   0x00011e40   0x00000008   Code   RO         1759    .text.svcRtxKernelGetTickFreq  RTX_CM3.lib(rtx_kernel.o)
    0x00011e48   0x00011e48   0x0000014c   Code   RO         1769    .text.svcRtxKernelInitialize  RTX_CM3.lib(rtx_kernel.o)
    0x00011f94   0x00011f94   0x0000001c   Code   RO         1773    .text.svcRtxKernelLock  RTX_CM3.lib(rtx_kernel.o)
    0x00011fb0   0x00011fb0   0x00000028   Code   RO         1777    .text.svcRtxKernelRestoreLock  RTX_CM3.lib(rtx_kernel.o)
    0x00011fd8   0x00011fd8   0x00000088   Code   RO         1771    .text.svcRtxKernelStart  RTX_CM3.lib(rtx_kernel.o)
    0x00012060   0x00012060   0x000000e0   Code   RO         2097    .text.svcRtxMessageQueueGet  RTX_CM3.lib(rtx_msgqueue.o)
    0x00012140   0x00012140   0x00000130   Code   RO         2083    .text.svcRtxMessageQueueNew  RTX_CM3.lib(rtx_msgqueue.o)
    0x00012270   0x00012270   0x000000c0   Code   RO         2093    .text.svcRtxMessageQueuePut  RTX_CM3.lib(rtx_msgqueue.o)
    0x00012330   0x00012330   0x00000090   Code   RO         2003    .text.svcRtxMutexAcquire  RTX_CM3.lib(rtx_mutex.o)
    0x000123c0   0x000123c0   0x000000c0   Code   RO         2009    .text.svcRtxMutexDelete  RTX_CM3.lib(rtx_mutex.o)
    0x00012480   0x00012480   0x0000006c   Code   RO         1999    .text.svcRtxMutexNew  RTX_CM3.lib(rtx_mutex.o)
    0x000124ec   0x000124ec   0x000000b8   Code   RO         2005    .text.svcRtxMutexRelease  RTX_CM3.lib(rtx_mutex.o)
    0x000125a4   0x000125a4   0x00000058   Code   RO         2040    .text.svcRtxSemaphoreAcquire  RTX_CM3.lib(rtx_semaphore.o)
    0x000125fc   0x000125fc   0x00000080   Code   RO         2034    .text.svcRtxSemaphoreNew  RTX_CM3.lib(rtx_semaphore.o)
    0x0001267c   0x0001267c   0x00000054   Code   RO         2042    .text.svcRtxSemaphoreRelease  RTX_CM3.lib(rtx_semaphore.o)
    0x000126d0   0x000126d0   0x0000006c   Code   RO         1902    .text.svcRtxThreadExit  RTX_CM3.lib(rtx_thread.o)
    0x0001273c   0x0001273c   0x0000000c   Code   RO         1834    .text.svcRtxThreadGetId  RTX_CM3.lib(rtx_thread.o)
    0x00012748   0x00012748   0x000001dc   Code   RO         1826    .text.svcRtxThreadNew  RTX_CM3.lib(rtx_thread.o)
    0x00012924   0x00012924   0x00000042   Code   RO         1702    .text.sys_arch_mbox_fetch  sys_arch.o
    0x00012966   0x00012966   0x00000002   PAD
    0x00012968   0x00012968   0x00000010   Code   RO         1714    .text.sys_arch_protect  sys_arch.o
    0x00012978   0x00012978   0x00000038   Code   RO         1688    .text.sys_arch_sem_wait  sys_arch.o
    0x000129b0   0x000129b0   0x00000010   Code   RO         1716    .text.sys_arch_unprotect  sys_arch.o
    0x000129c0   0x000129c0   0x00000096   Code   RO         1574    .text.sys_check_timeouts  timeouts.o
    0x00012a56   0x00012a56   0x00000002   PAD
    0x00012a58   0x00012a58   0x00000042   Code   RO         1718    .text.sys_init      sys_arch.o
    0x00012a9a   0x00012a9a   0x00000002   PAD
    0x00012a9c   0x00012a9c   0x00000038   Code   RO         1694    .text.sys_mbox_new  sys_arch.o
    0x00012ad4   0x00012ad4   0x0000001c   Code   RO         1698    .text.sys_mbox_post  sys_arch.o
    0x00012af0   0x00012af0   0x00000036   Code   RO         1700    .text.sys_mbox_trypost  sys_arch.o
    0x00012b26   0x00012b26   0x00000002   PAD
    0x00012b28   0x00012b28   0x00000016   Code   RO         1680    .text.sys_mutex_lock  sys_arch.o
    0x00012b3e   0x00012b3e   0x00000002   PAD
    0x00012b40   0x00012b40   0x00000038   Code   RO         1676    .text.sys_mutex_new  sys_arch.o
    0x00012b78   0x00012b78   0x00000012   Code   RO         1682    .text.sys_mutex_unlock  sys_arch.o
    0x00012b8a   0x00012b8a   0x00000002   PAD
    0x00012b8c   0x00012b8c   0x0000000c   Code   RO         1708    .text.sys_now       sys_arch.o
    0x00012b98   0x00012b98   0x0000003c   Code   RO         1684    .text.sys_sem_new   sys_arch.o
    0x00012bd4   0x00012bd4   0x00000012   Code   RO         1692    .text.sys_sem_signal  sys_arch.o
    0x00012be6   0x00012be6   0x00000002   PAD
    0x00012be8   0x00012be8   0x00000038   Code   RO         1706    .text.sys_thread_new  sys_arch.o
    0x00012c20   0x00012c20   0x0000012e   Code   RO         1570    .text.sys_timeout_abs  timeouts.o
    0x00012d4e   0x00012d4e   0x00000002   PAD
    0x00012d50   0x00012d50   0x00000060   Code   RO         1562    .text.sys_timeout_debug  timeouts.o
    0x00012db0   0x00012db0   0x0000004a   Code   RO         1566    .text.sys_timeouts_init  timeouts.o
    0x00012dfa   0x00012dfa   0x00000002   PAD
    0x00012dfc   0x00012dfc   0x000000a2   Code   RO         1578    .text.sys_timeouts_sleeptime  timeouts.o
    0x00012e9e   0x00012e9e   0x00000002   PAD
    0x00012ea0   0x00012ea0   0x00000086   Code   RO         1572    .text.sys_untimeout  timeouts.o
    0x00012f26   0x00012f26   0x00000002   PAD
    0x00012f28   0x00012f28   0x000001c4   Code   RO         1342    .text.tcp_abandon   tcp.o
    0x000130ec   0x000130ec   0x00000012   Code   RO         1348    .text.tcp_abort     tcp.o
    0x000130fe   0x000130fe   0x00000002   PAD
    0x00013100   0x00013100   0x00000026   Code   RO         1408    .text.tcp_accept    tcp.o
    0x00013126   0x00013126   0x00000002   PAD
    0x00013128   0x00013128   0x000000b6   Code   RO          211    .text.tcp_accept_cb  tcp_server.o
    0x000131de   0x000131de   0x00000002   PAD
    0x000131e0   0x000131e0   0x00000050   Code   RO         1360    .text.tcp_accept_null  tcp.o
    0x00013230   0x00013230   0x00000194   Code   RO         1386    .text.tcp_alloc     tcp.o
    0x000133c4   0x000133c4   0x00000018   Code   RO         1400    .text.tcp_arg       tcp.o
    0x000133dc   0x000133dc   0x000000b0   Code   RO         1332    .text.tcp_backlog_accepted  tcp.o
    0x0001348c   0x0001348c   0x0000016c   Code   RO         1350    .text.tcp_bind      tcp.o
    0x000135f8   0x000135f8   0x00000064   Code   RO         1334    .text.tcp_close     tcp.o
    0x0001365c   0x0001365c   0x00000268   Code   RO         1338    .text.tcp_close_shutdown  tcp.o
    0x000138c4   0x000138c4   0x00000100   Code   RO         1374    .text.tcp_close_shutdown_fin  tcp.o
    0x000139c4   0x000139c4   0x0000026e   Code   RO         1366    .text.tcp_connect   tcp.o
    0x00013c32   0x00013c32   0x00000002   PAD
    0x00013c34   0x00013c34   0x0000003e   Code   RO          229    .text.tcp_connected_cb  tcp_server.o
    0x00013c72   0x00013c72   0x00000002   PAD
    0x00013c74   0x00013c74   0x00000194   Code   RO         1504    .text.tcp_create_segment  tcp_out.o
    0x00013e08   0x00013e08   0x0000004e   Code   RO         1422    .text.tcp_debug_print  tcp.o
    0x00013e56   0x00013e56   0x00000002   PAD
    0x00013e58   0x00013e58   0x0000009c   Code   RO         1424    .text.tcp_debug_print_flags  tcp.o
    0x00013ef4   0x00013ef4   0x0000000e   Code   RO         1336    .text.tcp_debug_print_state  tcp.o
    0x00013f02   0x00013f02   0x00000002   PAD
    0x00013f04   0x00013f04   0x000000ca   Code   RO         1370    .text.tcp_eff_send_mss_netif  tcp.o
    0x00013fce   0x00013fce   0x00000002   PAD
    0x00013fd0   0x00013fd0   0x000002a6   Code   RO         1510    .text.tcp_enqueue_flags  tcp_out.o
    0x00014276   0x00014276   0x00000002   PAD
    0x00014278   0x00014278   0x00000056   Code   RO         1406    .text.tcp_err       tcp.o
    0x000142ce   0x000142ce   0x00000002   PAD
    0x000142d0   0x000142d0   0x00000054   Code   RO          215    .text.tcp_err_cb    tcp_server.o
    0x00014324   0x00014324   0x000000ea   Code   RO         1326    .text.tcp_fasttmr   tcp.o
    0x0001440e   0x0001440e   0x00000002   PAD
    0x00014410   0x00014410   0x0000004a   Code   RO         1322    .text.tcp_free      tcp.o
    0x0001445a   0x0001445a   0x00000002   PAD
    0x0001445c   0x0001445c   0x00000144   Code   RO         1474    .text.tcp_free_acked_segments  tcp_in.o
    0x000145a0   0x000145a0   0x0000004a   Code   RO         1430    .text.tcp_free_listen  tcp.o
    0x000145ea   0x000145ea   0x00000002   PAD
    0x000145ec   0x000145ec   0x00000084   Code   RO         1470    .text.tcp_get_next_optbyte  tcp_in.o
    0x00014670   0x00014670   0x0000004e   Code   RO         1388    .text.tcp_handle_closepend  tcp.o
    0x000146be   0x000146be   0x00000002   PAD
    0x000146c0   0x000146c0   0x00000016   Code   RO         1320    .text.tcp_init      tcp.o
    0x000146d6   0x000146d6   0x00000002   PAD
    0x000146d8   0x000146d8   0x00000aca   Code   RO         1456    .text.tcp_input     tcp_in.o
    0x000151a2   0x000151a2   0x00000002   PAD
    0x000151a4   0x000151a4   0x000000a0   Code   RO         1464    .text.tcp_input_delayed_close  tcp_in.o
    0x00015244   0x00015244   0x000000b6   Code   RO         1546    .text.tcp_keepalive  tcp_out.o
    0x000152fa   0x000152fa   0x00000002   PAD
    0x000152fc   0x000152fc   0x000000c8   Code   RO         1394    .text.tcp_kill_prio  tcp.o
    0x000153c4   0x000153c4   0x000000c8   Code   RO         1392    .text.tcp_kill_state  tcp.o
    0x0001548c   0x0001548c   0x0000006e   Code   RO         1390    .text.tcp_kill_timewait  tcp.o
    0x000154fa   0x000154fa   0x00000002   PAD
    0x000154fc   0x000154fc   0x000000a8   Code   RO         1428    .text.tcp_listen_closed  tcp.o
    0x000155a4   0x000155a4   0x00000274   Code   RO         1460    .text.tcp_listen_input  tcp_in.o
    0x00015818   0x00015818   0x0000001a   Code   RO         1356    .text.tcp_listen_with_backlog  tcp.o
    0x00015832   0x00015832   0x00000002   PAD
    0x00015834   0x00015834   0x000001ee   Code   RO         1358    .text.tcp_listen_with_backlog_and_err  tcp.o
    0x00015a22   0x00015a22   0x00000002   PAD
    0x00015a24   0x00015a24   0x00000136   Code   RO          227    .text.tcp_mode_client  tcp_server.o
    0x00015b5a   0x00015b5a   0x00000002   PAD
    0x00015b5c   0x00015b5c   0x00000070   Code   RO          223    .text.tcp_mode_server  tcp_server.o
    0x00015bcc   0x00015bcc   0x00000082   Code   RO         1414    .text.tcp_netif_ip_addr_changed  tcp.o
    0x00015c4e   0x00015c4e   0x00000002   PAD
    0x00015c50   0x00015c50   0x0000007c   Code   RO         1416    .text.tcp_netif_ip_addr_changed_pcblist  tcp.o
    0x00015ccc   0x00015ccc   0x0000000a   Code   RO         1396    .text.tcp_new       tcp.o
    0x00015cd6   0x00015cd6   0x00000002   PAD
    0x00015cd8   0x00015cd8   0x000000c6   Code   RO         1352    .text.tcp_new_port  tcp.o
    0x00015d9e   0x00015d9e   0x00000002   PAD
    0x00015da0   0x00015da0   0x0000005a   Code   RO         1368    .text.tcp_next_iss  tcp.o
    0x00015dfa   0x00015dfa   0x00000002   PAD
    0x00015dfc   0x00015dfc   0x000004a4   Code   RO         1512    .text.tcp_output    tcp_out.o
    0x000162a0   0x000162a0   0x00000096   Code   RO         1542    .text.tcp_output_alloc_header  tcp_out.o
    0x00016336   0x00016336   0x00000002   PAD
    0x00016338   0x00016338   0x000000fa   Code   RO         1550    .text.tcp_output_alloc_header_common  tcp_out.o
    0x00016432   0x00016432   0x00000002   PAD
    0x00016434   0x00016434   0x00000086   Code   RO         1536    .text.tcp_output_control_segment  tcp_out.o
    0x000164ba   0x000164ba   0x00000002   PAD
    0x000164bc   0x000164bc   0x000000ce   Code   RO         1540    .text.tcp_output_control_segment_netif  tcp_out.o
    0x0001658a   0x0001658a   0x00000002   PAD
    0x0001658c   0x0001658c   0x000000b0   Code   RO         1544    .text.tcp_output_fill_options  tcp_out.o
    0x0001663c   0x0001663c   0x0000025a   Code   RO         1518    .text.tcp_output_segment  tcp_out.o
    0x00016896   0x00016896   0x00000002   PAD
    0x00016898   0x00016898   0x0000005a   Code   RO         1522    .text.tcp_output_segment_busy  tcp_out.o
    0x000168f2   0x000168f2   0x00000002   PAD
    0x000168f4   0x000168f4   0x00000158   Code   RO         1468    .text.tcp_parseopt  tcp_in.o
    0x00016a4c   0x00016a4c   0x00000186   Code   RO         1502    .text.tcp_pbuf_prealloc  tcp_out.o
    0x00016bd2   0x00016bd2   0x00000002   PAD
    0x00016bd4   0x00016bd4   0x000000b0   Code   RO         1372    .text.tcp_pcb_purge  tcp.o
    0x00016c84   0x00016c84   0x000001c0   Code   RO         1344    .text.tcp_pcb_remove  tcp.o
    0x00016e44   0x00016e44   0x0000012e   Code   RO         1412    .text.tcp_pcbs_sane  tcp.o
    0x00016f72   0x00016f72   0x00000002   PAD
    0x00016f74   0x00016f74   0x00000a8e   Code   RO         1462    .text.tcp_process   tcp_in.o
    0x00017a02   0x00017a02   0x00000002   PAD
    0x00017a04   0x00017a04   0x00000116   Code   RO         1376    .text.tcp_process_refused_data  tcp.o
    0x00017b1a   0x00017b1a   0x00000002   PAD
    0x00017b1c   0x00017b1c   0x00000a8a   Code   RO         1472    .text.tcp_receive   tcp_in.o
    0x000185a6   0x000185a6   0x00000002   PAD
    0x000185a8   0x000185a8   0x00000056   Code   RO         1402    .text.tcp_recv      tcp.o
    0x000185fe   0x000185fe   0x00000002   PAD
    0x00018600   0x00018600   0x00000176   Code   RO          213    .text.tcp_recv_cb   tcp_server.o
    0x00018776   0x00018776   0x00000002   PAD
    0x00018778   0x00018778   0x0000006e   Code   RO         1380    .text.tcp_recv_null  tcp.o
    0x000187e6   0x000187e6   0x00000002   PAD
    0x000187e8   0x000187e8   0x000000d4   Code   RO         1364    .text.tcp_recved    tcp.o
    0x000188bc   0x000188bc   0x0000006a   Code   RO         1432    .text.tcp_remove_listener  tcp.o
    0x00018926   0x00018926   0x00000002   PAD
    0x00018928   0x00018928   0x00000106   Code   RO         1528    .text.tcp_rexmit    tcp_out.o
    0x00018a2e   0x00018a2e   0x00000002   PAD
    0x00018a30   0x00018a30   0x000000e0   Code   RO         1530    .text.tcp_rexmit_fast  tcp_out.o
    0x00018b10   0x00018b10   0x00000052   Code   RO         1526    .text.tcp_rexmit_rto  tcp_out.o
    0x00018b62   0x00018b62   0x00000002   PAD
    0x00018b64   0x00018b64   0x00000060   Code   RO         1524    .text.tcp_rexmit_rto_commit  tcp_out.o
    0x00018bc4   0x00018bc4   0x0000010c   Code   RO         1520    .text.tcp_rexmit_rto_prepare  tcp_out.o
    0x00018cd0   0x00018cd0   0x00000034   Code   RO         1516    .text.tcp_route     tcp_out.o
    0x00018d04   0x00018d04   0x00000062   Code   RO         1532    .text.tcp_rst       tcp_out.o
    0x00018d66   0x00018d66   0x00000002   PAD
    0x00018d68   0x00018d68   0x00000108   Code   RO         1534    .text.tcp_rst_common  tcp_out.o
    0x00018e70   0x00018e70   0x00000076   Code   RO         1538    .text.tcp_rst_netif  tcp_out.o
    0x00018ee6   0x00018ee6   0x00000002   PAD
    0x00018ee8   0x00018ee8   0x00000032   Code   RO         1382    .text.tcp_seg_free  tcp.o
    0x00018f1a   0x00018f1a   0x00000002   PAD
    0x00018f1c   0x00018f1c   0x00000024   Code   RO         1346    .text.tcp_segs_free  tcp.o
    0x00018f40   0x00018f40   0x000000f0   Code   RO         1514    .text.tcp_send_empty_ack  tcp_out.o
    0x00019030   0x00019030   0x000000b6   Code   RO         1508    .text.tcp_send_fin  tcp_out.o
    0x000190e6   0x000190e6   0x00000002   PAD
    0x000190e8   0x000190e8   0x00000056   Code   RO         1404    .text.tcp_sent      tcp.o
    0x0001913e   0x0001913e   0x00000002   PAD
    0x00019140   0x00019140   0x000008b2   Code   RO         1328    .text.tcp_slowtmr   tcp.o
    0x000199f2   0x000199f2   0x00000002   PAD
    0x000199f4   0x000199f4   0x00000350   Code   RO         1506    .text.tcp_split_unsent_seg  tcp_out.o
    0x00019d44   0x00019d44   0x00000108   Code   RO          221    .text.tcp_srv_send_callback  tcp_server.o
    0x00019e4c   0x00019e4c   0x0000007c   Code   RO          219    .text.tcp_srv_send_data_defer  tcp_server.o
    0x00019ec8   0x00019ec8   0x00000054   Code   RO         1560    .text.tcp_timer_needed  timeouts.o
    0x00019f1c   0x00019f1c   0x0000013a   Code   RO         1458    .text.tcp_timewait_input  tcp_in.o
    0x0001a056   0x0001a056   0x00000002   PAD
    0x0001a058   0x0001a058   0x00000022   Code   RO         1324    .text.tcp_tmr       tcp.o
    0x0001a07a   0x0001a07a   0x00000002   PAD
    0x0001a07c   0x0001a07c   0x00000012   Code   RO         1466    .text.tcp_trigger_input_pcb_close  tcp_in.o
    0x0001a08e   0x0001a08e   0x00000002   PAD
    0x0001a090   0x0001a090   0x000000fc   Code   RO         1362    .text.tcp_update_rcv_ann_wnd  tcp.o
    0x0001a18c   0x0001a18c   0x000009fe   Code   RO         1498    .text.tcp_write     tcp_out.o
    0x0001ab8a   0x0001ab8a   0x00000002   PAD
    0x0001ab8c   0x0001ab8c   0x00000178   Code   RO         1500    .text.tcp_write_checks  tcp_out.o
    0x0001ad04   0x0001ad04   0x00000182   Code   RO         1548    .text.tcp_zero_window_probe  tcp_out.o
    0x0001ae86   0x0001ae86   0x00000002   PAD
    0x0001ae88   0x0001ae88   0x00000098   Code   RO          710    .text.tcpip_callback  tcpip.o
    0x0001af20   0x0001af20   0x000000c6   Code   RO          732    .text.tcpip_init    tcpip.o
    0x0001afe6   0x0001afe6   0x00000002   PAD
    0x0001afe8   0x0001afe8   0x000000b4   Code   RO          706    .text.tcpip_inpkt   tcpip.o
    0x0001b09c   0x0001b09c   0x0000004a   Code   RO          708    .text.tcpip_input   tcpip.o
    0x0001b0e6   0x0001b0e6   0x00000002   PAD
    0x0001b0e8   0x0001b0e8   0x00000052   Code   RO         1564    .text.tcpip_tcp_timer  timeouts.o
    0x0001b13a   0x0001b13a   0x00000002   PAD
    0x0001b13c   0x0001b13c   0x00000086   Code   RO          734    .text.tcpip_thread  tcpip.o
    0x0001b1c2   0x0001b1c2   0x00000002   PAD
    0x0001b1c4   0x0001b1c4   0x000000d6   Code   RO          744    .text.tcpip_thread_handle_msg  tcpip.o
    0x0001b29a   0x0001b29a   0x00000002   PAD
    0x0001b29c   0x0001b29c   0x0000007a   Code   RO          742    .text.tcpip_timeouts_mbox_fetch  tcpip.o
    0x0001b316   0x0001b316   0x00000002   PAD
    0x0001b318   0x0001b318   0x00000032   Code   RO         1710    .text.tick2ms       sys_arch.o
    0x0001b34a   0x0001b34a   0x00000002   PAD
    0x0001b34c   0x0001b34c   0x00000094   Code   RO          267    .text.tick_dispatcher  if_dispatcher.o
    0x0001b3e0   0x0001b3e0   0x00000036   Code   RO          449    .text.turnaround_MDIO  emac_lpc17xx.o
    0x0001b416   0x0001b416   0x00000002   PAD
    0x0001b418   0x0001b418   0x0000002a   Code   RO           47    .text.uart2_putc_sys  uart_handle.o
    0x0001b442   0x0001b442   0x00000002   PAD
    0x0001b444   0x0001b444   0x0000003c   Code   RO           49    .text.uart2_puts_sys  uart_handle.o
    0x0001b480   0x0001b480   0x000000ca   Code   RO           45    .text.uart_printn   uart_handle.o
    0x0001b54a   0x0001b54a   0x00000002   PAD
    0x0001b54c   0x0001b54c   0x00000134   Code   RO           57    .text.uart_worker   uart_handle.o
    0x0001b680   0x0001b680   0x00000172   Code   RO         1607    .text.udp_bind      udp.o
    0x0001b7f2   0x0001b7f2   0x00000002   PAD
    0x0001b7f4   0x0001b7f4   0x00000104   Code   RO         1613    .text.udp_connect   udp.o
    0x0001b8f8   0x0001b8f8   0x00000016   Code   RO         1593    .text.udp_init      udp.o
    0x0001b90e   0x0001b90e   0x00000002   PAD
    0x0001b910   0x0001b910   0x0000032e   Code   RO         1595    .text.udp_input     udp.o
    0x0001bc3e   0x0001bc3e   0x00000002   PAD
    0x0001bc40   0x0001bc40   0x00000136   Code   RO         1597    .text.udp_input_local_match  udp.o
    0x0001bd76   0x0001bd76   0x00000002   PAD
    0x0001bd78   0x0001bd78   0x0000005e   Code   RO         1625    .text.udp_netif_ip_addr_changed  udp.o
    0x0001bdd6   0x0001bdd6   0x00000002   PAD
    0x0001bdd8   0x0001bdd8   0x00000034   Code   RO         1621    .text.udp_new       udp.o
    0x0001be0c   0x0001be0c   0x0000009a   Code   RO         1609    .text.udp_new_port  udp.o
    0x0001bea6   0x0001bea6   0x00000002   PAD
    0x0001bea8   0x0001bea8   0x00000038   Code   RO         1617    .text.udp_recv      udp.o
    0x0001bee0   0x0001bee0   0x00000090   Code   RO         1619    .text.udp_remove    udp.o
    0x0001bf70   0x0001bf70   0x00000104   Code   RO         1603    .text.udp_sendto_if  udp.o
    0x0001c074   0x0001c074   0x000002a8   Code   RO         1605    .text.udp_sendto_if_src  udp.o
    0x0001c31c   0x0001c31c   0x00000078   Code   RO          258    .text.unpack_header  command.o
    0x0001c394   0x0001c394   0x0000000e   Code   RO          123    .text.unpack_uint32  uart_parser.o
    0x0001c3a2   0x0001c3a2   0x0000003e   Code   RO         2661    CL$$btod_d2e        c_w.l(btod.o)
    0x0001c3e0   0x0001c3e0   0x00000046   Code   RO         2663    CL$$btod_d2e_denorm_low  c_w.l(btod.o)
    0x0001c426   0x0001c426   0x00000060   Code   RO         2662    CL$$btod_d2e_norm_op1  c_w.l(btod.o)
    0x0001c486   0x0001c486   0x00000002   PAD
    0x0001c488   0x0001c488   0x00000338   Code   RO         2671    CL$$btod_div_common  c_w.l(btod.o)
    0x0001c7c0   0x0001c7c0   0x000000dc   Code   RO         2668    CL$$btod_e2e        c_w.l(btod.o)
    0x0001c89c   0x0001c89c   0x0000002a   Code   RO         2665    CL$$btod_ediv       c_w.l(btod.o)
    0x0001c8c6   0x0001c8c6   0x0000002a   Code   RO         2664    CL$$btod_emul       c_w.l(btod.o)
    0x0001c8f0   0x0001c8f0   0x00000244   Code   RO         2670    CL$$btod_mult_common  c_w.l(btod.o)
    0x0001cb34   0x0001cb34   0x00000028   Code   RO         2743    i.__ARM_fpclassify  m_ws.l(fpclassify.o)
    0x0001cb5c   0x0001cb5c   0x0000000e   Code   RO         2404    i._is_digit         c_w.l(__printf_wp.o)
    0x0001cb6a   0x0001cb6a   0x0000001c   Code   RO         2571    i.fputc             c_w.l(fputc.o)
    0x0001cb86   0x0001cb86   0x00000002   PAD
    0x0001cb88   0x0001cb88   0x0000002c   Code   RO         2451    locale$$code        c_w.l(lc_ctype_c.o)
    0x0001cbb4   0x0001cbb4   0x0000002c   Code   RO         2698    locale$$code        c_w.l(lc_numeric_c.o)
    0x0001cbe0   0x0001cbe0   0x00000004   Code   RO         2510    x$fpl$printf1       fz_ws.l(printf1.o)
    0x0001cbe4   0x0001cbe4   0x00000004   Code   RO         2512    x$fpl$printf2       fz_ws.l(printf2.o)
    0x0001cbe8   0x0001cbe8   0x00000000   Code   RO         2742    x$fpl$usenofp       fz_ws.l(usenofp.o)
    0x0001cbe8   0x0001cbe8   0x00000008   Data   RO         2363    .constdata          c_w.l(_printf_wctomb.o)
    0x0001cbf0   0x0001cbf0   0x00000028   Data   RO         2392    .constdata          c_w.l(_printf_hex_int_ll_ptr.o)
    0x0001cc18   0x0001cc18   0x00000011   Data   RO         2412    .constdata          c_w.l(__printf_flags_ss_wp.o)
    0x0001cc29   0x0001cc29   0x00000026   Data   RO         2557    .constdata          c_w.l(_printf_fp_hex.o)
    0x0001cc4f   0x0001cc4f   0x00000001   PAD
    0x0001cc50   0x0001cc50   0x00000094   Data   RO         2659    .constdata          c_w.l(bigflt0.o)
    0x0001cce4   0x0001cce4   0x00000068   Data   RO          340    .rodata             rtx_lib.o
    0x0001cd4c   0x0001cd4c   0x00000038   Data   RO          343    .rodata             rtx_lib.o
    0x0001cd84   0x0001cd84   0x00000024   Data   RO          109    .rodata..L__const.eth_init_worker.netw_attr  eth_handle.o
    0x0001cda8   0x0001cda8   0x00000024   Data   RO          191    .rodata..L__const.init_pipeline.pipe_attr  layer_void.o
    0x0001cdcc   0x0001cdcc   0x00000024   Data   RO          107    .rodata..L__const.initialize_eth_int.eth_attr  eth_handle.o
    0x0001cdf0   0x0001cdf0   0x00000024   Data   RO           18    .rodata..L__const.main.main_attr  main.o
    0x0001ce14   0x0001ce14   0x0000000c   Data   RO          192    .rodata..L__const.pipeline_worker.func_ptr  layer_void.o
    0x0001ce20   0x0001ce20   0x00000064   Data   RO          138    .rodata.CMD_TABLE   uart_serializer.o
    0x0001ce84   0x0001ce84   0x00000044   Data   RO          455    .rodata.Driver_ETH_MAC0  emac_lpc17xx.o
    0x0001cec8   0x0001cec8   0x00000020   Data   RO          387    .rodata.Driver_ETH_PHY0  phy_dp83848c.o
    0x0001cee8   0x0001cee8   0x00000038   Data   RO          551    .rodata.Driver_USART1  uart_lpc17xx.o
    0x0001cf20   0x0001cf20   0x00000008   Data   RO          311    .rodata.LED_PIN     led_open1768.o
    0x0001cf28   0x0001cf28   0x00000008   Data   RO          555    .rodata.USART1_DMA_Rx  uart_lpc17xx.o
    0x0001cf30   0x0001cf30   0x00000008   Data   RO          554    .rodata.USART1_DMA_Tx  uart_lpc17xx.o
    0x0001cf38   0x0001cf38   0x00000064   Data   RO          557    .rodata.USART1_Resources  uart_lpc17xx.o
    0x0001cf9c   0x0001cf9c   0x00000002   Data   RO          553    .rodata.USART1_pin_rx  uart_lpc17xx.o
    0x0001cf9e   0x0001cf9e   0x00000002   Data   RO          552    .rodata.USART1_pin_tx  uart_lpc17xx.o
    0x0001cfa0   0x0001cfa0   0x00000008   Data   RO          582    .rodata.__stderr_name  retarget_io.o
    0x0001cfa8   0x0001cfa8   0x00000007   Data   RO          580    .rodata.__stdin_name  retarget_io.o
    0x0001cfaf   0x0001cfaf   0x00000008   Data   RO          581    .rodata.__stdout_name  retarget_io.o
    0x0001cfb7   0x0001cfb7   0x00000006   Data   RO         1641    .rodata.ethbroadcast  ethernet.o
    0x0001cfbd   0x0001cfbd   0x00000006   Data   RO         1642    .rodata.ethzero     ethernet.o
    0x0001cfc3   0x0001cfc3   0x00000001   PAD
    0x0001cfc4   0x0001cfc4   0x00000120   Data   RO          550    .rodata.fract_div_lookup_table  uart_lpc17xx.o
    0x0001d0e4   0x0001d0e4   0x00000004   Data   RO         1037    .rodata.ip_addr_any  ip4_addr.o
    0x0001d0e8   0x0001d0e8   0x00000004   Data   RO         1038    .rodata.ip_addr_broadcast  ip4_addr.o
    0x0001d0ec   0x0001d0ec   0x0000003c   Data   RO         1581    .rodata.lwip_cyclic_timers  timeouts.o
    0x0001d128   0x0001d128   0x00000010   Data   RO         1131    .rodata.memp_PBUF   memp.o
    0x0001d138   0x0001d138   0x00000010   Data   RO         1134    .rodata.memp_PBUF_POOL  memp.o
    0x0001d148   0x0001d148   0x00000010   Data   RO         1107    .rodata.memp_RAW_PCB  memp.o
    0x0001d158   0x0001d158   0x00000010   Data   RO         1128    .rodata.memp_SYS_TIMEOUT  memp.o
    0x0001d168   0x0001d168   0x00000010   Data   RO         1122    .rodata.memp_TCPIP_MSG_API  memp.o
    0x0001d178   0x0001d178   0x00000010   Data   RO         1125    .rodata.memp_TCPIP_MSG_INPKT  memp.o
    0x0001d188   0x0001d188   0x00000010   Data   RO         1113    .rodata.memp_TCP_PCB  memp.o
    0x0001d198   0x0001d198   0x00000010   Data   RO         1116    .rodata.memp_TCP_PCB_LISTEN  memp.o
    0x0001d1a8   0x0001d1a8   0x00000010   Data   RO         1119    .rodata.memp_TCP_SEG  memp.o
    0x0001d1b8   0x0001d1b8   0x00000010   Data   RO         1110    .rodata.memp_UDP_PCB  memp.o
    0x0001d1c8   0x0001d1c8   0x00000028   Data   RO         1135    .rodata.memp_pools  memp.o
    0x0001d1f0   0x0001d1f0   0x00000004   Data   RO          342    .rodata.osRtxUserSVC  rtx_lib.o
    0x0001d1f4   0x0001d1f4   0x00000024   Data   RO          337    .rodata.os_idle_thread_attr  rtx_lib.o
    0x0001d218   0x0001d218   0x00000018   Data   RO          339    .rodata.os_timer_mq_attr  rtx_lib.o
    0x0001d230   0x0001d230   0x00000024   Data   RO          338    .rodata.os_timer_thread_attr  rtx_lib.o
    0x0001d254   0x0001d254   0x00000010   Data   RO          158    .rodata.slab_mutex_attr  slab_alloc.o
    0x0001d264   0x0001d264   0x00000052   Data   RO           15    .rodata.str1.1      main.o
    0x0001d2b6   0x0001d2b6   0x00000011   Data   RO           35    .rodata.str1.1      string_extra.o
    0x0001d2c7   0x0001d2c7   0x0000002b   Data   RO           63    .rodata.str1.1      uart_handle.o
    0x0001d2f2   0x0001d2f2   0x00000227   Data   RO          101    .rodata.str1.1      eth_handle.o
    0x0001d519   0x0001d519   0x0000008e   Data   RO          125    .rodata.str1.1      uart_parser.o
    0x0001d5a7   0x0001d5a7   0x0000001e   Data   RO          137    .rodata.str1.1      uart_serializer.o
    0x0001d5c5   0x0001d5c5   0x00000013   Data   RO          168    .rodata.str1.1      slab_alloc.o
    0x0001d5d8   0x0001d5d8   0x00000010   Data   RO          188    .rodata.str1.1      layer_void.o
    0x0001d5e8   0x0001d5e8   0x0000001e   Data   RO          273    .rodata.str1.1      if_dispatcher.o
    0x0001d606   0x0001d606   0x00000017   Data   RO          583    .rodata.str1.1      retarget_io.o
    0x0001d61d   0x0001d61d   0x00000101   Data   RO          747    .rodata.str1.1      tcpip.o
    0x0001d71e   0x0001d71e   0x0000008f   Data   RO          845    .rodata.str1.1      acd.o
    0x0001d7ad   0x0001d7ad   0x000005b4   Data   RO          928    .rodata.str1.1      dhcp.o
    0x0001dd61   0x0001dd61   0x000002a9   Data   RO          975    .rodata.str1.1      etharp.o
    0x0001e00a   0x0001e00a   0x00000156   Data   RO          989    .rodata.str1.1      icmp.o
    0x0001e160   0x0001e160   0x000002e4   Data   RO         1014    .rodata.str1.1      ip4.o
    0x0001e444   0x0001e444   0x00000061   Data   RO         1039    .rodata.str1.1      ip4_addr.o
    0x0001e4a5   0x0001e4a5   0x000002f5   Data   RO         1071    .rodata.str1.1      mem.o
    0x0001e79a   0x0001e79a   0x00000166   Data   RO         1104    .rodata.str1.1      memp.o
    0x0001e900   0x0001e900   0x00000136   Data   RO         1195    .rodata.str1.1      netif.o
    0x0001ea36   0x0001ea36   0x000003f1   Data   RO         1273    .rodata.str1.1      pbuf.o
    0x0001ee27   0x0001ee27   0x0000013d   Data   RO         1310    .rodata.str1.1      raw.o
    0x0001ef64   0x0001ef64   0x0000077e   Data   RO         1440    .rodata.str1.1      tcp.o
    0x0001f6e2   0x0001f6e2   0x000003db   Data   RO         1476    .rodata.str1.1      tcp_in.o
    0x0001fabd   0x0001fabd   0x00000849   Data   RO         1552    .rodata.str1.1      tcp_out.o
    0x00020306   0x00020306   0x00000132   Data   RO         1580    .rodata.str1.1      timeouts.o
    0x00020438   0x00020438   0x0000029d   Data   RO         1628    .rodata.str1.1      udp.o
    0x000206d5   0x000206d5   0x00000136   Data   RO         1643    .rodata.str1.1      ethernet.o
    0x0002080b   0x0002080b   0x0000005f   Data   RO         1667    .rodata.str1.1      ethernetif.o
    0x0002086a   0x0002086a   0x00000002   PAD
    0x0002086c   0x0002086c   0x0000000b   Data   RO         1783    .rodata.str1.4      RTX_CM3.lib(rtx_kernel.o)
    0x00020877   0x00020877   0x00000001   PAD
    0x00020878   0x00020878   0x00000010   Data   RO         1720    .rodata.sys_mutex_new.attr  sys_arch.o
    0x00020888   0x00020888   0x0000000d   Data   RO         1446    .rodata.tcp_backoff  tcp.o
    0x00020895   0x00020895   0x00000003   PAD
    0x00020898   0x00020898   0x00000010   Data   RO         1438    .rodata.tcp_pcb_lists  tcp.o
    0x000208a8   0x000208a8   0x00000007   Data   RO         1445    .rodata.tcp_persist_backoff  tcp.o
    0x000208af   0x000208af   0x00000001   PAD
    0x000208b0   0x000208b0   0x00000070   Data   RO         2864    Region$$Table       anon$$obj.o
    0x00020920   0x00020920   0x00000110   Data   RO         2450    locale$$data        c_w.l(lc_ctype_c.o)
    0x00020a30   0x00020a30   0x0000001c   Data   RO         2697    locale$$data        c_w.l(lc_numeric_c.o)


    Execution Region RW_IRAM1 (Exec base: 0x10000000, Load base: 0x00020a50, Size: 0x00007178, Max: 0x00007800, ABSOLUTE)

    Exec Addr    Load Addr    Size         Type   Attr      Idx    E Section Name        Object

    0x10000000   0x00020a50   0x00000004   Data   RW         2447    .data               c_w.l(stdio_streams.o)
    0x10000004   0x00020a54   0x00000004   Data   RW         2449    .data               c_w.l(stdio_streams.o)
    0x10000008   0x00020a58   0x000000a4   Data   RW         1784    .data.os            RTX_CM3.lib(rtx_kernel.o)
    0x100000ac   0x00020afc   0x00000018   Data   RW          334    .data.os.evflags.mpi  rtx_lib.o
    0x100000c4   0x00020b14   0x00000018   Data   RW          335    .data.os.mutex.mpi  rtx_lib.o
    0x100000dc   0x00020b2c   0x00000018   Data   RW          336    .data.os.semaphore.mpi  rtx_lib.o
    0x100000f4   0x00020b44   0x00000002   Data   RW         1439    .data.tcp_port      tcp.o
    0x100000f6   0x00020b46   0x00000002   Data   RW         1627    .data.udp_port      udp.o
    0x100000f8        -       0x000000e4   Zero   RW         2290    .bss                c_w.l(rand.o)
    0x100001dc        -       0x00000054   Zero   RW         2445    .bss                c_w.l(stdio_streams.o)
    0x10000230        -       0x00000060   Zero   RW         2519    .bss                c_w.l(libspace.o)
    0x10000290        -       0x00000004   Zero   RW          621    .bss.Channel_active  gpdma_lpc17xx.o
    0x10000294        -       0x000000a0   Zero   RW          620    .bss.Channel_info   gpdma_lpc17xx.o
    0x10000334        -       0x00000001   Zero   RW         2259    .bss.PendST         RTX_CM3.lib(os_systick.o)
    0x10000335   0x00020b48   0x00000003   PAD
    0x10000338        -       0x00000034   Zero   RW          556    .bss.USART1_Info    uart_lpc17xx.o
    0x1000036c        -       0x00000004   Zero   RW          241    .bss.current_pcb    tcp_server.o
    0x10000370        -       0x00000004   Zero   RW         1585    .bss.current_timeout_due_time  timeouts.o
    0x10000374        -       0x00000004   Zero   RW          929    .bss.dhcp_pcb       dhcp.o
    0x10000378        -       0x00000008   Zero   RW          932    .bss.dhcp_rx_options_given  dhcp.o
    0x10000380        -       0x00000010   Zero   RW         1668    .bss.eth0_status    ethernetif.o
    0x10000390        -       0x00000004   Zero   RW          103    .bss.eth_init_flags  eth_handle.o
    0x10000394        -       0x00000004   Zero   RW           14    .bss.evtFlags       main.o
    0x10000398        -       0x00000001   Zero   RW         1483    .bss.flags          tcp_in.o
    0x10000399   0x00020b48   0x00000003   PAD
    0x1000039c        -       0x00000004   Zero   RW          160    .bss.flags_32       slab_alloc.o
    0x100003a0        -       0x00000004   Zero   RW          164    .bss.flags_512      slab_alloc.o
    0x100003a4        -       0x00000004   Zero   RW          248    .bss.g_in_q         tcp_server.o
    0x100003a8        -       0x00000044   Zero   RW          104    .bss.gnetif         eth_handle.o
    0x100003ec        -       0x00000014   Zero   RW         1485    .bss.inseg          tcp_in.o
    0x10000400        -       0x00000018   Zero   RW          817    .bss.ip_data        ip.o
    0x10000418        -       0x00000004   Zero   RW         1075    .bss.lfree          mem.o
    0x1000041c        -       0x00002b1b   Zero   RW         1132    .bss.memp_memory_PBUF_POOL_base  memp.o
    0x10002f37        -       0x00000133   Zero   RW         1105    .bss.memp_memory_RAW_PCB_base  memp.o
    0x1000306a        -       0x000001e3   Zero   RW         1120    .bss.memp_memory_TCPIP_MSG_API_base  memp.o
    0x1000324d        -       0x000001e3   Zero   RW         1123    .bss.memp_memory_TCPIP_MSG_INPKT_base  memp.o
    0x10003430        -       0x00000143   Zero   RW         1108    .bss.memp_memory_UDP_PCB_base  memp.o
    0x10003573   0x00020b48   0x00000001   PAD
    0x10003574        -       0x00000004   Zero   RW         1130    .bss.memp_tab_PBUF  memp.o
    0x10003578        -       0x00000004   Zero   RW         1106    .bss.memp_tab_RAW_PCB  memp.o
    0x1000357c        -       0x00000004   Zero   RW         1124    .bss.memp_tab_TCPIP_MSG_INPKT  memp.o
    0x10003580        -       0x00000004   Zero   RW         1112    .bss.memp_tab_TCP_PCB  memp.o
    0x10003584        -       0x00000004   Zero   RW         1118    .bss.memp_tab_TCP_SEG  memp.o
    0x10003588        -       0x00000004   Zero   RW         1196    .bss.netif_default  netif.o
    0x1000358c        -       0x00000001   Zero   RW         1197    .bss.netif_num      netif.o
    0x1000358d   0x00020b48   0x00000003   PAD
    0x10003590        -       0x00002830   Zero   RW          333    .bss.os             rtx_lib.o
    0x10005dc0        -       0x00000080   Zero   RW          345    .bss.os.evflags.cb  rtx_lib.o
    0x10005e40        -       0x000001f0   Zero   RW          344    .bss.os.libspace    rtx_lib.o
    0x10006030        -       0x00000034   Zero   RW          350    .bss.os.msgqueue.cb  rtx_lib.o
    0x10006064        -       0x00000050   Zero   RW          351    .bss.os.msgqueue.mem  rtx_lib.o
    0x100060b4        -       0x000000e0   Zero   RW          346    .bss.os.mutex.cb    rtx_lib.o
    0x10006194        -       0x00000100   Zero   RW          347    .bss.os.semaphore.cb  rtx_lib.o
    0x10006294        -       0x00000088   Zero   RW          348    .bss.os.thread.cb   rtx_lib.o
    0x1000631c   0x00020b48   0x00000004   PAD
    0x10006320        -       0x00000200   Zero   RW          349    .bss.os.thread.stack  rtx_lib.o
    0x10006520        -       0x00000001   Zero   RW          352    .bss.os_kernel_is_active.os_kernel_active  rtx_lib.o
    0x10006521   0x00020b48   0x00000003   PAD
    0x10006524        -       0x00000004   Zero   RW           17    .bss.out_q          main.o
    0x10006528        -       0x00000004   Zero   RW           66    .bss.out_queue      uart_handle.o
    0x1000652c        -       0x00000004   Zero   RW          106    .bss.out_queue      eth_handle.o
    0x10006530        -       0x00000004   Zero   RW          189    .bss.out_queue      layer_void.o
    0x10006534        -       0x00000002   Zero   RW          102    .bss.ping_seq_num   eth_handle.o
    0x10006536        -       0x00000400   Zero   RW          163    .bss.pool_128       slab_alloc.o
    0x10006936        -       0x00000800   Zero   RW          165    .bss.pool_512       slab_alloc.o
    0x10007136   0x00020b48   0x00000002   PAD
    0x10007138        -       0x00000004   Zero   RW         1073    .bss.ram            mem.o
    0x1000713c        -       0x00000002   Zero   RW         1488    .bss.recv_acked     tcp_in.o
    0x1000713e   0x00020b48   0x00000002   PAD
    0x10007140        -       0x00000004   Zero   RW         1486    .bss.recv_data      tcp_in.o
    0x10007144        -       0x00000004   Zero   RW          243    .bss.send_flag      tcp_server.o
    0x10007148        -       0x00000004   Zero   RW         1481    .bss.seqno          tcp_in.o
    0x1000714c        -       0x00000004   Zero   RW         1436    .bss.tcp_active_pcbs  tcp.o
    0x10007150        -       0x00000001   Zero   RW         1442    .bss.tcp_active_pcbs_changed  tcp.o
    0x10007151   0x00020b48   0x00000003   PAD
    0x10007154        -       0x00000004   Zero   RW         1434    .bss.tcp_listen_pcbs  tcp.o
    0x10007158        -       0x00000004   Zero   RW         1443    .bss.tcp_ticks      tcp.o
    0x1000715c        -       0x00000004   Zero   RW         1477    .bss.tcphdr         tcp_in.o
    0x10007160        -       0x00000002   Zero   RW         1480    .bss.tcphdr_opt1len  tcp_in.o
    0x10007162   0x00020b48   0x00000002   PAD
    0x10007164        -       0x00000004   Zero   RW          749    .bss.tcpip_init_done  tcpip.o
    0x10007168        -       0x00000004   Zero   RW          746    .bss.tcpip_mbox     tcpip.o
    0x1000716c        -       0x00000004   Zero   RW         1583    .bss.tcpip_tcp_timer_active  timeouts.o
    0x10007170        -       0x00000004   Zero   RW         1721    .bss.tick_freq      sys_arch.o
    0x10007174        -       0x00000004   Zero   RW           62    .bss.uart_if_mtx    uart_handle.o


    Execution Region ARM_LIB_STACK (Exec base: 0x10007800, Load base: 0x00020b48, Size: 0x00000800, Max: 0x00000800, ABSOLUTE)

    Exec Addr    Load Addr    Size         Type   Attr      Idx    E Section Name        Object

    0x10007800        -       0x00000800   Zero   RW            1    ARM_LIB_STACK.bss   anon$$obj.o


    Execution Region RW_IRAM2 (Exec base: 0x2007c000, Load base: 0x00020b48, Size: 0x00002978, Max: 0x00003000, ABSOLUTE)

    Exec Addr    Load Addr    Size         Type   Attr      Idx    E Section Name        Object

    0x2007c000   0x00020b48   0x00000004   Data   RW         2443    .data               c_w.l(streamlock.o)
    0x2007c004   0x00020b4c   0x00000004   Data   RW         2448    .data               c_w.l(stdio_streams.o)
    0x2007c008   0x00020b50   0x00000004   Data   RW          677    .data.SystemCoreClock  system_lpc17xx.o
    0x2007c00c   0x00020b54   0x00000003   Data   RW          930    .data.dhcp_discover_request_options  dhcp.o
    0x2007c00f   0x00020b57   0x00000010   Data   RW          187    .data.ip            layer_void.o
    0x2007c01f   0x00020b67   0x00000001   PAD
    0x2007c020   0x00020b68   0x00000004   Data   RW         1447    .data.tcp_next_iss.iss  tcp.o
    0x2007c024   0x00020b6c   0x00000004   PAD
    0x2007c028        -       0x00000054   Zero   RW         2444    .bss                c_w.l(stdio_streams.o)
    0x2007c07c        -       0x00000054   Zero   RW         2446    .bss                c_w.l(stdio_streams.o)
    0x2007c0d0        -       0x00000004   Zero   RW          619    .bss.Init_cnt       gpdma_lpc17xx.o
    0x2007c0d4        -       0x0000000c   Zero   RW          389    .bss.PHY            phy_dp83848c.o
    0x2007c0e0        -       0x00000004   Zero   RW         1482    .bss.ackno          tcp_in.o
    0x2007c0e4        -       0x000000f0   Zero   RW          974    .bss.arp_table      etharp.o
    0x2007c1d4        -       0x00000004   Zero   RW          934    .bss.dhcp_create_msg.xid  dhcp.o
    0x2007c1d8        -       0x00000001   Zero   RW          931    .bss.dhcp_pcb_refcount  dhcp.o
    0x2007c1d9   0x00020b6c   0x00000003   PAD
    0x2007c1dc        -       0x00000020   Zero   RW          933    .bss.dhcp_rx_options_val  dhcp.o
    0x2007c1fc        -       0x00000004   Zero   RW          162    .bss.flags_128      slab_alloc.o
    0x2007c200        -       0x00000004   Zero   RW          166    .bss.flags_2k       slab_alloc.o
    0x2007c204        -       0x00000004   Zero   RW          100    .bss.icmp_pcb       eth_handle.o
    0x2007c208        -       0x00000004   Zero   RW           16    .bss.in_q           main.o
    0x2007c20c        -       0x00000004   Zero   RW           65    .bss.in_queue       uart_handle.o
    0x2007c210        -       0x00000004   Zero   RW          105    .bss.in_queue       eth_handle.o
    0x2007c214        -       0x00000004   Zero   RW          190    .bss.in_queue       layer_void.o
    0x2007c218        -       0x00000010   Zero   RW         1040    .bss.ip4addr_ntoa.str  ip4_addr.o
    0x2007c228        -       0x00000002   Zero   RW         1015    .bss.ip_id          ip4.o
    0x2007c22a   0x00020b6c   0x00000002   PAD
    0x2007c22c        -       0x00000004   Zero   RW          748    .bss.lock_tcpip_core  tcpip.o
    0x2007c230        -       0x00000004   Zero   RW         1076    .bss.mem_mutex      mem.o
    0x2007c234        -       0x000001e3   Zero   RW         1129    .bss.memp_memory_PBUF_base  memp.o
    0x2007c417        -       0x00000143   Zero   RW         1126    .bss.memp_memory_SYS_TIMEOUT_base  memp.o
    0x2007c55a        -       0x000000a3   Zero   RW         1114    .bss.memp_memory_TCP_PCB_LISTEN_base  memp.o
    0x2007c5fd        -       0x00000343   Zero   RW         1111    .bss.memp_memory_TCP_PCB_base  memp.o
    0x2007c940        -       0x00000303   Zero   RW         1117    .bss.memp_memory_TCP_SEG_base  memp.o
    0x2007cc43   0x00020b6c   0x00000001   PAD
    0x2007cc44        -       0x00000004   Zero   RW         1133    .bss.memp_tab_PBUF_POOL  memp.o
    0x2007cc48        -       0x00000004   Zero   RW         1127    .bss.memp_tab_SYS_TIMEOUT  memp.o
    0x2007cc4c        -       0x00000004   Zero   RW         1121    .bss.memp_tab_TCPIP_MSG_API  memp.o
    0x2007cc50        -       0x00000004   Zero   RW         1115    .bss.memp_tab_TCP_PCB_LISTEN  memp.o
    0x2007cc54        -       0x00000004   Zero   RW         1109    .bss.memp_tab_UDP_PCB  memp.o
    0x2007cc58        -       0x00000004   Zero   RW         1584    .bss.next_timeout   timeouts.o
    0x2007cc5c        -       0x00000400   Zero   RW          161    .bss.pool_32        slab_alloc.o
    0x2007d05c        -       0x00000004   Zero   RW         1074    .bss.ram_end        mem.o
    0x2007d060        -       0x00001813   Zero   RW         1072    .bss.ram_heap       mem.o
    0x2007e873   0x00020b6c   0x00000001   PAD
    0x2007e874        -       0x00000004   Zero   RW         1309    .bss.raw_pcbs       raw.o
    0x2007e878        -       0x00000001   Zero   RW         1487    .bss.recv_flags     tcp_in.o
    0x2007e879   0x00020b6c   0x00000003   PAD
    0x2007e87c        -       0x00000004   Zero   RW          242    .bss.rx_backlog     tcp_server.o
    0x2007e880        -       0x00000004   Zero   RW          245    .bss.server_pcb     tcp_server.o
    0x2007e884   0x00020b6c   0x00000004   PAD
    0x2007e888        -       0x00000040   Zero   RW          169    .bss.slab_mutex_cb  slab_alloc.o
    0x2007e8c8        -       0x00000004   Zero   RW          159    .bss.slab_mutex_id  slab_alloc.o
    0x2007e8cc        -       0x00000004   Zero   RW         1435    .bss.tcp_bound_pcbs  tcp.o
    0x2007e8d0        -       0x00000004   Zero   RW         1489    .bss.tcp_input_pcb  tcp_in.o
    0x2007e8d4        -       0x00000002   Zero   RW         1490    .bss.tcp_optidx     tcp_in.o
    0x2007e8d6        -       0x00000001   Zero   RW         1441    .bss.tcp_timer      tcp.o
    0x2007e8d7        -       0x00000001   Zero   RW         1444    .bss.tcp_timer_ctr  tcp.o
    0x2007e8d8        -       0x00000004   Zero   RW         1437    .bss.tcp_tw_pcbs    tcp.o
    0x2007e8dc        -       0x00000004   Zero   RW         1479    .bss.tcphdr_opt2    tcp_in.o
    0x2007e8e0        -       0x00000002   Zero   RW         1478    .bss.tcphdr_optlen  tcp_in.o
    0x2007e8e2   0x00020b6c   0x00000002   PAD
    0x2007e8e4        -       0x00000004   Zero   RW          750    .bss.tcpip_init_done_arg  tcpip.o
    0x2007e8e8        -       0x00000002   Zero   RW         1484    .bss.tcplen         tcp_in.o
    0x2007e8ea   0x00020b6c   0x00000002   PAD
    0x2007e8ec        -       0x00000004   Zero   RW           61    .bss.uart_flags     uart_handle.o
    0x2007e8f0        -       0x00000080   Zero   RW           64    .bss.uart_worker.in_buffer  uart_handle.o
    0x2007e970        -       0x00000004   Zero   RW         1629    .bss.udp_pcbs       udp.o
    0x2007e974        -       0x00000001   Zero   RW          244    .bss.volatile_send_status  tcp_server.o


    Execution Region ARM_LIB_HEAP (Exec base: 0x2007f000, Load base: 0x00020b70, Size: 0x00001000, Max: 0x00001000, ABSOLUTE)

    Exec Addr    Load Addr    Size         Type   Attr      Idx    E Section Name        Object

    0x2007f000        -       0x00001000   Zero   RW            2    ARM_LIB_HEAP.bss    anon$$obj.o


    Execution Region RW_EMAC_CTRL (Exec base: 0x20080000, Load base: 0x00020b70, Size: 0x0000008c, Max: 0x00000100, ABSOLUTE)

    Exec Addr    Load Addr    Size         Type   Attr      Idx    E Section Name        Object

    0x20080000   0x00020b70   0x00000014   Data   RW          458    .data.eth_pins      emac_lpc17xx.o
    0x20080014   0x00020b84   0x00000004   Data   RW          453    .data.iap_entry     emac_lpc17xx.o
    0x20080018        -       0x00000020   Zero   RW          460    .bss.Rx_Desc        emac_lpc17xx.o
    0x20080038        -       0x00000020   Zero   RW          461    .bss.Rx_Stat        emac_lpc17xx.o
    0x20080058        -       0x00000018   Zero   RW          463    .bss.Tx_Desc        emac_lpc17xx.o
    0x20080070        -       0x0000000c   Zero   RW          464    .bss.Tx_Stat        emac_lpc17xx.o
    0x2008007c        -       0x00000010   Zero   RW          454    .bss.emac_control   emac_lpc17xx.o


    Execution Region RW_AHB_BUFFERS (Exec base: 0x20080100, Load base: 0x00020b88, Size: 0x00003a00, Max: 0x00003f00, ABSOLUTE)

    Exec Addr    Load Addr    Size         Type   Attr      Idx    E Section Name        Object

    0x20080100        -       0x00001000   Zero   RW          167    .bss.pool_2k        slab_alloc.o
    0x20081100        -       0x00001800   Zero   RW          459    .bss.rx_buf         emac_lpc17xx.o
    0x20082900        -       0x00001200   Zero   RW          462    .bss.tx_buf         emac_lpc17xx.o


==============================================================================

Image component sizes


      Code (inc. data)   RO Data    RW Data    ZI Data      Debug   Object Name

      1420          0        143          0          0       6254   acd.o
       186          0          0          0          0        998   command.o
        48          0          0          0          0       2860   def.o
      8562         60       1460          3         49      20550   dhcp.o
      4956         12         68         24      10868      16315   emac_lpc17xx.o
      1790          0        623          0         86       9303   eth_handle.o
      4828          0        681          0        240      11332   etharp.o
       564          0        322          0          0       3780   ethernet.o
      1088          0         95          0         16       8208   ethernetif.o
      1810          0          0          0        168       7273   gpdma_lpc17xx.o
       208          0          0          0          0       3702   gpio_lpc17xx.o
      1186          0        342          0          0       5224   icmp.o
       148          0         30          0          0       3602   if_dispatcher.o
       668          0          0          0          0       4180   inet_chksum.o
        48          0          0          0          0        566   init.o
         0          0          0          0         24       2604   ip.o
      2026          0        740          0          2       7396   ip4.o
      1110          6        105          0         16       4647   ip4_addr.o
       608          4         64         16          8       4523   layer_void.o
       300          0          8          0          0       1977   led_open1768.o
       746          0        118          0         12       5062   main.o
      3174          0        757          0       6179       6442   mem.o
       672          0        558          0      15246       5525   memp.o
      1558          0        310          0          5       8717   netif.o
      3986          0       1009          0          0      13501   pbuf.o
       938          0         32          0         12       3586   phy_dp83848c.o
       292          0          0          0          0       2269   pin_lpc17xx.o
      1622          0        317          0          4       7612   raw.o
        42          0          0          0          0        708   retarget.o
       584          0         46          0          0       2444   retarget_io.o
         8          0          0          0          0        726   rtx_config.o
       340          0        260         72      12173       7549   rtx_lib.o
      1022          4         35          0       8276       3607   slab_alloc.o
        40         12        204          0          0       1036   startup_lpc17xx.o
       574          0         17          0          0       1704   string_extra.o
       726          0         16          0          4       6983   sys_arch.o
       854          8          0          4          0       2408   system_lpc17xx.o
     10320          0       1954          6         23      23366   tcp.o
     10082         16        987          0         56      14008   tcp_in.o
     10504          0       2121          0          0      19318   tcp_out.o
      1974          0          0          0         21       9694   tcp_server.o
      1074          6        257          0         16       9374   tcpip.o
      1206          0        366          0         12       4518   timeouts.o
      1222          0         43          0        144       6804   uart_handle.o
      8164         56        464          0         52      20926   uart_lpc17xx.o
       692          0        142          0          0       2319   uart_parser.o
       720          0        130          0          0       2761   uart_serializer.o
      3216          0        669          2          4      10315   udp.o

    ----------------------------------------------------------------------
     98352        184      15612        128      59908     328576   Object Totals
         0          0        112          0       6144          0   (incl. Generated)
       446          0          7          1         48          0   (incl. Padding)

    ----------------------------------------------------------------------

      Code (inc. data)   RO Data    RW Data    ZI Data      Debug   Library Member Name

       148         10          0          0          0        484   irq_cm3.o
       158         24          0          0          1       3108   os_systick.o
        56          4          0          0          0       2838   rtx_delay.o
       892         24          0          0          0      13364   rtx_evflags.o
       950         64         11        164          0      17132   rtx_kernel.o
       264          0          0          0          0       2403   rtx_memory.o
       202          0          0          0          0      16408   rtx_mempool.o
      1364         24          0          0          0      18781   rtx_msgqueue.o
       846         28          0          0          0       9465   rtx_mutex.o
       574         24          0          0          0      10965   rtx_semaphore.o
       364         18          0          0          0       5417   rtx_system.o
      1640         60          0          0          0      32225   rtx_thread.o
       228         20          0          0          0      10252   rtx_timer.o
        58          0          0          0          0          0   __dczerorl.o
         8          0          0          0          0         68   __main.o
       392          4         17          0          0         92   __printf_flags_ss_wp.o
        14          0          0          0          0         68   __printf_wp.o
         0          0          0          0          0          0   __rtentry.o
        20          0          0          0          0          0   __rtentry2.o
         8          4          0          0          0          0   __rtentry7.o
        52          8          0          0          0          0   __scatter.o
        26          0          0          0          0          0   __scatter_copy.o
        28          0          0          0          0          0   __scatter_zi.o
        72          0          0          0          0         96   _c16rtomb.o
        28          0          0          0          0         68   _chval.o
         6          0          0          0          0          0   _printf_a.o
         6          0          0          0          0          0   _printf_c.o
        44          0          0          0          0        108   _printf_char.o
        48          6          0          0          0         96   _printf_char_common.o
        64          6          0          0          0         84   _printf_char_file_locked.o
        40          0          0          0          0         68   _printf_charcount.o
         6          0          0          0          0          0   _printf_d.o
       120         16          0          0          0         92   _printf_dec.o
         6          0          0          0          0          0   _printf_e.o
         6          0          0          0          0          0   _printf_f.o
      1052          0          0          0          0        148   _printf_fp_dec.o
       764          8         38          0          0        100   _printf_fp_hex.o
       128         16          0          0          0         84   _printf_fp_infnan.o
         6          0          0          0          0          0   _printf_g.o
       148          4         40          0          0        160   _printf_hex_int_ll_ptr.o
         6          0          0          0          0          0   _printf_i.o
       178          0          0          0          0         88   _printf_intcommon.o
        10          0          0          0          0          0   _printf_l.o
         6          0          0          0          0          0   _printf_lc.o
        10          0          0          0          0          0   _printf_ll.o
         6          0          0          0          0          0   _printf_lld.o
         6          0          0          0          0          0   _printf_lli.o
         6          0          0          0          0          0   _printf_llo.o
         6          0          0          0          0          0   _printf_llu.o
         6          0          0          0          0          0   _printf_llx.o
       124         16          0          0          0         92   _printf_longlong_dec.o
         6          0          0          0          0          0   _printf_ls.o
         6          0          0          0          0          0   _printf_n.o
         6          0          0          0          0          0   _printf_o.o
       112          8          0          0          0        124   _printf_oct_int_ll.o
         6          0          0          0          0          0   _printf_p.o
        78          0          0          0          0        108   _printf_pad.o
         0          0          0          0          0          0   _printf_percent.o
         4          0          0          0          0          0   _printf_percent_end.o
         6          0          0          0          0          0   _printf_s.o
        82          0          0          0          0         80   _printf_str.o
        36          0          0          0          0         84   _printf_truncate.o
         6          0          0          0          0          0   _printf_u.o
        44          0          0          0          0        108   _printf_wchar.o
       188          6          8          0          0         92   _printf_wctomb.o
         6          0          0          0          0          0   _printf_x.o
        16          0          0          0          0         68   _snputc.o
        10          0          0          0          0         68   _sputc.o
       158          0          0          0          0         92   _strtoul.o
        22          0          0          0          0         80   abort.o
       228          4        148          0          0         96   bigflt0.o
      1936        128          0          0          0        668   btod.o
        48         34          0          0          0         76   defsig_abrt_inner.o
        14          0          0          0          0         80   defsig_abrt_outer.o
        10          0          0          0          0         68   defsig_exit.o
        50          0          0          0          0         88   defsig_general.o
        80         58          0          0          0         76   defsig_rtmem_inner.o
        14          0          0          0          0         80   defsig_rtmem_outer.o
        52         38          0          0          0         76   defsig_rtred_inner.o
        14          0          0          0          0         80   defsig_rtred_outer.o
        18          0          0          0          0         80   exit.o
        76          0          0          0          0         88   fclose.o
       144         10          0          0          0        128   fflush_locked.o
       482          0          0          0          0         92   flsbuf.o
       332         10          0          0          0        152   fopen_locked.o
        28          0          0          0          0         68   fputc.o
       248          6          0          0          0         84   fseek.o
        66          0          0          0          0         76   ftell.o
       166          0          0          0          0        144   h1_alloc_threads.o
        82          0          0          0          0        104   h1_extend_threads.o
        10          0          0          0          0         76   h1_final_threads.o
       118          0          0          0          0        108   h1_free_threads.o
        18          0          0          0          0         84   h1_init_threads.o
         4          0          0          0          0        136   hguard.o
         0          0          0          0          0          0   indicate_semi.o
       138          0          0          0          0        168   init_alloc.o
       456         48          0          0          0        116   initio_locked.o
        44         10        272          0          0         76   lc_ctype_c.o
        44         10         28          0          0         76   lc_numeric_c.o
         2          0          0          0          0          0   libinit.o
        38          0          0          0          0          0   libinit2.o
        16          8          0          0          0          0   libinit5.o
         2          0          0          0          0          0   libshutdown.o
        10          0          0          0          0          0   libshutdown2.o
         8          4          0          0         96         68   libspace.o
       138          0          0          0          0         80   lludiv10.o
       240          0          0          0          0        100   lludivv7m.o
         0          0          0          0          0          0   maybetermalloc2.o
        88          0          0          0          0         76   memcmp.o
        24          4          0          0          0         84   printf.o
       112         18          0          0        228        160   rand.o
        16          4          0          0          0         76   rt_ctype_table.o
         4          0          0          0          0         68   rt_errno_addr_twolibspace.o
        10          0          0          0          0         76   rt_heap_descriptor_twolibspace.o
        10          0          0          0          0         76   rt_locale_twolibspace.o
        68          0          0          0          0         68   rt_memclr.o
        78          0          0          0          0         80   rt_memclr_w.o
       138          0          0          0          0         68   rt_memcpy_v6.o
       100          0          0          0          0         80   rt_memcpy_w.o
         2          0          0          0          0          0   rtexit.o
        10          0          0          0          0          0   rtexit2.o
       104          0          0          0          0         88   setvbuf_locked.o
        64          6          0          0          0         84   snprintf.o
        44          6          0          0          0         84   sprintf.o
       264          6          0          0          0        160   stdio.o
         0          0          0         12        252          0   stdio_streams.o
       128          0          0          0          0         68   strcmpv7m.o
        72          0          0          0          0         80   strcpy.o
        32          0          0          0          0         80   strcspn.o
         0          0          0          4          0          0   streamlock.o
        62          0          0          0          0         76   strlen.o
        36          0          0          0          0         76   strncat.o
        28          0          0          0          0         80   strspn.o
        68          4          0          0          0         84   strtok_int.o
         4          0          0          0          0         68   strtok_r.o
       112          0          0          0          0         88   strtol.o
        12          4          0          0          0         68   sys_exit.o
        14          0          0          0          0         76   sys_wrch.o
        16          0          0          0          0         80   term_alloc.o
         2          0          0          0          0         68   use_no_semi.o
         4          0          0          0          0         68   printf1.o
         4          0          0          0          0         68   printf2.o
         0          0          0          0          0          0   usenofp.o
        40          0          0          0          0         68   fpclassify.o

    ----------------------------------------------------------------------
     19180        822        564        180        580     151274   Library Totals
        44          0          2          0          3          0   (incl. Padding)

    ----------------------------------------------------------------------

      Code (inc. data)   RO Data    RW Data    ZI Data      Debug   Library Name

      7686        300         11        164          1     142842   RTX_CM3.lib
     11402        522        551         16        576       8228   c_w.l
         8          0          0          0          0        136   fz_ws.l
        40          0          0          0          0         68   m_ws.l

    ----------------------------------------------------------------------
     19180        822        564        180        580     151274   Library Totals

    ----------------------------------------------------------------------

==============================================================================


      Code (inc. data)   RO Data    RW Data    ZI Data      Debug   

    117532       1006      16176        308      60488     474054   Grand Totals
    117532       1006      16176        308      60488     474054   ELF Image Totals
    117532       1006      16176        308          0          0   ROM Totals

==============================================================================

    Total RO  Size (Code + RO Data)               133708 ( 130.57kB)
    Total RW  Size (RW Data + ZI Data)             60796 (  59.37kB)
    Total ROM Size (Code + RO Data + RW Data)     134016 ( 130.88kB)

==============================================================================

